***** External Functions *****
1    AdminAskPath                                       iswi.obl(AdminAskPath.obs)
2    AllFeaturesDeselected                              iswi.obl(CompHelperFuncs.obs)
3    AskOptions                                         isrt.obl(AskOptionsDlg.obs)
4    AskYesNo                                           isrt.obl(AskYesNo.obs)
5    CHECK_RETURN                                       iswi.obl(ErrHandler.obs)
6    ChangeDirectory                                    isrt.obl(Files.obs)
7    CloseFile                                          isrt.obl(Files.obs)
8    CmdGetHwndDlg                                      isrt.obl(CustomDialog.obs)
9    ComponentAddFileToLog                              isrt.obl(component.obs)
10   ComponentErrorInfo                                 isrt.obl(component.obs)
11   ComponentFilterLanguage                            isrt.obl(component.obs)
12   ComponentFilterOS                                  isrt.obl(component.obs)
13   ComponentGetTotalCost                              isrt.obl(component.obs)
14   ComponentIsItemSelected                            isrt.obl(component.obs)
15   ComponentListItems                                 isrt.obl(component.obs)
16   ComponentReinstall                                 isrt.obl(component.obs)
17   ComponentRemoveAll                                 isrt.obl(component.obs)
18   ComponentSaveTarget                                isrt.obl(component.obs)
19   ComponentSelectItem                                isrt.obl(component.obs)
20   ComponentSetTarget                                 isrt.obl(component.obs)
21   ComponentSetupTypeEnum                             isrt.obl(component.obs)
22   ComponentSetupTypeGetData                          isrt.obl(component.obs)
23   ComponentSetupTypeSet                              isrt.obl(component.obs)
24   ComponentTransferData                              isrt.obl(component.obs)
25   ComponentTreeInit                                  isrt.obl(Dialogs.obs)
26   ComponentViewCreate                                isrt.obl(CmptView.obs)
27   CreateDir                                          isrt.obl(Files.obs)
28   CreateFile                                         isrt.obl(Files.obs)
29   CreateInstallationInfo                             isrt.obl(Registry.obs)
30   CreateObject                                       isrt.obl(Misc.obs)
31   CreateRegistrySet                                  iswi.obl(ComponentConv.obs)
32   CtrlGetCurSel                                      isrt.obl(CustomDialog.obs)
33   CtrlGetState                                       isrt.obl(CustomDialog.obs)
34   CtrlGetSubCommand                                  isrt.obl(CustomDialog.obs)
35   CtrlGetText                                        isrt.obl(CustomDialog.obs)
36   CtrlSelectText                                     isrt.obl(CustomDialog.obs)
37   CtrlSetCurSel                                      isrt.obl(CustomDialog.obs)
38   CtrlSetList                                        isrt.obl(CustomDialog.obs)
39   CtrlSetMLEText                                     isrt.obl(CustomDialog.obs)
40   CtrlSetState                                       isrt.obl(CustomDialog.obs)
41   CtrlSetText                                        isrt.obl(CustomDialog.obs)
42   DefineDialog                                       isrt.obl(CustomDialog.obs)
43   DeleteDir                                          isrt.obl(Files.obs)
44   DeleteFile                                         isrt.obl(Files.obs)
45   DialogSetDefaultFont                               isrt.obl(Dialogs.obs)
46   DialogSetFont                                      isrt.obl(Dialogs.obs)
47   DialogSetInfo                                      isrt.obl(Dialogs.obs)
48   Disable                                            isrt.obl(Enable.obs)
49   DllSizeOf                                          isrt.obl(Str.obs)
50   Do                                                 isrt.obl(Misc.obs)
51   Enable                                             isrt.obl(Enable.obs)
52   EndCurrentDialog                                   isrt.obl(Dialogs.obs)
53   EndDialog                                          isrt.obl(CustomDialog.obs)
54   EnterPassword                                      isrt.obl(EnterPasswordDlg.obs)
55   ExistsDir                                          isrt.obl(Files.obs)
56   EzDefineDialog                                     isrt.obl(CustomDialog.obs)
57   FeatureAddFileToLog                                iswi.obl(FeatureConv.obs)
58   FeatureErrorInfo                                   iswi.obl(ComponentConv.obs)
59   FeatureFilterLanguage                              iswi.obl(ComponentConv.obs)
60   FeatureFilterOS                                    iswi.obl(ComponentConv.obs)
61   FeatureGetTotalCost                                iswi.obl(FeatureConv.obs)
62   FeatureIsItemSelected                              iswi.obl(ComponentConv.obs)
63   FeatureListItems                                   iswi.obl(ComponentConv.obs)
64   FeaturePatch                                       iswi.obl(FeatureConv.obs)
65   FeatureReinstall                                   iswi.obl(ComponentConv.obs)
66   FeatureRemoveAll                                   iswi.obl(ComponentConv.obs)
67   FeatureSaveTarget                                  iswi.obl(FeatureConv.obs)
68   FeatureSelectItem                                  iswi.obl(ComponentConv.obs)
69   FeatureSelectNew                                   iswi.obl(FeatureConv.obs)
70   FeatureSetTarget                                   iswi.obl(ComponentConv.obs)
71   FeatureSetupTypeEnum                               iswi.obl(FeatureConv.obs)
72   FeatureSetupTypeGetData                            iswi.obl(ComponentConv.obs)
73   FeatureSetupTypeSet                                iswi.obl(ComponentConv.obs)
74   FeatureTransferData                                iswi.obl(ComponentConv.obs)
75   FeatureValidate                                    iswi.obl(ComponentConv.obs)
76   FeaturesInstalled                                  iswi.obl(FileTransferFuncsConv.obs)
77   FeaturesInstalling                                 iswi.obl(FileTransferFuncsConv.obs)
78   FileGrep                                           isrt.obl(Files.obs)
79   FileInsertLine                                     isrt.obl(Files.obs)
80   FinalConstruct                                     ifx.obl(EventsPriv.obs)
81   FinalRelease                                       ifx.obl(EventsPriv.obs)
82   FindAllDirs                                        isrt.obl(Files.obs)
83   FindFile                                           isrt.obl(Files.obs)
84   FindWindow                                         isrt.obl(Misc.obs)
85   FixUpCmdLine                                       iswi.obl(HelperFuncs.obs)
86   FixUpCmdLinePostReboot                             iswi.obl(HelperFuncs.obs)
87   FormatMessage                                      isrt.obl(Misc.obs)
88   GDI32.CreateRectRgn                                Setup.obs
89   GDI32.GetDeviceCaps                                Setup.obs
90   GeneratedMSIScript                                 iswi.obl(FileTransferFuncsConv.obs)
91   GeneratingMSIScript                                iswi.obl(FileTransferFuncsConv.obs)
92   GetBillboard                                       isrt.obl(SysVars.obs)
93   GetCommonFiles                                     isrt.obl(SysVars.obs)
94   GetComponentsFeatures                              iswi.obl(CompHelperFuncs.obs)
95   GetCurrentDialogName                               isrt.obl(Dialogs.obs)
96   GetDialogTitle                                     isrt.obl(Dialogs.obs)
97   GetDir                                             isrt.obl(Str.obs)
98   GetDisk                                            isrt.obl(Str.obs)
99   GetDiskSpace                                       isrt.obl(GSI.obs)
100  GetDiskSpaceEx                                     isrt.obl(GSI.obs)
101  GetEnabledIServices                                isrt.obl(SysVars.obs)
102  GetEngineDir                                       isrt.obl(SysVars.obs)
103  GetExtents                                         isrt.obl(GSI.obs)
104  GetISRes                                           isrt.obl(SysVars.obs)
105  GetInstanceGUID                                    isrt.obl(SysVars.obs)
106  GetLog                                             isrt.obl(SysVars.obs)
107  GetMSIFeatureName                                  iswi.obl(CompHelperFuncs.obs)
108  GetMaintOption                                     isrt.obl(SysVars.obs)
109  GetMaintenance                                     iswi.obl(ISWiInit.obs)
110  GetMsiFeaturePath                                  iswi.obl(CompHelperFuncs.obs)
111  GetMsiNameFromAliasTable                           iswi.obl(CompHelperFuncs.obs)
112  GetOpenFileMode                                    isrt.obl(Files.obs)
113  GetPackageLocation                                 isrt.obl(SysVars.obs)
114  GetProductGUID                                     iswi.obl(ISWiInit.obs)
115  GetProfSectionKeyCount                             isrt.obl(Profile.obs)
116  GetProfString                                      isrt.obl(Profile.obs)
117  GetProfStringList                                  isrt.obl(Profile.obs)
118  GetProgramFiles                                    isrt.obl(SysVars.obs)
119  GetRemoveAllMode                                   isrt.obl(SysVars.obs)
120  GetSelectedLanguage                                isrt.obl(SysVars.obs)
121  GetShowPasswordDialog                              isrt.obl(SysVars.obs)
122  GetSupportDir                                      isrt.obl(SysVars.obs)
123  GetSystemInfo                                      isrt.obl(GSI.obs)
124  GetTempFolder                                      isrt.obl(SysVars.obs)
125  GetUpdateStatus                                    iswi.obl(HelperFuncs.obs)
126  GetUpdateStatusReboot                              iswi.obl(HelperFuncs.obs)
127  GetValidDrivesList                                 isrt.obl(GSI.obs)
128  GetWinDir                                          isrt.obl(SysVars.obs)
129  GetWinSysDir                                       isrt.obl(SysVars.obs)
130  GetWindowHandle                                    iswi.obl(MiscConv.obs)
131  HIWORD                                             isrt.obl(Misc.obs)
132  ISDeterminePlatform                                isrt.obl(OsInfo.obs)
133  ISMIF32.InstallStatusMIF                           isrt.obl(MIF.obs)
134  ISRT.ComponentViewCreateWindow                     isrt.obl(CmptView.obs)
135  ISRT.ComponentViewDestroy                          isrt.obl(CmptView.obs)
136  ISRT.ComponentViewRefresh                          isrt.obl(CmptView.obs)
137  ISRT.ComponentViewSelectAll                        isrt.obl(CmptView.obs)
138  ISRT.ComponentViewSetInfo                          isrt.obl(CmptView.obs)
139  ISRT.ComponentViewSetInfoEx                        isrt.obl(Dialogs.obs)
140  ISRT.EnableHourGlass                               isrt.obl(Enable.obs)
141  ISRT.GetCPUType                                    isrt.obl(GSI.obs)
142  ISRT.GetFontSub                                    isrt.obl(Dialogs.obs)
143  ISRT.GetHandle                                     Setup.obs
144  ISRT.GetPorts                                      isrt.obl(GSI.obs)
145  ISRT.IsEmpty                                       Setup.obs
146  ISRT.IsNTAdmin                                     isrt.obl(Is.obs)
147  ISRT.IsObject                                      Setup.obs
148  ISRT.IsPowerUser                                   isrt.obl(Is.obs)
149  ISRT.LangLoadString                                isrt.obl(SDINT.obs)
150  ISRT.MessageBeepP                                  Setup.obs
151  ISRT.PathCompactPathPixel                          isrt.obl(CustomDialog.obs)
152  ISRT.PathGetDir                                    isrt.obl(Str.obs)
153  ISRT.PathGetDrive                                  isrt.obl(Str.obs)
154  ISRT.PathGetFile                                   isrt.obl(Files.obs)
155  ISRT.PathGetFileExt                                isrt.obl(Str.obs)
156  ISRT.PathGetFileName                               isrt.obl(Str.obs)
157  ISRT.PathGetLongFromShort                          isrt.obl(Str.obs)
158  ISRT.PathGetPath                                   isrt.obl(Str.obs)
159  ISRT.PathGetSpecialFolder                          isrt.obl(SysVars.obs)
160  ISRT.PathIsValidSyntax                             isrt.obl(Is.obs)
161  ISRT._BrowseForFolder                              isrt.obl(SelectDir.obs)
162  ISRT._CleanupInet                                  isrt.obl(MIO.obs)
163  ISRT._CloseFile                                    isrt.obl(Files.obs)
164  ISRT._CmdGetHwndDlg                                isrt.obl(CustomDialog.obs)
165  ISRT._ComponentGetTotalCost                        iswi.obl(FeatureConv.obs)
166  ISRT._ComponentPatch                               iswi.obl(FeatureConv.obs)
167  ISRT._ComponentSaveTarget                          iswi.obl(FeatureConv.obs)
168  ISRT._ComponentSelectNew                           iswi.obl(FeatureConv.obs)
169  ISRT._ComponentSetupTypeEnum                       iswi.obl(FeatureConv.obs)
170  ISRT._ComponentViewCreate                          isrt.obl(CmptView.obs)
171  ISRT._CreateDir                                    isrt.obl(Files.obs)
172  ISRT._CreateObject                                 isrt.obl(Misc.obs)
173  ISRT._CtrlGetSubCommand                            isrt.obl(CustomDialog.obs)
174  ISRT._DefineDialog                                 isrt.obl(CustomDialog.obs)
175  ISRT._DialogSetFont                                isrt.obl(Dialogs.obs)
176  ISRT._DisableStatus                                isrt.obl(Enable.obs)
177  ISRT._DoSprintf                                    iswi.obl(HelperFuncs.obs)
178  ISRT._EnableDialogCache                            isrt.obl(Enable.obs)
179  ISRT._EnablePrevDialog                             iswi.obl(AdminAskPath.obs)
180  ISRT._EnableSkins                                  isrt.obl(Enable.obs)
181  ISRT._EnableStatus                                 isrt.obl(Enable.obs)
182  ISRT._EndDialog                                    isrt.obl(CustomDialog.obs)
183  ISRT._ExistsDir                                    isrt.obl(Files.obs)
184  ISRT._ExistsFile                                   isrt.obl(Files.obs)
185  ISRT._GetCurrentDialogName                         isrt.obl(Dialogs.obs)
186  ISRT._GetDiskSpaceEx                               isrt.obl(GSI.obs)
187  ISRT._GetGlobalMemorySize                          isrt.obl(GSI.obs)
188  ISRT._GetSupportDir                                isrt.obl(SysVars.obs)
189  ISRT._InetEndofTransfer                            isrt.obl(iftw.obs)
190  ISRT._InetGetNextDisk                              isrt.obl(iftw.obs)
191  ISRT._IsSkinLoaded                                 isrt.obl(Is.obs)
192  ISRT._IsWindowsME                                  isrt.obl(GSI.obs)
193  ISRT._ListAddItem                                  isrt.obl(scrlist.obs)
194  ISRT._ListAddString                                isrt.obl(scrlist.obs)
195  ISRT._ListCount                                    isrt.obl(scrlist.obs)
196  ISRT._ListCreate                                   isrt.obl(scrlist.obs)
197  ISRT._ListCurrentString                            isrt.obl(scrlist.obs)
198  ISRT._ListDeleteString                             isrt.obl(scrlist.obs)
199  ISRT._ListDestroy                                  isrt.obl(scrlist.obs)
200  ISRT._ListFindString                               isrt.obl(scrlist.obs)
201  ISRT._ListGetFirstItem                             isrt.obl(scrlist.obs)
202  ISRT._ListGetFirstString                           isrt.obl(scrlist.obs)
203  ISRT._ListGetNextItem                              isrt.obl(scrlist.obs)
204  ISRT._ListGetNextString                            isrt.obl(scrlist.obs)
205  ISRT._ListGetType                                  isrt.obl(scrlist.obs)
206  ISRT._ListReadFromFile                             isrt.obl(scrlist.obs)
207  ISRT._ListSetIndex                                 isrt.obl(scrlist.obs)
208  ISRT._ListWriteToFile                              isrt.obl(scrlist.obs)
209  ISRT._MediaGetInfo                                 iswi.obl(FeatureConv.obs)
210  ISRT._OpenFile                                     isrt.obl(Files.obs)
211  ISRT._Preprogram                                   Setup.obs
212  ISRT._Rebooted                                     Setup.obs
213  ISRT._RegCreateKey                                 isrt.obl(Registry.obs)
214  ISRT._RegEnum                                      isrt.obl(Registry.obs)
215  ISRT._RegExistsKey                                 isrt.obl(Registry.obs)
216  ISRT._RegQueryKeyBinaryValue                       isrt.obl(Registry.obs)
217  ISRT._RegQueryKeyValue                             isrt.obl(Registry.obs)
218  ISRT._RegSetKeyBinaryValue                         isrt.obl(Registry.obs)
219  ISRT._RegSetKeyValue                               isrt.obl(Registry.obs)
220  ISRT._ReleaseDialog                                isrt.obl(CustomDialog.obs)
221  ISRT._SdShowMsg                                    isrt.obl(SDSMSG.obs)
222  ISRT._SetAltMainImage                              isrt.obl(Dialogs.obs)
223  ISRT._SetDisplayEffect                             isrt.obl(ui.obs)
224  ISRT._SetPaletteFile                               isrt.obl(MIO.obs)
225  ISRT._SetTitle                                     isrt.obl(ui.obs)
226  ISRT._SetupInet                                    isrt.obl(MIO.obs)
227  ISRT._SetupTraceWrite                              isrt.obl(Misc.obs)
228  ISRT._StatusUpdate                                 isrt.obl(ui.obs)
229  ISRT._WaitOnDialog                                 isrt.obl(CustomDialog.obs)
230  ISRT._WriteLine                                    isrt.obl(Files.obs)
231  ISRT.__CreateObjectContext                         isrt.obl(ISRTInit.obs)
232  ISRT.__GetCmdLineOptions                           isrt.obl(ISRTInit.obs)
233  ISRT.__GetContextGUID                              isrt.obl(ISRTInit.obs)
234  ISRT.__GetEnabledIServices                         isrt.obl(SysVars.obs)
235  ISRT.__GetFileRegistrar                            isrt.obl(ISRTInit.obs)
236  ISRT.__GetInfo                                     isrt.obl(ISRTInit.obs)
237  ISRT.__GetInstallGuid                              isrt.obl(SysVars.obs)
238  ISRT.__GetLog                                      isrt.obl(SysVars.obs)
239  ISRT.__GetLogDB                                    isrt.obl(ISRTInit.obs)
240  ISRT.__GetMainWindow                               Setup.obs
241  ISRT.__GetMaintOption                              isrt.obl(SysVars.obs)
242  ISRT.__GetMaintenanceMode                          isrt.obl(SysVars.obs)
243  ISRT.__GetObjects                                  isrt.obl(ISRTInit.obs)
244  ISRT.__GetProductGuid                              isrt.obl(SysVars.obs)
245  ISRT.__GetProgress                                 Setup.obs
246  ISRT.__GetReboot                                   isrt.obl(ISRTInit.obs)
247  ISRT.__GetRemoveAllMode                            isrt.obl(SysVars.obs)
248  ISRT.__GetTextSub                                  isrt.obl(ISRTInit.obs)
249  ISRT.__GetUpdateMode                               isrt.obl(SysVars.obs)
250  ISRT.__GetUser                                     isrt.obl(MIO.obs)
251  ISRT.__ISRTGetPropertyBag                          ifx.obl(PersistPropertyBag.obs)
252  ISRT.__ISRTReleasePropertyBag                      ifx.obl(PersistPropertyBag.obs)
253  ISRT.__ReleaseObjectContext                        isrt.obl(ISRTInit.obs)
254  ISRT.__RestoreMainLog                              isrt.obl(ISRTInit.obs)
255  ISRT.__SetComponentLog                             isrt.obl(ISRTInit.obs)
256  ISRT.__SetUpdateMode                               isrt.obl(SysVars.obs)
257  ISRTPreprogram                                     isrt.obl(Driver.obs)
258  ISWIOnAppSearch                                    iswi.obl(DriverConv.obs)
259  ISWIOnCCPSearch                                    iswi.obl(DriverConv.obs)
260  ISWIOnExitInstall                                  iswi.obl(DriverConv.obs)
261  ISWIOnFirstUIAfter                                 iswi.obl(DriverConv.obs)
262  ISWIOnFirstUIBefore                                iswi.obl(DriverConv.obs)
263  ISWIOnInitInstall                                  iswi.obl(DriverConv.obs)
264  ISWIOnMaintUIAfter                                 iswi.obl(DriverConv.obs)
265  ISWIOnMaintUIBefore                                iswi.obl(DriverConv.obs)
266  ISWIOnMoveData                                     iswi.obl(DriverConv.obs)
267  ISWIOnResumeUIAfter                                iswi.obl(DriverConv.obs)
268  ISWIOnResumeUIBefore                               iswi.obl(DriverConv.obs)
269  ISWIPCRestoreAfter                                 iswi.obl(DriverConv.obs)
270  ISWIPCRestoreBefore                                iswi.obl(DriverConv.obs)
271  ISWIPostprogram                                    iswi.obl(DriverConv.obs)
272  ISWIPreprogram                                     iswi.obl(DriverConv.obs)
273  IfxFilterComponents                                ifx.obl(EventsSetupPriv.obs)
274  IfxFinalConstruct                                  ifx.obl(EventsSetupPriv.obs)
275  IfxFinalRelease                                    ifx.obl(EventsSetupPriv.obs)
276  IfxInitProperties                                  ifx.obl(PersistPropertyBag.obs)
277  IfxOnAbortInstall                                  ifx.obl(EventsPriv.obs)
278  IfxOnAppSearch                                     ifx.obl(EventsPriv.obs)
279  IfxOnCCPSearch                                     ifx.obl(EventsPriv.obs)
280  IfxOnCanceling                                     ifx.obl(EventsPriv.obs)
281  IfxOnDisk1Installed                                ifx.obl(EventsSetupPriv.obs)
282  IfxOnDisk1Installing                               ifx.obl(EventsSetupPriv.obs)
283  IfxOnExitInstall                                   ifx.obl(EventsSetupPriv.obs)
284  IfxOnFileError                                     ifx.obl(EventsSetupPriv.obs)
285  IfxOnFileLocked                                    ifx.obl(EventsSetupPriv.obs)
286  IfxOnFileReadOnly                                  ifx.obl(EventsSetupPriv.obs)
287  IfxOnHelp                                          ifx.obl(EventsPriv.obs)
288  IfxOnInitInstall                                   ifx.obl(EventsSetupPriv.obs)
289  IfxOnInternetError                                 ifx.obl(EventsSetupPriv.obs)
290  IfxOnMD5Error                                      ifx.obl(EventsSetupPriv.obs)
291  IfxOnNextDisk                                      ifx.obl(EventsSetupPriv.obs)
292  IfxOnRebooted                                      ifx.obl(EventsPriv.obs)
293  IfxOnRemovingSharedFile                            ifx.obl(EventsSetupPriv.obs)
294  IfxOnShowWizardPages                               ifx.obl(EventsSetupPriv.obs)
295  IfxOnTransferred                                   ifx.obl(EventsPriv.obs)
296  IfxOnTransferring                                  ifx.obl(EventsSetupPriv.obs)
297  IfxOnUnhandledException                            ifx.obl(EventsPriv.obs)
298  IfxPostprogram                                     ifx.obl(EventsSetupPriv.obs)
299  IfxPreprogram                                      ifx.obl(EventsSetupPriv.obs)
300  IfxReadProperties                                  ifx.obl(PersistPropertyBag.obs)
301  IfxRunAfterReboot                                  ifx.obl(EventsSetupPriv.obs)
302  IfxWriteProperties                                 ifx.obl(PersistPropertyBag.obs)
303  InetEndofTransfer                                  isrt.obl(iftw.obs)
304  InetNextDisk                                       isrt.obl(iftw.obs)
305  InitProperties                                     ifx.obl(PersistPropertyBag.obs)
306  InstallFilesActionAfter                            iswi.obl(FileTransferFuncsConv.obs)
307  InstallFilesActionBefore                           iswi.obl(FileTransferFuncsConv.obs)
308  Is                                                 isrt.obl(Is.obs)
309  IsInetInstall                                      isrt.obl(iftw.obs)
310  IsOSWinXP                                          iswi.obl(HelperFuncs.obs)
311  IsTestSetup                                        iswi.obl(HelperFuncs.obs)
312  KERNEL.GetModuleHandle                             Setup.obs
313  KERNEL32.CloseHandle                               Setup.obs
314  KERNEL32.CreateFileA                               Setup.obs
315  KERNEL32.CreateProcess                             Setup.obs
316  KERNEL32.DeleteFileA                               Setup.obs
317  KERNEL32.FileTimeToLocalFileTime                   Setup.obs
318  KERNEL32.FileTimeToSystemTime                      Setup.obs
319  KERNEL32.FindClose                                 Setup.obs
320  KERNEL32.FindFirstFileA                            Setup.obs
321  KERNEL32.FindNextFileA                             Setup.obs
322  KERNEL32.FormatMessageA                            Setup.obs
323  KERNEL32.FreeLibrary                               Setup.obs
324  KERNEL32.GetDriveType                              Setup.obs
325  KERNEL32.GetExitCodeProcess                        Setup.obs
326  KERNEL32.GetFileAttributesA                        Setup.obs
327  KERNEL32.GetFileTime                               Setup.obs
328  KERNEL32.GetLocalTime                              Setup.obs
329  KERNEL32.GetLocaleInfo                             Setup.obs
330  KERNEL32.GetPrivateProfileSectionA                 Setup.obs
331  KERNEL32.GetPrivateProfileString                   Setup.obs
332  KERNEL32.GetPrivateProfileStringA                  Setup.obs
333  KERNEL32.GetProcAddress                            Setup.obs
334  KERNEL32.GetProfileStringA                         Setup.obs
335  KERNEL32.GetShortPathNameA                         Setup.obs
336  KERNEL32.GetSystemDefaultLCID                      Setup.obs
337  KERNEL32.GetSystemDefaultLangID                    Setup.obs
338  KERNEL32.GetSystemDefaultUILanguage                Setup.obs
339  KERNEL32.GetUserDefaultLangID                      Setup.obs
340  KERNEL32.GetVersion                                Setup.obs
341  KERNEL32.GetVersionEx                              Setup.obs
342  KERNEL32.GetVolumeInformation                      Setup.obs
343  KERNEL32.GetWindowsDirectory                       Setup.obs
344  KERNEL32.LoadLibraryA                              Setup.obs
345  KERNEL32.LocalFileTimeToFileTime                   Setup.obs
346  KERNEL32.RemoveDirectoryA                          Setup.obs
347  KERNEL32.SetCurrentDirectoryA                      Setup.obs
348  KERNEL32.SetFileAttributesA                        Setup.obs
349  KERNEL32.SetFileTime                               Setup.obs
350  KERNEL32.SystemTimeToFileTime                      Setup.obs
351  KERNEL32.WritePrivateProfileString                 Setup.obs
352  KERNEL32.WritePrivateProfileStringA                Setup.obs
353  KERNEL32.WriteProfileStringA                       Setup.obs
354  KERNEL32.lstrlen                                   Setup.obs
355  Kernel32.GetModuleHandleA                          iswi.obl(ComponentConv.obs)
356  LOWORD                                             isrt.obl(Misc.obs)
357  LaunchAgent                                        iswi.obl(HelperFuncs.obs)
358  LaunchApp                                          isrt.obl(Extend.obs)
359  LaunchAppAndWait                                   isrt.obl(Extend.obs)
360  LaunchAppAndWaitInitStartupInfo                    isrt.obl(Extend.obs)
361  ListAddItem                                        isrt.obl(scrlist.obs)
362  ListAddString                                      isrt.obl(scrlist.obs)
363  ListCount                                          isrt.obl(scrlist.obs)
364  ListCreate                                         isrt.obl(scrlist.obs)
365  ListCurrentString                                  isrt.obl(scrlist.obs)
366  ListDeleteString                                   isrt.obl(scrlist.obs)
367  ListDestroy                                        isrt.obl(scrlist.obs)
368  ListFindString                                     isrt.obl(scrlist.obs)
369  ListGetFirstItem                                   isrt.obl(scrlist.obs)
370  ListGetFirstString                                 isrt.obl(scrlist.obs)
371  ListGetLastString                                  iswi.obl(CompHelperFuncs.obs)
372  ListGetNextItem                                    isrt.obl(scrlist.obs)
373  ListGetNextString                                  isrt.obl(scrlist.obs)
374  ListGetType                                        isrt.obl(scrlist.obs)
375  ListReadFromFile                                   isrt.obl(scrlist.obs)
376  ListSetIndex                                       isrt.obl(scrlist.obs)
377  ListWriteToFile                                    isrt.obl(scrlist.obs)
378  LoadStringFromStringTable                          iswi.obl(ISWiInit.obs)
379  LogReadCustomString                                isrt.obl(Misc.obs)
380  LogReadCustomVariant                               isrt.obl(Misc.obs)
381  LogWriteCustomString                               isrt.obl(Misc.obs)
382  LogWriteCustomVariant                              isrt.obl(Misc.obs)
383  LongPathFromShortPath                              isrt.obl(Str.obs)
384  LongPathToQuote                                    isrt.obl(Str.obs)
385  LongPathToShortPath                                isrt.obl(Str.obs)
386  MAKELONG                                           isrt.obl(Misc.obs)
387  MIFCreateMIFFile                                   isrt.obl(MIF.obs)
388  MIFDeleteMIFFile                                   isrt.obl(MIF.obs)
389  MIFInitialize                                      isrt.obl(MIF.obs)
390  MIFSetInformation                                  isrt.obl(MIF.obs)
391  MIFUnInitialize                                    isrt.obl(MIF.obs)
392  MIFWasSetInformationCalled                         isrt.obl(MIF.obs)
393  MIOShutdown                                        isrt.obl(MIO.obs)
394  MIOStartup                                         isrt.obl(MIO.obs)
395  MaintenanceStart                                   isrt.obl(Registry.obs)
396  MediaGetData                                       iswi.obl(FeatureConv.obs)
397  MessageBeep                                        isrt.obl(Misc.obs)
398  MessageBox                                         isrt.obl(MsgBox.obs)
399  MessageBoxEx                                       isrt.obl(MsgBox.obs)
400  Moved                                              iswi.obl(FileTransferFuncsConv.obs)
401  Moving                                             iswi.obl(FileTransferFuncsConv.obs)
402  MsiCloseHandle                                     iswi.obl(MsiFuncsConv.obs)
403  MsiCreateRecord                                    iswi.obl(MsiFuncsConv.obs)
404  MsiDatabaseOpenView                                iswi.obl(MsiFuncsConv.obs)
405  MsiDoAction                                        iswi.obl(MsiFuncsConv.obs)
406  MsiGetActiveDatabase                               iswi.obl(MsiFuncsConv.obs)
407  MsiGetFeatureState                                 iswi.obl(MsiFuncsConv.obs)
408  MsiGetProperty                                     iswi.obl(MsiFuncsConv.obs)
409  MsiGetPropertyIS                                   iswi.obl(MsiFuncsConv.obs)
410  MsiGetSourcePath                                   iswi.obl(MsiFuncsConv.obs)
411  MsiGetTargetPath                                   iswi.obl(MsiFuncsConv.obs)
412  MsiInstallProduct                                  iswi.obl(MsiFuncsConv.obs)
413  MsiProcessMessage                                  iswi.obl(MsiFuncsConv.obs)
414  MsiRecordGetInteger                                iswi.obl(MsiFuncsConv.obs)
415  MsiRecordGetString                                 iswi.obl(MsiFuncsConv.obs)
416  MsiRecordSetString                                 iswi.obl(MsiFuncsConv.obs)
417  MsiSetProperty                                     iswi.obl(MsiFuncsConv.obs)
418  MsiSetTargetPath                                   iswi.obl(MsiFuncsConv.obs)
419  MsiViewExecute                                     iswi.obl(MsiFuncsConv.obs)
420  MsiViewFetch                                       iswi.obl(MsiFuncsConv.obs)
421  OnAbort                                            iswi.obl(DriverConv.obs)
422  OnAction                                           iswi.obl(ISWiInit.obs)
423  OnAdminInstallUIAfter                              iswi.obl(DriverConv.obs)
424  OnAdminInstallUIBefore                             iswi.obl(DriverConv.obs)
425  OnAdminPatchUIAfter                                iswi.obl(DriverConv.obs)
426  OnAdminPatchUIBefore                               iswi.obl(DriverConv.obs)
427  OnAdvertisementAfter                               iswi.obl(DriverConv.obs)
428  OnAdvertisementBefore                              iswi.obl(DriverConv.obs)
429  OnAppSearch                                        Setup.obs
430  OnBegin                                            Setup.obs
431  OnCCPSearch                                        iswi.obl(DriverConv.obs)
432  OnCanceling                                        iswi.obl(DriverConv.obs)
433  OnCheckMediaPassword                               ifx.obl(EventsSetup.obs)
434  OnComponentError                                   iswi.obl(Exceptions.obs)
435  OnCustomizeUninstInfo                              ifx.obl(EventsSetup.obs)
436  OnEnd                                              iswi.obl(DriverConv.obs)
437  OnError                                            iswi.obl(DriverConv.obs)
438  OnException                                        iswi.obl(Exceptions.obs)
439  OnFeaturesInstalled                                iswi.obl(FileTransferFuncsConv.obs)
440  OnFeaturesInstalling                               iswi.obl(FileTransferFuncsConv.obs)
441  OnFileError                                        iswi.obl(Exceptions.obs)
442  OnFileLocked                                       iswi.obl(Exceptions.obs)
443  OnFileReadOnly                                     iswi.obl(Exceptions.obs)
444  OnFilesInUse                                       iswi.obl(DriverConv.obs)
445  OnFilterComponents                                 ifx.obl(EventsSetup.obs)
446  OnFirstUIAfter                                     Setup.obs
447  OnFirstUIBefore                                    Setup.obs
448  OnGeneratedMSIScript                               iswi.obl(FileTransferFuncsConv.obs)
449  OnGeneratingMSIScript                              iswi.obl(FileTransferFuncsConv.obs)
450  OnHelp                                             iswi.obl(DriverConv.obs)
451  OnInstallFilesActionAfter                          iswi.obl(FileTransferFuncsConv.obs)
452  OnInstallFilesActionBefore                         iswi.obl(FileTransferFuncsConv.obs)
453  OnInstallingFile                                   ifx.obl(EventsSetup.obs)
454  OnInternetError                                    iswi.obl(Exceptions.obs)
455  OnMD5Error                                         iswi.obl(Exceptions.obs)
456  OnMaintUIAfter                                     iswi.obl(DriverConv.obs)
457  OnMaintUIBefore                                    Setup.obs
458  OnMaintenance                                      iswi.obl(DriverConv.obs)
459  OnMoveData                                         ifx.obl(EventsSetup.obs)
460  OnMoved                                            iswi.obl(FileTransferFuncsConv.obs)
461  OnMoving                                           iswi.obl(FileTransferFuncsConv.obs)
462  OnMsiSilentInstall                                 iswi.obl(DriverConv.obs)
463  OnNextDisk                                         iswi.obl(Exceptions.obs)
464  OnOutOfDiskSpace                                   iswi.obl(DriverConv.obs)
465  OnPatchUIAfter                                     iswi.obl(DriverConv.obs)
466  OnPatchUIBefore                                    iswi.obl(DriverConv.obs)
467  OnRebooted                                         iswi.obl(DriverConv.obs)
468  OnRemovingSharedFile                               iswi.obl(Exceptions.obs)
469  OnResolveSource                                    iswi.obl(DriverConv.obs)
470  OnResume                                           iswi.obl(DriverConv.obs)
471  OnResumeUIAfter                                    iswi.obl(DriverConv.obs)
472  OnResumeUIBefore                                   iswi.obl(DriverConv.obs)
473  OnSelfRegistrationError                            iswi.obl(Exceptions.obs)
474  OnSetUpdateMode                                    ifx.obl(EventsSetup.obs)
475  OnShowUI                                           ifx.obl(EventsSetup.obs)
476  OnUnhandledException                               iswi.obl(DriverConv.obs)
477  OnUninstall                                        iswi.obl(DriverConv.obs)
478  OnUninstallingFile                                 ifx.obl(EventsSetup.obs)
479  OnUpdateService                                    iswi.obl(DriverConv.obs)
480  OnUpdateUIAfter                                    ifx.obl(EventsSetup.obs)
481  OnUpdateUIBefore                                   ifx.obl(EventsSetup.obs)
482  OnWarning                                          iswi.obl(DriverConv.obs)
483  OpenFile                                           isrt.obl(Files.obs)
484  OpenFileMode                                       isrt.obl(Files.obs)
485  PCRestoreInit                                      isrt.obl(PCRestore.obs)
486  PCRestoreOnAbort                                   isrt.obl(PCRestore.obs)
487  PCRestoreOnBegin                                   isrt.obl(PCRestore.obs)
488  PCRestoreOnExit                                    isrt.obl(PCRestore.obs)
489  ParsePath                                          isrt.obl(Str.obs)
490  PostShowComponentDlg                               iswi.obl(ISWiInit.obs)
491  Postprogram                                        iswi.obl(DriverConv.obs)
492  PreShowComponentDlg                                iswi.obl(ISWiInit.obs)
493  Preprogram                                         iswi.obl(DriverConv.obs)
494  ProgDefGroupType                                   isrt.obl(Shell.obs)
495  ProgGetGroupType                                   isrt.obl(Shell.obs)
496  PthFixPath                                         isrt.obl(Pth.obs)
497  PthIsAbsPath                                       isrt.obl(Pth.obs)
498  PthIsRoot                                          isrt.obl(Pth.obs)
499  ReadProperties                                     ifx.obl(PersistPropertyBag.obs)
500  RebootNeeded                                       iswi.obl(FileTransferFuncsConv.obs)
501  Rebooted                                           isrt.obl(Driver.obs)
502  RedirectMsiCloseHandle                             iswi.obl(RedirectedMsiFuncsConv.obs)
503  RedirectMsiCreateRecord                            iswi.obl(RedirectedMsiFuncsConv.obs)
504  RedirectMsiGetActiveDatabase                       iswi.obl(RedirectedMsiFuncsConv.obs)
505  RedirectMsiProcessMessage                          iswi.obl(RedirectedMsiFuncsConv.obs)
506  RedirectMsiRecordGetInteger                        iswi.obl(RedirectedMsiFuncsConv.obs)
507  RedirectMsiViewExecute                             iswi.obl(RedirectedMsiFuncsConv.obs)
508  RedirectMsiViewFetch                               iswi.obl(RedirectedMsiFuncsConv.obs)
509  RegDBGetDefaultRoot                                isrt.obl(Registry.obs)
510  RegDBGetItem                                       isrt.obl(Registry.obs)
511  RegDBGetKeyValueEx                                 isrt.obl(Registry.obs)
512  RegDBInit                                          isrt.obl(Registry.obs)
513  RegDBKeyExist                                      isrt.obl(Registry.obs)
514  RegDBQueryKey                                      isrt.obl(Registry.obs)
515  RegDBQueryKeyCount                                 isrt.obl(Registry.obs)
516  RegDBQueryStringMultiStringCount                   isrt.obl(Registry.obs)
517  RegDBQueryValue                                    isrt.obl(Registry.obs)
518  RegDBSetDefaultRoot                                isrt.obl(Registry.obs)
519  RegDBSetItem                                       isrt.obl(Registry.obs)
520  RegDBSetKeyValueEx                                 isrt.obl(Registry.obs)
521  RegDBSetValue                                      isrt.obl(Registry.obs)
522  RegDBSetVersion                                    isrt.obl(Registry.obs)
523  ReleaseDialog                                      isrt.obl(CustomDialog.obs)
524  RemoveSpaces                                       iswi.obl(HelperFuncs.obs)
525  ResolveShellObjectsFolder                          iswi.obl(CompHelperFuncs.obs)
526  SdAskDestPath                                      isrt.obl(SdAskDestPathDlg.obs)
527  SdAskOptionsList                                   isrt.obl(SdAskOptionsListDlg.obs)
528  SdCloseDlg                                         isrt.obl(SDINT.obs)
529  SdCreateComponentView                              isrt.obl(SDINT.obs)
530  SdDlgToTop                                         isrt.obl(SDINT.obs)
531  SdDoStdButton                                      isrt.obl(SDINT.obs)
532  SdEnablement                                       isrt.obl(SDINT.obs)
533  SdError                                            isrt.obl(SDINT.obs)
534  SdFilesInUse                                       iswi.obl(SdFilesInUse.obs)
535  SdFinish                                           isrt.obl(SdFinishDlg.obs)
536  SdFinishEx                                         iswi.obl(SdFinishExConv.obs)
537  SdFinishReboot                                     isrt.obl(SdFinishRebootDlg.obs)
538  SdFinishUpdate                                     iswi.obl(SdFinishUpdate.obs)
539  SdFinishUpdateReboot                               iswi.obl(SdFinUpdateRebot.obs)
540  SdGeneralInit                                      isrt.obl(SDINT.obs)
541  SdInit                                             isrt.obl(SDINT.obs)
542  SdIsStdButton                                      isrt.obl(SDINT.obs)
543  SdLicense                                          isrt.obl(SdLicenseDlg.obs)
544  SdLoadString                                       isrt.obl(SDINT.obs)
545  SdMakeName                                         isrt.obl(SDINT.obs)
546  SdOutOfDiskSpace                                   iswi.obl(SdDiskReqs.obs)
547  SdPatchWelcome                                     iswi.obl(SdPatchWel.obs)
548  SdPlugInProductName                                isrt.obl(SDINT.obs)
549  SdSetDlgTitle                                      isrt.obl(SDINT.obs)
550  SdSetStatic                                        isrt.obl(SDINT.obs)
551  SdSetupCompleteError                               iswi.obl(SdSetupCompleteError.obs)
552  SdSetupTypeEx                                      isrt.obl(SdSetupTypeExDlg.obs)
553  SdShowDlgEdit1                                     isrt.obl(SdShowDlgEdit1Dlg.obs)
554  SdShowDlgEdit3                                     isrt.obl(SdShowDlgEdit3Dlg.obs)
555  SdShowMsg                                          isrt.obl(SDSMSG.obs)
556  SdStartCopy                                        isrt.obl(SdStartCopyDlg.obs)
557  SdSubstituteProductInfo                            isrt.obl(SDINT.obs)
558  SdUnInit                                           isrt.obl(SDINT.obs)
559  SdWelcome                                          isrt.obl(SdWelcomeDlg.obs)
560  SdWelcomeMaint                                     isrt.obl(SdWelcomeMaintDlg.obs)
561  SelectDir                                          isrt.obl(SelectDir.obs)
562  SelectDirNoLog                                     isrt.obl(SelectDir.obs)
563  SendMessage                                        isrt.obl(Misc.obs)
564  ServiceInitParams                                  isrt.obl(Service.obs)
565  SetCmdLine                                         isrt.obl(SysVars.obs)
566  SetDialogTitle                                     isrt.obl(Dialogs.obs)
567  SetDisplayEffect                                   isrt.obl(ui.obs)
568  SetExtendedErrInfo                                 isrt.obl(IsUtil.obs)
569  SetFileInfo                                        isrt.obl(Files.obs)
570  SetFolderDesktop                                   isrt.obl(SysVars.obs)
571  SetFolderPrograms                                  isrt.obl(SysVars.obs)
572  SetFolderStartMenu                                 isrt.obl(SysVars.obs)
573  SetFolderStartup                                   isrt.obl(SysVars.obs)
574  SetGlobalVars                                      iswi.obl(ISWiInit.obs)
575  SetInstallationInfo                                isrt.obl(Registry.obs)
576  SetMifInformationOnly                              isrt.obl(Registry.obs)
577  SetStatus                                          ifx.obl(EventsSetupPriv.obs)
578  SetStatusEx                                        ifx.obl(EventsSetupPriv.obs)
579  SetStatusWindow                                    isrt.obl(ui.obs)
580  SetTitle                                           isrt.obl(ui.obs)
581  SetUpdateStatus                                    iswi.obl(HelperFuncs.obs)
582  SetUpdateStatusReboot                              iswi.obl(HelperFuncs.obs)
583  SetupTraceWrite                                    isrt.obl(Misc.obs)
584  ShowObjWizardPages                                 iswi.obl(ObjectsConv.obs)
585  SilentCreateFile                                   isrt.obl(Silent.obs)
586  SilentDoGeneralInfo                                isrt.obl(Silent.obs)
587  SilentFailed                                       isrt.obl(Silent.obs)
588  SilentFinish                                       isrt.obl(Silent.obs)
589  SilentInit                                         isrt.obl(Silent.obs)
590  SilentLogWriteData                                 isrt.obl(Silent.obs)
591  SilentReadData                                     isrt.obl(Silent.obs)
592  SilentSetInfo                                      isrt.obl(Silent.obs)
593  SilentSetMode                                      isrt.obl(Silent.obs)
594  SilentWriteData                                    isrt.obl(Silent.obs)
595  Sprintf                                            isrt.obl(Str.obs)
596  SprintfBox                                         isrt.obl(MsgBox.obs)
597  SprintfMsiLog                                      iswi.obl(HelperFuncs.obs)
598  StatusUpdate                                       isrt.obl(ui.obs)
599  StrAddLastSlash                                    isrt.obl(Str.obs)
600  StrDelete                                          iswi.obl(HelperFuncs.obs)
601  StrFindEx                                          isrt.obl(Str.obs)
602  StrGetTokens                                       isrt.obl(Str.obs)
603  StrLength                                          isrt.obl(Str.obs)
604  StrRemoveLastSlash                                 isrt.obl(Str.obs)
605  StrRemoveSpaces                                    isrt.obl(Str.obs)
606  StrReplace                                         isrt.obl(Str.obs)
607  StrToNumHex                                        isrt.obl(Str.obs)
608  StrToUpper                                         isrt.obl(Str.obs)
609  SysVarsInit                                        isrt.obl(SysVars.obs)
610  SysVarsInitConv                                    iswi.obl(SysVarsConv.obs)
611  SysVarsTrace                                       isrt.obl(SysVars.obs)
612  SysVarsUnInit                                      iswi.obl(SysVarsConv.obs)
613  System                                             isrt.obl(Misc.obs)
614  USER.EnableWindow                                  Setup.obs
615  USER.GetClassName                                  Setup.obs
616  USER.GetDC                                         Setup.obs
617  USER.GetDlgItem                                    Setup.obs
618  USER.GetFocus                                      Setup.obs
619  USER.GetWindowLong                                 Setup.obs
620  USER.IsIconic                                      Setup.obs
621  USER.IsWindow                                      Setup.obs
622  USER.IsWindowVisible                               Setup.obs
623  USER.ReleaseDC                                     Setup.obs
624  USER.SendMessageA                                  Setup.obs
625  USER.SetFocus                                      Setup.obs
626  USER.SetForegroundWindow                           Setup.obs
627  USER.SetWindowPos                                  Setup.obs
628  USER.SetWindowText                                 Setup.obs
629  USER.ShowWindow                                    Setup.obs
630  USER32.CharUpperBuffA                              Setup.obs
631  USER32.FindWindowA                                 Setup.obs
632  USER32.GetDlgItem                                  iswi.obl(SdDiskReqs.obs)
633  USER32.GetSystemMetrics                            Setup.obs
634  USER32.GetWindowRect                               iswi.obl(SdDiskReqs.obs)
635  USER32.GetWindowText                               Setup.obs
636  USER32.GetWindowTextLength                         Setup.obs
637  USER32.InvalidateRect                              Setup.obs
638  USER32.MessageBoxA                                 Setup.obs
639  USER32.MsgWaitForMultipleObjects                   Setup.obs
640  USER32.PeekMessageA                                Setup.obs
641  USER32.SendMessageA                                Setup.obs
642  USER32.SetWindowLong                               Setup.obs
643  USER32.SetWindowRgn                                Setup.obs
644  UpdateServiceInitTargets                           isrt.obl(ISUpdateService.obs)
645  UpdateServiceRegisterProduct                       isrt.obl(ISUpdateService.obs)
646  User32.DestroyWindow                               iswi.obl(SdDiskReqs.obs)
647  User32.LoadStringA                                 iswi.obl(ComponentConv.obs)
648  VerProductCompareVersions                          isrt.obl(version.obs)
649  VerProductGetInstalledVersion                      isrt.obl(version.obs)
650  VerProductIsVersionSupported                       isrt.obl(version.obs)
651  VerProductNumToStr                                 isrt.obl(version.obs)
652  VerProductStrToNum                                 isrt.obl(version.obs)
653  VerProductVerFromVerParts                          isrt.obl(version.obs)
654  VerProductVerPartsFromVer                          isrt.obl(version.obs)
655  WaitOnDialog                                       isrt.obl(CustomDialog.obs)
656  WizardDirection                                    ifx.obl(EventsSetupPriv.obs)
657  WriteLine                                          isrt.obl(Files.obs)
658  WriteProfInt                                       isrt.obl(Profile.obs)
659  WriteProfString                                    isrt.obl(Profile.obs)
660  WriteProperties                                    ifx.obl(PersistPropertyBag.obs)
661  _HandleException                                   isrt.obl(exceptions.obs)
662  _WinSubFocusControl                                isrt.obl(WINSUB.obs)
663  _WinSubFocusWindow                                 isrt.obl(WINSUB.obs)
664  _WinSubGetChildWindow                              isrt.obl(WINSUB.obs)
665  _WinSubIsWindow                                    isrt.obl(WINSUB.obs)
666  __AddIntegerToArray                                iswi.obl(HelperFuncs.obs)
667  __AddStringToArray                                 iswi.obl(HelperFuncs.obs)
668  __Begin                                            iswi.obl(DriverConv.obs)
669  __ComponentListItemsEx                             iswi.obl(CompHelperFuncs.obs)
670  __ComponentListItemsExInstall                      iswi.obl(CompHelperFuncs.obs)
671  __ComponentListItemsExUnInstall                    iswi.obl(CompHelperFuncs.obs)
672  __ComponentMoveXferData                            iswi.obl(CompHelperFuncs.obs)
673  __End                                              iswi.obl(DriverConv.obs)
674  __GetFinishMode                                    iswi.obl(ISWiInit.obs)
675  __GetMsiHandle                                     iswi.obl(SysVarsConv.obs)
676  __GetProgramFilesFolder                            iswi.obl(SysVarsConv.obs)
677  __GetSourceDir                                     iswi.obl(SysVarsConv.obs)
678  __HandleError                                      iswi.obl(ErrHandler.obs)
679  __ISRTDoExit                                       isrt.obl(Misc.obs)
680  __ISRTInit                                         isrt.obl(ISRTInit.obs)
681  __ISRTRestoreMainLog                               isrt.obl(ISRTInit.obs)
682  __ISRTSetComponentLog                              isrt.obl(ISRTInit.obs)
683  __ISRTUnInit                                       isrt.obl(ISRTInit.obs)
684  __ISWIInit                                         iswi.obl(ISWiInit.obs)
685  __ISWIMsiHandle                                    iswi.obl(ISWiInit.obs)
686  __ISWIUnInit                                       iswi.obl(ISWiInit.obs)
687  __IsArrayEmpty                                     iswi.obl(HelperFuncs.obs)
688  __LoadIScriptString                                isrt.obl(LoadStr.obs)
689  __Moved                                            iswi.obl(FileTransferFuncsConv.obs)
690  __Moving                                           iswi.obl(FileTransferFuncsConv.obs)
691  __MsiGetFeatureState                               iswi.obl(MsiWrappersConv.obs)
692  __MsiOpenView                                      iswi.obl(CompHelperFuncs.obs)
693  __MsiRecordGetString                               iswi.obl(MsiWrappersConv.obs)
694  __OnAbort                                          iswi.obl(DriverConv.obs)
695  __OnAdminPatch                                     iswi.obl(DriverConv.obs)
696  __OnAdministrativeInstall                          iswi.obl(DriverConv.obs)
697  __OnAdvertisement                                  iswi.obl(DriverConv.obs)
698  __OnBegin                                          iswi.obl(DriverConv.obs)
699  __OnCanceling                                      iswi.obl(DriverConv.obs)
700  __OnEnd                                            iswi.obl(DriverConv.obs)
701  __OnError                                          iswi.obl(DriverConv.obs)
702  __OnMsiMaintenance                                 iswi.obl(DriverConv.obs)
703  __OnMsiRebooted                                    iswi.obl(DriverConv.obs)
704  __OnMsiSilentInstall                               iswi.obl(DriverConv.obs)
705  __OnMsiUninstall                                   iswi.obl(DriverConv.obs)
706  __OnPatch                                          iswi.obl(DriverConv.obs)
707  __OnResume                                         iswi.obl(DriverConv.obs)
708  __OnWarning                                        iswi.obl(DriverConv.obs)
709  __ResetMsiObject                                   iswi.obl(ISWiInit.obs)
710  __SetMaintenance                                   iswi.obl(ISWiInit.obs)
711  __SetMsiHandle                                     iswi.obl(SysVarsConv.obs)
712  __SetMsiServer                                     iswi.obl(ISWiInit.obs)
713  __SetPatch                                         iswi.obl(SysVarsConv.obs)
714  __SetSourceDir                                     iswi.obl(SysVarsConv.obs)
715  isrt._ComponentIsItemSelected                      iswi.obl(ComponentConv.obs)
716  isrt._ComponentListItems                           iswi.obl(ComponentConv.obs)
717  isrt._ComponentReinstall                           iswi.obl(ComponentConv.obs)
718  isrt._ComponentRemoveAll                           iswi.obl(ComponentConv.obs)
719  isrt._ComponentSelectItem                          iswi.obl(ComponentConv.obs)
720  isrt._ComponentSetupTypeGetData                    iswi.obl(ComponentConv.obs)
721  isrt._ComponentSetupTypeSet                        iswi.obl(ComponentConv.obs)
722  isrt._EnableDialogCache                            iswi.obl(ISWiInit.obs)
723  kernel32.GetLocalTime                              iswi.obl(ErrHandler.obs)
724  kernel32.GetWindowsDirectoryA                      iswi.obl(ErrHandler.obs)
725  msi.MsiCloseHandle                                 iswi.obl(RedirectedMsiFuncsConv.obs)
726  msi.MsiCreateRecord                                iswi.obl(RedirectedMsiFuncsConv.obs)
727  msi.MsiDatabaseOpenViewA                           Setup.obs
728  msi.MsiDoActionA                                   Setup.obs
729  msi.MsiGetActiveDatabase                           iswi.obl(RedirectedMsiFuncsConv.obs)
730  msi.MsiGetFeatureStateA                            Setup.obs
731  msi.MsiGetProductInfoA                             Setup.obs
732  msi.MsiGetPropertyA                                Setup.obs
733  msi.MsiGetSourcePathA                              Setup.obs
734  msi.MsiGetTargetPathA                              Setup.obs
735  msi.MsiOpenDatabaseA                               Setup.obs
736  msi.MsiProcessMessage                              iswi.obl(RedirectedMsiFuncsConv.obs)
737  msi.MsiRecordGetInteger                            iswi.obl(RedirectedMsiFuncsConv.obs)
738  msi.MsiRecordGetStringA                            Setup.obs
739  msi.MsiRecordSetStringA                            Setup.obs
740  msi.MsiSetPropertyA                                Setup.obs
741  msi.MsiSetTargetPathA                              Setup.obs
742  msi.MsiViewExecute                                 iswi.obl(RedirectedMsiFuncsConv.obs)
743  msi.MsiViewFetch                                   iswi.obl(RedirectedMsiFuncsConv.obs)
744  program                                            iswi.obl(DriverConv.obs)
745  sfc.SRSetRestorePoint                              Setup.obs


***** External Variables *****
1    ADDREMOVE                                          iswi.obl(HelperFuncs.obs)
2    ADMINUSER                                          Setup.obs
3    ALLUSERS                                           Setup.obs
4    AdminToolsFolder                                   iswi.obl(DebugSymbolsConv.obs)
5    AppDataFolder                                      iswi.obl(DebugSymbolsConv.obs)
6    BATCH_INSTALL                                      Setup.obs
7    CMDLINE                                            iswi.obl(HelperFuncs.obs)
8    CMPTFILTERLANGOBJ                                  iswi.obl(CompHelperFuncs.obs)
9    COMMONFILES                                        iswi.obl(HelperFuncs.obs)
10   CommonAppDataFolder                                iswi.obl(DebugSymbolsConv.obs)
11   CommonFiles64Folder                                iswi.obl(DebugSymbolsConv.obs)
12   CommonFilesFolder                                  iswi.obl(DebugSymbolsConv.obs)
13   DISABLE_ALLUSERBTN                                 Setup.obs
14   DISABLE_PERUSERBTN                                 Setup.obs
15   DISK1TARGET                                        Setup.obs
16   DesktopFolder                                      iswi.obl(DebugSymbolsConv.obs)
17   ENABLED_ISERVICES                                  iswi.obl(HelperFuncs.obs)
18   ENGINECOMMONDIR                                    iswi.obl(HelperFuncs.obs)
19   ENGINEDIR                                          iswi.obl(HelperFuncs.obs)
20   ERRORFILENAME                                      Setup.obs
21   ERRORINFO                                          iswi.obl(ComponentConv.obs)
22   Err                                                Setup.obs
23   FEATURE                                            iswi.obl(ComponentConv.obs)
24   FILEERROR                                          iswi.obl(ComponentConv.obs)
25   FILETIME                                           Setup.obs
26   FIND_DATA                                          Setup.obs
27   FOLDER_APPDATA                                     iswi.obl(HelperFuncs.obs)
28   FOLDER_DESKTOP                                     iswi.obl(HelperFuncs.obs)
29   FOLDER_PERSONAL                                    iswi.obl(HelperFuncs.obs)
30   FOLDER_PROGRAMS                                    iswi.obl(HelperFuncs.obs)
31   FOLDER_STARTMENU                                   iswi.obl(HelperFuncs.obs)
32   FOLDER_STARTUP                                     iswi.obl(HelperFuncs.obs)
33   FOLDER_TEMP                                        iswi.obl(HelperFuncs.obs)
34   FavoritesFolder                                    iswi.obl(DebugSymbolsConv.obs)
35   FileRegistrar                                      Setup.obs
36   FontsFolder                                        iswi.obl(DebugSymbolsConv.obs)
37   IFX_COMPANY_NAME                                   Setup.obs
38   IFX_DISK1INSTALLED                                 Setup.obs
39   IFX_INITIALIZED                                    Setup.obs
40   IFX_INSTALLED_DISPLAY_VERSION                      Setup.obs
41   IFX_INSTALLED_VERSION                              Setup.obs
42   IFX_MULTI_INSTANCE_SUFFIX                          Setup.obs
43   IFX_PRODUCT_DISPLAY_NAME                           Setup.obs
44   IFX_PRODUCT_DISPLAY_VERSION                        Setup.obs
45   IFX_PRODUCT_KEY                                    Setup.obs
46   IFX_PRODUCT_NAME                                   Setup.obs
47   IFX_PRODUCT_VERSION                                Setup.obs
48   IFX_SETUP_TITLE                                    Setup.obs
49   IFX_SUPPORTED_VERSIONS                             Setup.obs
50   INSTALLDIR                                         Setup.obs
51   INSTALLSCRIPTMSI                                   iswi.obl(HelperFuncs.obs)
52   INSTANCE_GUID                                      iswi.obl(HelperFuncs.obs)
53   ISMSI_HANDLE                                       iswi.obl(DebugSymbolsConv.obs)
54   ISRES                                              iswi.obl(HelperFuncs.obs)
55   ISUSER                                             iswi.obl(HelperFuncs.obs)
56   ISUTIL_FUNCTION_ACTUAL_ERROR                       Setup.obs
57   ISUTIL_FUNCTION_ERROR                              iswi.obl(CompHelperFuncs.obs)
58   ISUTIL_LINE_NUMBER                                 Setup.obs
59   ISUTIL_POSITIVE_ERROR                              iswi.obl(CompHelperFuncs.obs)
60   ISUTIL_SCRIPT_FILE                                 Setup.obs
61   ISVERSION                                          iswi.obl(HelperFuncs.obs)
62   InetSRCDIR                                         Setup.obs
63   LAAW_PARAMETERS                                    Setup.obs
64   LAAW_PROCESS_INFORMATION                           Setup.obs
65   LAAW_STARTUPINFO                                   Setup.obs
66   LAST_RESULT                                        Setup.obs
67   LVITEM                                             iswi.obl(SdDiskReqs.obs)
68   LV_COLUMN                                          iswi.obl(SdDiskReqs.obs)
69   LocalAppDataFolder                                 iswi.obl(DebugSymbolsConv.obs)
70   LogDB                                              Setup.obs
71   MAINTENANCE                                        iswi.obl(HelperFuncs.obs)
72   MAINT_OPTION                                       iswi.obl(HelperFuncs.obs)
73   MEDIA                                              Setup.obs
74   MEDIA_INFO                                         iswi.obl(FeatureConv.obs)
75   MODE                                               Setup.obs
76   MSG                                                Setup.obs
77   MULTI_INSTANCE_COUNT                               iswi.obl(HelperFuncs.obs)
78   MainWindow                                         Setup.obs
79   MyPicturesFolder                                   iswi.obl(DebugSymbolsConv.obs)
80   NOTHING                                            Setup.obs
81   NetHoodFolder                                      iswi.obl(DebugSymbolsConv.obs)
82   OSINFO_PLATFORM_INFO                               Setup.obs
83   OSVERSIONINFO                                      Setup.obs
84   OSVERSIONINFOEX                                    Setup.obs
85   Objects                                            Setup.obs
86   PACKAGE_LOCATION                                   iswi.obl(HelperFuncs.obs)
87   PATCH                                              iswi.obl(DebugSymbolsConv.obs)
88   POINT                                              Setup.obs
89   PRIVILEGED                                         Setup.obs
90   PROCESS_INFORMATION                                Setup.obs
91   PRODUCT_GUID                                       iswi.obl(HelperFuncs.obs)
92   PROGRAMFILES                                       iswi.obl(HelperFuncs.obs)
93   PersonalFolder                                     iswi.obl(DebugSymbolsConv.obs)
94   PrintHoodFolder                                    iswi.obl(DebugSymbolsConv.obs)
95   ProgramFiles64Folder                               iswi.obl(DebugSymbolsConv.obs)
96   ProgramFilesFolder                                 iswi.obl(DebugSymbolsConv.obs)
97   ProgramMenuFolder                                  iswi.obl(DebugSymbolsConv.obs)
98   RECT                                               Setup.obs
99   REMOVEALLMODE                                      iswi.obl(HelperFuncs.obs)
100  Reboot                                             Setup.obs
101  RecentFolder                                       iswi.obl(DebugSymbolsConv.obs)
102  SELECTED_LANGUAGE                                  iswi.obl(HelperFuncs.obs)
103  SERVICE_IS_PARAMS                                  Setup.obs
104  SHELL_OBJECT_FOLDER                                Setup.obs
105  SHOW_PASSWORD_DIALOG                               iswi.obl(HelperFuncs.obs)
106  SRCDIR                                             Setup.obs
107  SRCDISK                                            iswi.obl(HelperFuncs.obs)
108  STARTUPINFO                                        Setup.obs
109  SUPPORTDIR                                         iswi.obl(HelperFuncs.obs)
110  SYSTEMTIME                                         Setup.obs
111  SYSTEMTIME2                                        iswi.obl(ErrHandler.obs)
112  SendToFolder                                       iswi.obl(DebugSymbolsConv.obs)
113  SetupInfo                                          Setup.obs
114  SourceDir                                          iswi.obl(DebugSymbolsConv.obs)
115  StartMenuFolder                                    iswi.obl(DebugSymbolsConv.obs)
116  StartupFolder                                      iswi.obl(DebugSymbolsConv.obs)
117  StatusDlg                                          Setup.obs
118  System16Folder                                     iswi.obl(DebugSymbolsConv.obs)
119  System64Folder                                     iswi.obl(DebugSymbolsConv.obs)
120  SystemFolder                                       iswi.obl(DebugSymbolsConv.obs)
121  TARGETDIR                                          Setup.obs
122  TARGETDISK                                         iswi.obl(HelperFuncs.obs)
123  TempFolder                                         iswi.obl(DebugSymbolsConv.obs)
124  TemplateFolder                                     iswi.obl(DebugSymbolsConv.obs)
125  TextSub                                            Setup.obs
126  UNINST                                             Setup.obs
127  UNINSTALL_STRING                                   Setup.obs
128  UPDATEMODE                                         Setup.obs
129  UPDATEMODE_SUPPORTED                               iswi.obl(HelperFuncs.obs)
130  WINDIR                                             iswi.obl(HelperFuncs.obs)
131  WINDISK                                            iswi.obl(HelperFuncs.obs)
132  WINSYSDIR                                          iswi.obl(HelperFuncs.obs)
133  WINSYSDISK                                         iswi.obl(HelperFuncs.obs)
134  WindowsFolder                                      iswi.obl(DebugSymbolsConv.obs)
135  WindowsVolume                                      iswi.obl(DebugSymbolsConv.obs)
136  _INT64                                             Setup.obs
137  _LAAW_PARAMETERS                                   Setup.obs
138  _LAAW_TEMP_DATA                                    isrt.obl(Extend.obs)
139  _RESTOREINFO_                                      Setup.obs
140  _RESTOREPTINFO                                     Setup.obs
141  _SERVICE_IS_PARAMS                                 Setup.obs
142  _SMGRSTATUS                                        Setup.obs
143  _SMGSTATUS_                                        Setup.obs
144  _WIN9X                                             Setup.obs
145  _WINNT                                             Setup.obs
146  __SYSTEMINFORMATION                                Setup.obs
147  __gbAliasingOff                                    iswi.obl(CompHelperFuncs.obs)
148  __gbCheckForUpdate                                 iswi.obl(CompHelperFuncs.obs)
149  __gbCheckUpdateReboot                              iswi.obl(CompHelperFuncs.obs)
150  __gbGetTarget                                      iswi.obl(CompHelperFuncs.obs)
151  __gbInitialized                                    iswi.obl(CompHelperFuncs.obs)
152  __gbInstallInfo                                    Setup.obs
153  __gbMaintenance                                    iswi.obl(CompHelperFuncs.obs)
154  __gbReopening                                      iswi.obl(CompHelperFuncs.obs)
155  __ghActiveDataBase                                 iswi.obl(CompHelperFuncs.obs)
156  __ghErrFileHandle                                  iswi.obl(CompHelperFuncs.obs)
157  __ghMsiInstall                                     iswi.obl(CompHelperFuncs.obs)
158  __gnButtonSelected                                 iswi.obl(CompHelperFuncs.obs)
159  __gnLastError                                      iswi.obl(CompHelperFuncs.obs)
160  __gnMsiReturn                                      iswi.obl(CompHelperFuncs.obs)
161  __gnOSMask                                         iswi.obl(CompHelperFuncs.obs)
162  __gnScriptMode                                     iswi.obl(CompHelperFuncs.obs)
163  __goISDriver                                       iswi.obl(CompHelperFuncs.obs)
164  __goLanguageFilter                                 iswi.obl(CompHelperFuncs.obs)
165  __goMsiServer                                      iswi.obl(CompHelperFuncs.obs)
166  __gsINSTALLDIR                                     iswi.obl(CompHelperFuncs.obs)
167  __gsProductGuid                                    iswi.obl(CompHelperFuncs.obs)
168  __gsSourceDir                                      iswi.obl(CompHelperFuncs.obs)
169  __hContext                                         iswi.obl(CompHelperFuncs.obs)
170  __objGlobalTextSub                                 Setup.obs
171  __objStringTable                                   iswi.obl(ISWiInit.obs)
172  __szGUID                                           isrt.obl(ISRTInit.obs)
173  bBackButton                                        Setup.obs
174  bCancelButton                                      Setup.obs
175  bEnterDiskBeep                                     iswi.obl(AdminAskPath.obs)
176  bFinishButton                                      Setup.obs
177  bIFXLFNoToAll                                      Setup.obs
178  bIFXLFOnRebootToAll                                Setup.obs
179  bIFXLFYesToAll                                     Setup.obs
180  bIFXMD5IgnoreToAll                                 Setup.obs
181  bIFXRONoToAll                                      Setup.obs
182  bIFXROYesToAll                                     Setup.obs
183  bIFXSFNoToAll                                      Setup.obs
184  bIFXSFYesToAll                                     Setup.obs
185  bIfxPCHInitialized                                 Setup.obs
186  bIfxPCHOn                                          Setup.obs
187  bInstall16                                         Setup.obs
188  bNextButton                                        Setup.obs
189  bSdInit                                            Setup.obs
190  bViewCmptKunits                                    Setup.obs
191  bViewCmptUseDecimal                                Setup.obs
192  g_bSuppressMissingStringWarning                    iswi.obl(DriverConv.obs)
193  nIfxPCHType                                        Setup.obs
194  szAppKey                                           Setup.obs
195  szInstallDeinstKey                                 Setup.obs
196  szSdProduct                                        Setup.obs
197  szSdStr_NotEnoughSpace                             Setup.obs
