***** External Functions *****
1    ADODBConnectAndExecuteStaging                      Setup.obs
2    ADODBConnectExecuteAndReturnStaging                Setup.obs
3    AddCommandTextToList                               Setup.obs
4    AddFontRegistrationToLog                           isrt.obl(Misc.obs)
5    AppSearch                                          isrt.obl(Driver.obs)
6    AskOptions                                         isrt.obl(ISRTScriptDialogs.obs)
7    AskPath                                            isrt.obl(ISRTScriptDialogs.obs)
8    AskYesNo                                           isrt.obl(ISRTScriptDialogsPriv.obs)
9    CCPSearch                                          isrt.obl(Driver.obs)
10   ChangeDirectory                                    isrt.obl(Files.obs)
11   CheckTypeofInstallation                            Setup.obs
12   ClearReadOnly                                      Setup.obs
13   CloseFile                                          isrt.obl(Files.obs)
14   CmdGetHwndDlg                                      isrt.obl(CustomDialog.obs)
15   CoCreateObject                                     isrt.obl(Misc.obs)
16   CompareVersion                                     Setup.obs
17   ComponentAddFileToLog                              isrt.obl(component.obs)
18   ComponentIsItemSelected                            isrt.obl(component.obs)
19   ComponentListItems                                 isrt.obl(component.obs)
20   ComponentSelectItem                                isrt.obl(component.obs)
21   ComponentTreeInit                                  isrt.obl(Dialogs.obs)
22   CopyDTUFiles                                       Setup.obs
23   CopyStagingDatabasebackupToRemoteServer            Setup.obs
24   CreateDTURegistry                                  Setup.obs
25   CreateDir                                          isrt.obl(Files.obs)
26   CreateFile                                         isrt.obl(Files.obs)
27   CreateInstallationInfo                             isrt.obl(Registry.obs)
28   CreateLogFile                                      Setup.obs
29   CreateObject                                       isrt.obl(Misc.obs)
30   CreateRegistrySet                                  isrt.obl(Feature.obs)
31   CreateStagingDatabaseFromBackup                    Setup.obs
32   CtrlGetCurSel                                      isrt.obl(CustomDialog.obs)
33   CtrlGetDlgItem                                     isrt.obl(CustomDialog.obs)
34   CtrlGetState                                       isrt.obl(CustomDialog.obs)
35   CtrlGetSubCommand                                  isrt.obl(CustomDialog.obs)
36   CtrlGetText                                        isrt.obl(CustomDialog.obs)
37   CtrlSelectText                                     isrt.obl(CustomDialog.obs)
38   CtrlSetCurSel                                      isrt.obl(CustomDialog.obs)
39   CtrlSetList                                        isrt.obl(CustomDialog.obs)
40   CtrlSetState                                       isrt.obl(CustomDialog.obs)
41   CtrlSetText                                        isrt.obl(CustomDialog.obs)
42   DIFxDriverPackageUninstall                         isrt.obl(ISDIFx.obs)
43   DRMINSTALLERPRO.DRMInstallPRO                      isrt.obl(Activation.obs)
44   DRMINSTALLERPRO.DRMUnInstallPRO                    isrt.obl(Activation.obs)
45   DTU_Installed                                      Setup.obs
46   DTU_UnInstalled                                    Setup.obs
47   DatabaseExecutePure                                Setup.obs
48   DatabaseExecuteStaging                             Setup.obs
49   DefineDialog                                       isrt.obl(CustomDialog.obs)
50   Delay                                              isrt.obl(Misc.obs)
51   DeleteDTU2Files                                    Setup.obs
52   DeleteDir                                          isrt.obl(Files.obs)
53   DeleteFile                                         isrt.obl(Files.obs)
54   DeleteSingleFile                                   isrt.obl(Files.obs)
55   DialogSetDefaultFont                               isrt.obl(Dialogs.obs)
56   DialogSetFont                                      isrt.obl(Dialogs.obs)
57   DialogSetInfo                                      isrt.obl(Dialogs.obs)
58   Disable                                            isrt.obl(Enable.obs)
59   DllSizeOf                                          isrt.obl(Str.obs)
60   Do                                                 isrt.obl(Misc.obs)
61   Enable                                             isrt.obl(Enable.obs)
62   EndCurrentDialog                                   isrt.obl(Dialogs.obs)
63   EndDialog                                          isrt.obl(CustomDialog.obs)
64   EnterDisk                                          isrt.obl(ISRTScriptDialogs.obs)
65   EnterDiskError                                     isrt.obl(ISRTScriptDialogs.obs)
66   EnterPassword                                      isrt.obl(ISRTScriptDialogs.obs)
67   ExistsDir                                          isrt.obl(Files.obs)
68   ExistsDisk                                         isrt.obl(Files.obs)
69   ExitInstall                                        isrt.obl(Driver.obs)
70   EzDefineDialog                                     isrt.obl(CustomDialog.obs)
71   FeatureAddFileToLog                                isrt.obl(Feature.obs)
72   FeatureErrorInfo                                   isrt.obl(Feature.obs)
73   FeatureFilterLanguage                              isrt.obl(Feature.obs)
74   FeatureFilterOS                                    isrt.obl(Feature.obs)
75   FeatureIsItemSelected                              isrt.obl(Feature.obs)
76   FeatureListItems                                   isrt.obl(Feature.obs)
77   FeatureReinstall                                   isrt.obl(Feature.obs)
78   FeatureRemoveAllInLogOnly                          isrt.obl(Feature.obs)
79   FeatureRemoveAllInMedia                            isrt.obl(Feature.obs)
80   FeatureRemoveAllInMediaAndLog                      isrt.obl(Feature.obs)
81   FeatureSaveTarget                                  isrt.obl(Feature.obs)
82   FeatureSelectItem                                  isrt.obl(Feature.obs)
83   FeatureTransferData                                isrt.obl(Feature.obs)
84   FeatureValidate                                    isrt.obl(Feature.obs)
85   FinalConstruct                                     ifx.obl(EventsPriv.obs)
86   FinalRelease                                       ifx.obl(EventsPriv.obs)
87   FindAllDirs                                        isrt.obl(Files.obs)
88   FindAllFiles                                       isrt.obl(Files.obs)
89   FindFile                                           isrt.obl(Files.obs)
90   FormatMessage                                      isrt.obl(Misc.obs)
91   GDI32.AddFontResource                              Setup.obs
92   GDI32.CreateRectRgn                                Setup.obs
93   GDI32.GetDeviceCaps                                Setup.obs
94   GDI32.RemoveFontResource                           Setup.obs
95   GetAddRemove                                       isrt.obl(SysVars.obs)
96   GetBillboard                                       isrt.obl(SysVars.obs)
97   GetConnectionString                                Setup.obs
98   GetConnectionStringStaging                         Setup.obs
99   GetCurrentDialogName                               isrt.obl(Dialogs.obs)
100  GetCurrentDir                                      isrt.obl(Files.obs)
101  GetDTURegistry                                     Setup.obs
102  GetDialogTitle                                     isrt.obl(Dialogs.obs)
103  GetDir                                             isrt.obl(Str.obs)
104  GetDisk                                            isrt.obl(Str.obs)
105  GetDiskSpace                                       isrt.obl(GSI.obs)
106  GetDiskSpaceEx                                     isrt.obl(GSI.obs)
107  GetEnabledIServices                                isrt.obl(SysVars.obs)
108  GetEnvVar                                          isrt.obl(GSI.obs)
109  GetErrorMsg                                        isrt.obl(Dialogs.obs)
110  GetErrorTitle                                      isrt.obl(Dialogs.obs)
111  GetExtents                                         isrt.obl(GSI.obs)
112  GetFolderApplications                              isrt.obl(SysVars.obs)
113  GetFolderApplications64                            isrt.obl(SysVars.obs)
114  GetFolderDotNet10                                  isrt.obl(SysVars.obs)
115  GetFolderDotNet11                                  isrt.obl(SysVars.obs)
116  GetFolderDotNet20                                  isrt.obl(SysVars.obs)
117  GetFolderFonts                                     isrt.obl(SysVars.obs)
118  GetFont                                            isrt.obl(ui.obs)
119  GetFromRegistry                                    Setup.obs
120  GetISRes                                           isrt.obl(SysVars.obs)
121  GetInstallScriptMSI                                isrt.obl(SysVars.obs)
122  GetInstallScriptMSIEEUI                            isrt.obl(SysVars.obs)
123  GetInstanceGUID                                    isrt.obl(SysVars.obs)
124  GetKeyPathWinCurrVerAuto                           isrt.obl(SysVars.obs)
125  GetLine                                            isrt.obl(Files.obs)
126  GetLog                                             isrt.obl(SysVars.obs)
127  GetLogEx                                           isrt.obl(SysVars.obs)
128  GetMaintOption                                     isrt.obl(SysVars.obs)
129  GetMaintenance                                     isrt.obl(SysVars.obs)
130  GetMultiInstanceCount                              isrt.obl(SysVars.obs)
131  GetOpenFileMode                                    isrt.obl(Files.obs)
132  GetPackageLocation                                 isrt.obl(SysVars.obs)
133  GetProductGUID                                     isrt.obl(SysVars.obs)
134  GetProfSectionKeyCount                             isrt.obl(Profile.obs)
135  GetProfString                                      isrt.obl(Profile.obs)
136  GetProfStringList                                  isrt.obl(Profile.obs)
137  GetProgramFiles                                    isrt.obl(SysVars.obs)
138  GetPureDBDetailFromRegistry                        Setup.obs
139  GetPureInstallPath                                 Setup.obs
140  GetReinstallMode                                   isrt.obl(SysVars.obs)
141  GetRemoveAllMode                                   isrt.obl(SysVars.obs)
142  GetRemoveOnly                                      isrt.obl(SysVars.obs)
143  GetShowPasswordDialog                              isrt.obl(SysVars.obs)
144  GetStandardSelectedLanguage                        isrt.obl(SysVars.obs)
145  GetSupportDir                                      isrt.obl(SysVars.obs)
146  GetSystemInfo                                      isrt.obl(GSI.obs)
147  GetTempFolder                                      isrt.obl(SysVars.obs)
148  GetTrueTypeFontFileInfo                            isrt.obl(Misc.obs)
149  GetUserSelectableAuto                              isrt.obl(SysVars.obs)
150  GetWinDir                                          isrt.obl(SysVars.obs)
151  GetWinDisk                                         isrt.obl(SysVars.obs)
152  GetWinSysDir                                       isrt.obl(SysVars.obs)
153  GetWindowHandle                                    isrt.obl(Misc.obs)
154  HIWORD                                             isrt.obl(Misc.obs)
155  ISDeterminePlatform                                isrt.obl(OsInfo.obs)
156  ISMIF32.InstallStatusMIF                           isrt.obl(MIF.obs)
157  ISRT.ComponentViewSetInfoEx                        isrt.obl(Dialogs.obs)
158  ISRT.EnableHourGlass                               isrt.obl(Enable.obs)
159  ISRT.GetCPUType                                    isrt.obl(GSI.obs)
160  ISRT.GetFontSub                                    isrt.obl(Dialogs.obs)
161  ISRT.GetHandle                                     Setup.obs
162  ISRT.GetPorts                                      isrt.obl(GSI.obs)
163  ISRT.IsEmpty                                       Setup.obs
164  ISRT.IsNTAdmin                                     isrt.obl(Is.obs)
165  ISRT.IsObject                                      Setup.obs
166  ISRT.IsPowerUser                                   isrt.obl(Is.obs)
167  ISRT.LangLoadString                                isrt.obl(SDINT.obs)
168  ISRT.MessageBeepP                                  Setup.obs
169  ISRT.PathCompactPathPixel                          isrt.obl(CustomDialog.obs)
170  ISRT.PathGetDir                                    isrt.obl(Str.obs)
171  ISRT.PathGetDrive                                  isrt.obl(Str.obs)
172  ISRT.PathGetFile                                   isrt.obl(Files.obs)
173  ISRT.PathGetFileExt                                isrt.obl(Str.obs)
174  ISRT.PathGetFileName                               isrt.obl(Str.obs)
175  ISRT.PathGetLongFromShort                          isrt.obl(Str.obs)
176  ISRT.PathGetPath                                   isrt.obl(Str.obs)
177  ISRT.PathIsValidSyntax                             isrt.obl(Is.obs)
178  ISRT.VerGetFileVersion                             Setup.obs
179  ISRT._AppSearch                                    Setup.obs
180  ISRT._BrowseForFolder                              isrt.obl(ISRTScriptDialogsPriv.obs)
181  ISRT._CCPSearch                                    Setup.obs
182  ISRT._CleanupInet                                  isrt.obl(MIO.obs)
183  ISRT._CloseFile                                    isrt.obl(Files.obs)
184  ISRT._CmdGetHwndDlg                                isrt.obl(CustomDialog.obs)
185  ISRT._CompareDWORD                                 isrt.obl(Extend.obs)
186  ISRT._ComponentErrorInfo                           isrt.obl(Feature.obs)
187  ISRT._ComponentFilterLanguage                      isrt.obl(Feature.obs)
188  ISRT._ComponentFilterOS                            isrt.obl(Feature.obs)
189  ISRT._ComponentIsItemSelected                      isrt.obl(Feature.obs)
190  ISRT._ComponentListItems                           isrt.obl(Feature.obs)
191  ISRT._ComponentReinstall                           isrt.obl(Feature.obs)
192  ISRT._ComponentRemoveAll                           isrt.obl(Feature.obs)
193  ISRT._ComponentRemoveAllInLogOnly                  isrt.obl(Feature.obs)
194  ISRT._ComponentSaveTarget                          isrt.obl(Feature.obs)
195  ISRT._ComponentSelectItem                          isrt.obl(Feature.obs)
196  ISRT._ComponentTransferData                        isrt.obl(Feature.obs)
197  ISRT._ComponentValidate                            isrt.obl(Feature.obs)
198  ISRT._CreateDir                                    isrt.obl(Files.obs)
199  ISRT._CreateObject                                 isrt.obl(Misc.obs)
200  ISRT._CreateRegistrySet                            isrt.obl(Feature.obs)
201  ISRT._CtrlGetSubCommand                            isrt.obl(CustomDialog.obs)
202  ISRT._CtrlSetHtmlContent                           isrt.obl(CustomDialog.obs)
203  ISRT._DIFxDriverPackageUninstall                   isrt.obl(ISDIFx.obs)
204  ISRT._DefineDialog                                 isrt.obl(CustomDialog.obs)
205  ISRT._DialogSetFont                                isrt.obl(Dialogs.obs)
206  ISRT._DisableStatus                                isrt.obl(Enable.obs)
207  ISRT._DoSprintf                                    isrt.obl(ISRTScriptDialogsPriv.obs)
208  ISRT._EnableDialogCache                            isrt.obl(Enable.obs)
209  ISRT._EnablePrevDialog                             Setup.obs
210  ISRT._EnableSkins                                  isrt.obl(Enable.obs)
211  ISRT._EnableStatus                                 isrt.obl(Enable.obs)
212  ISRT._EnableWow64FsRedirection                     isrt.obl(Enable.obs)
213  ISRT._EndDialog                                    isrt.obl(CustomDialog.obs)
214  ISRT._ExistsDir                                    isrt.obl(Files.obs)
215  ISRT._ExistsDisk                                   isrt.obl(Files.obs)
216  ISRT._ExistsFile                                   isrt.obl(Files.obs)
217  ISRT._ExitInstall                                  Setup.obs
218  ISRT._FileCopy                                     isrt.obl(Files.obs)
219  ISRT._GetCurrentDialogName                         isrt.obl(Dialogs.obs)
220  ISRT._GetDiskSpaceEx                               isrt.obl(GSI.obs)
221  ISRT._GetFont                                      isrt.obl(ui.obs)
222  ISRT._GetGlobalFlags                               ifx.obl(EventsPriv.obs)
223  ISRT._GetGlobalMemorySize                          isrt.obl(GSI.obs)
224  ISRT._GetLine                                      isrt.obl(Files.obs)
225  ISRT._GetLineSize                                  isrt.obl(Files.obs)
226  ISRT._GetProcessorInfo                             isrt.obl(OsInfo.obs)
227  ISRT._GetRunningChildProcessEx2                    isrt.obl(Extend.obs)
228  ISRT._GetStandardLangId                            isrt.obl(Misc.obs)
229  ISRT._GetSupportDir                                isrt.obl(SysVars.obs)
230  ISRT._GetTrueTypeFontFileInfo                      isrt.obl(Misc.obs)
231  ISRT._GetVirtualMachineType                        isrt.obl(GSI.obs)
232  ISRT._InetEndofTransfer                            isrt.obl(iftw.obs)
233  ISRT._InetGetNextDisk                              isrt.obl(iftw.obs)
234  ISRT._InitInstall                                  Setup.obs
235  ISRT._IsFontTypefaceNameAvailable                  isrt.obl(Is.obs)
236  ISRT._IsInAdminGroup                               isrt.obl(Is.obs)
237  ISRT._IsLangSupported                              isrt.obl(Is.obs)
238  ISRT._IsSkinLoaded                                 isrt.obl(Is.obs)
239  ISRT._IsVirtualMachine                             isrt.obl(OsInfo.obs)
240  ISRT._IsWindowsME                                  isrt.obl(GSI.obs)
241  ISRT._IsWow64                                      isrt.obl(OsInfo.obs)
242  ISRT._ListAddItem                                  isrt.obl(scrlist.obs)
243  ISRT._ListAddString                                isrt.obl(scrlist.obs)
244  ISRT._ListCount                                    isrt.obl(scrlist.obs)
245  ISRT._ListCreate                                   isrt.obl(scrlist.obs)
246  ISRT._ListCurrentString                            isrt.obl(scrlist.obs)
247  ISRT._ListDeleteItem                               isrt.obl(scrlist.obs)
248  ISRT._ListDeleteString                             isrt.obl(scrlist.obs)
249  ISRT._ListDestroy                                  isrt.obl(scrlist.obs)
250  ISRT._ListFindString                               isrt.obl(scrlist.obs)
251  ISRT._ListGetFirstItem                             isrt.obl(scrlist.obs)
252  ISRT._ListGetFirstString                           isrt.obl(scrlist.obs)
253  ISRT._ListGetNextItem                              isrt.obl(scrlist.obs)
254  ISRT._ListGetNextString                            isrt.obl(scrlist.obs)
255  ISRT._ListGetType                                  isrt.obl(scrlist.obs)
256  ISRT._ListReadFromFile                             isrt.obl(scrlist.obs)
257  ISRT._ListSetIndex                                 isrt.obl(scrlist.obs)
258  ISRT._MediaGetFilteringInfo                        isrt.obl(Feature.obs)
259  ISRT._MediaGetInfo                                 isrt.obl(Feature.obs)
260  ISRT._OnUninstPriv                                 Setup.obs
261  ISRT._OpenFile                                     isrt.obl(Files.obs)
262  ISRT._Preprogram                                   Setup.obs
263  ISRT._Rebooted                                     Setup.obs
264  ISRT._RegCreateKey                                 isrt.obl(Registry.obs)
265  ISRT._RegDeleteValue                               isrt.obl(Registry.obs)
266  ISRT._RegEnableTextSubs                            isrt.obl(Enable.obs)
267  ISRT._RegEnum                                      isrt.obl(Registry.obs)
268  ISRT._RegExistsKey                                 isrt.obl(Registry.obs)
269  ISRT._RegGetOptions                                isrt.obl(SysVars.obs)
270  ISRT._RegIsRemoteRegConnected                      isrt.obl(Is.obs)
271  ISRT._RegQueryKeyBinaryValue                       isrt.obl(Registry.obs)
272  ISRT._RegQueryKeyValue                             isrt.obl(Registry.obs)
273  ISRT._RegSetKeyBinaryValue                         isrt.obl(Registry.obs)
274  ISRT._RegSetKeyValue                               isrt.obl(Registry.obs)
275  ISRT._RegSetOptions                                isrt.obl(SysVars.obs)
276  ISRT._ReleaseDialog                                isrt.obl(CustomDialog.obs)
277  ISRT._SdShowMsg                                    isrt.obl(ISRTScriptDialogsPriv.obs)
278  ISRT._SetAltMainImage                              isrt.obl(Dialogs.obs)
279  ISRT._SetDisplayEffect                             isrt.obl(ui.obs)
280  ISRT._SetGlobalFlags                               ifx.obl(EventsPriv.obs)
281  ISRT._SetPaletteFile                               isrt.obl(MIO.obs)
282  ISRT._SetSilentSdShowMsg                           isrt.obl(Enable.obs)
283  ISRT._SetTitle                                     isrt.obl(ui.obs)
284  ISRT._SetupInet                                    isrt.obl(MIO.obs)
285  ISRT._SetupTraceWrite                              isrt.obl(Misc.obs)
286  ISRT._ShowObjWizardPages                           isrt.obl(Objects.obs)
287  ISRT._ShowWizardPages                              Setup.obs
288  ISRT._StatusUpdate                                 isrt.obl(ui.obs)
289  ISRT._WaitOnDialog                                 isrt.obl(CustomDialog.obs)
290  ISRT._WriteLine                                    isrt.obl(Files.obs)
291  ISRT.__CreateObjectContext                         isrt.obl(ISRTInit.obs)
292  ISRT.__GetCmdLineOptions                           isrt.obl(ISRTInit.obs)
293  ISRT.__GetContextGUID                              isrt.obl(ISRTInit.obs)
294  ISRT.__GetEnabledIServices                         isrt.obl(SysVars.obs)
295  ISRT.__GetFileRegistrar                            isrt.obl(ISRTInit.obs)
296  ISRT.__GetInfo                                     isrt.obl(ISRTInit.obs)
297  ISRT.__GetInstallGuid                              isrt.obl(SysVars.obs)
298  ISRT.__GetLog                                      isrt.obl(SysVars.obs)
299  ISRT.__GetLogDB                                    isrt.obl(ISRTInit.obs)
300  ISRT.__GetLogEx                                    isrt.obl(SysVars.obs)
301  ISRT.__GetMainWindow                               Setup.obs
302  ISRT.__GetMaintOption                              isrt.obl(SysVars.obs)
303  ISRT.__GetMaintenanceMode                          isrt.obl(SysVars.obs)
304  ISRT.__GetObjects                                  isrt.obl(ISRTInit.obs)
305  ISRT.__GetProductGuid                              isrt.obl(SysVars.obs)
306  ISRT.__GetProgress                                 Setup.obs
307  ISRT.__GetReboot                                   isrt.obl(ISRTInit.obs)
308  ISRT.__GetReinstallMode                            isrt.obl(SysVars.obs)
309  ISRT.__GetRemoveAllMode                            isrt.obl(SysVars.obs)
310  ISRT.__GetTextSub                                  isrt.obl(ISRTInit.obs)
311  ISRT.__GetUpdateMode                               isrt.obl(SysVars.obs)
312  ISRT.__GetUser                                     isrt.obl(MIO.obs)
313  ISRT.__ISRTGetPropertyBag                          ifx.obl(PersistPropertyBag.obs)
314  ISRT.__ISRTReleasePropertyBag                      ifx.obl(PersistPropertyBag.obs)
315  ISRT.__LoadString                                  isrt.obl(LoadStr.obs)
316  ISRT.__PutEnabledIServices                         isrt.obl(Enable.obs)
317  ISRT.__ReleaseObjectContext                        isrt.obl(ISRTInit.obs)
318  ISRT.__RestoreMainLog                              isrt.obl(ISRTInit.obs)
319  ISRT.__RestoreMainLogEx                            isrt.obl(ISRTInit.obs)
320  ISRT.__SetComponentLog                             isrt.obl(ISRTInit.obs)
321  ISRT.__SetUpdateMode                               isrt.obl(SysVars.obs)
322  ISRTHandleScriptException                          isrt.obl(Misc.obs)
323  ISRTOnUninstPriv                                   isrt.obl(Driver.obs)
324  ISRTPreprogram                                     isrt.obl(Driver.obs)
325  IfxFilterComponents                                ifx.obl(EventsSetupPriv.obs)
326  IfxFinalConstruct                                  ifx.obl(EventsSetupPriv.obs)
327  IfxFinalRelease                                    ifx.obl(EventsSetupPriv.obs)
328  IfxInitProperties                                  ifx.obl(PersistPropertyBag.obs)
329  IfxOnAbortInstall                                  ifx.obl(EventsPriv.obs)
330  IfxOnAppSearch                                     ifx.obl(EventsPriv.obs)
331  IfxOnCCPSearch                                     ifx.obl(EventsPriv.obs)
332  IfxOnCanceling                                     ifx.obl(EventsPriv.obs)
333  IfxOnDisk1Installed                                ifx.obl(EventsSetupPriv.obs)
334  IfxOnDisk1Installing                               ifx.obl(EventsSetupPriv.obs)
335  IfxOnExitInstall                                   ifx.obl(EventsSetupPriv.obs)
336  IfxOnFileError                                     ifx.obl(EventsSetupPriv.obs)
337  IfxOnFileLocked                                    ifx.obl(EventsSetupPriv.obs)
338  IfxOnFileReadOnly                                  ifx.obl(EventsSetupPriv.obs)
339  IfxOnGeneralScriptOp                               ifx.obl(EventsPriv.obs)
340  IfxOnHelp                                          ifx.obl(EventsPriv.obs)
341  IfxOnInitInstall                                   ifx.obl(EventsSetupPriv.obs)
342  IfxOnInternetError                                 ifx.obl(EventsSetupPriv.obs)
343  IfxOnMD5Error                                      ifx.obl(EventsSetupPriv.obs)
344  IfxOnNextDisk                                      ifx.obl(EventsSetupPriv.obs)
345  IfxOnRebooted                                      ifx.obl(EventsPriv.obs)
346  IfxOnRemovingSharedFile                            ifx.obl(EventsSetupPriv.obs)
347  IfxOnShowWizardPages                               ifx.obl(EventsSetupPriv.obs)
348  IfxOnTransferred                                   ifx.obl(EventsPriv.obs)
349  IfxOnTransferring                                  ifx.obl(EventsSetupPriv.obs)
350  IfxOnUnhandledException                            ifx.obl(EventsPriv.obs)
351  IfxOnUninst                                        ifx.obl(EventsSetupPriv.obs)
352  IfxOnUninstPriv                                    ifx.obl(EventsSetupPriv.obs)
353  IfxPostprogram                                     ifx.obl(EventsSetupPriv.obs)
354  IfxPreprogram                                      ifx.obl(EventsSetupPriv.obs)
355  IfxReadProperties                                  ifx.obl(PersistPropertyBag.obs)
356  IfxRunAfterReboot                                  ifx.obl(EventsSetupPriv.obs)
357  IfxWriteProperties                                 ifx.obl(PersistPropertyBag.obs)
358  InetEndofTransfer                                  isrt.obl(iftw.obs)
359  InetNextDisk                                       isrt.obl(iftw.obs)
360  InitInstall                                        isrt.obl(Driver.obs)
361  InitProperties                                     ifx.obl(PersistPropertyBag.obs)
362  Is                                                 isrt.obl(Is.obs)
363  IsInetInstall                                      isrt.obl(iftw.obs)
364  KERNEL.GetModuleHandle                             Setup.obs
365  KERNEL32.CloseHandle                               Setup.obs
366  KERNEL32.CreateFileW                               Setup.obs
367  KERNEL32.CreateProcess                             Setup.obs
368  KERNEL32.DeleteFileW                               Setup.obs
369  KERNEL32.FileTimeToLocalFileTime                   Setup.obs
370  KERNEL32.FileTimeToSystemTime                      Setup.obs
371  KERNEL32.FindClose                                 Setup.obs
372  KERNEL32.FindFirstFileW                            Setup.obs
373  KERNEL32.FindNextFileW                             Setup.obs
374  KERNEL32.FormatMessageW                            Setup.obs
375  KERNEL32.FreeLibrary                               Setup.obs
376  KERNEL32.GetCurrentDirectoryW                      Setup.obs
377  KERNEL32.GetDriveType                              Setup.obs
378  KERNEL32.GetEnvironmentVariable                    Setup.obs
379  KERNEL32.GetExitCodeProcess                        Setup.obs
380  KERNEL32.GetFileAttributesW                        Setup.obs
381  KERNEL32.GetFileTime                               Setup.obs
382  KERNEL32.GetLocalTime                              Setup.obs
383  KERNEL32.GetLocaleInfo                             Setup.obs
384  KERNEL32.GetPrivateProfileSectionW                 Setup.obs
385  KERNEL32.GetPrivateProfileString                   Setup.obs
386  KERNEL32.GetPrivateProfileStringW                  Setup.obs
387  KERNEL32.GetProcAddress                            Setup.obs
388  KERNEL32.GetProcessId                              Setup.obs
389  KERNEL32.GetProfileStringW                         Setup.obs
390  KERNEL32.GetSystemDefaultLCID                      Setup.obs
391  KERNEL32.GetSystemDefaultLangID                    Setup.obs
392  KERNEL32.GetSystemDefaultUILanguage                Setup.obs
393  KERNEL32.GetTickCount                              Setup.obs
394  KERNEL32.GetUserDefaultLangID                      Setup.obs
395  KERNEL32.GetVersion                                Setup.obs
396  KERNEL32.GetVersionEx                              Setup.obs
397  KERNEL32.GetVolumeInformation                      Setup.obs
398  KERNEL32.GetWindowsDirectory                       Setup.obs
399  KERNEL32.LoadLibraryW                              Setup.obs
400  KERNEL32.LocalFileTimeToFileTime                   Setup.obs
401  KERNEL32.RemoveDirectoryW                          Setup.obs
402  KERNEL32.SetCurrentDirectoryW                      Setup.obs
403  KERNEL32.SetFileAttributesW                        Setup.obs
404  KERNEL32.SetFileTime                               Setup.obs
405  KERNEL32.Sleep                                     Setup.obs
406  KERNEL32.SystemTimeToFileTime                      Setup.obs
407  KERNEL32.WritePrivateProfileString                 Setup.obs
408  KERNEL32.WritePrivateProfileStringW                Setup.obs
409  KERNEL32.WriteProfileStringW                       Setup.obs
410  KERNEL32.lstrlenW                                  Setup.obs
411  LOWORD                                             isrt.obl(Misc.obs)
412  LaunchAppAndWait                                   isrt.obl(Extend.obs)
413  LaunchAppAndWaitInitStartupInfo                    isrt.obl(Extend.obs)
414  LaunchApplication                                  isrt.obl(Extend.obs)
415  LaunchApplicationInit                              isrt.obl(Extend.obs)
416  ListAddItem                                        isrt.obl(scrlist.obs)
417  ListAddString                                      isrt.obl(scrlist.obs)
418  ListCount                                          isrt.obl(scrlist.obs)
419  ListCreate                                         isrt.obl(scrlist.obs)
420  ListCurrentString                                  isrt.obl(scrlist.obs)
421  ListDeleteItem                                     isrt.obl(scrlist.obs)
422  ListDeleteString                                   isrt.obl(scrlist.obs)
423  ListDestroy                                        isrt.obl(scrlist.obs)
424  ListFindString                                     isrt.obl(scrlist.obs)
425  ListGetFirstItem                                   isrt.obl(scrlist.obs)
426  ListGetFirstString                                 isrt.obl(scrlist.obs)
427  ListGetNextItem                                    isrt.obl(scrlist.obs)
428  ListGetNextString                                  isrt.obl(scrlist.obs)
429  ListGetType                                        isrt.obl(scrlist.obs)
430  ListReadFromFile                                   isrt.obl(scrlist.obs)
431  ListSetIndex                                       isrt.obl(scrlist.obs)
432  ListValid                                          isrt.obl(scrlist.obs)
433  ListValidType                                      isrt.obl(scrlist.obs)
434  LoadStringFromStringTable                          isrt.obl(Str.obs)
435  LogReadCustomString                                isrt.obl(Misc.obs)
436  LogReadCustomVariant                               isrt.obl(Misc.obs)
437  LogWriteCustomString                               isrt.obl(Misc.obs)
438  LogWriteCustomVariant                              isrt.obl(Misc.obs)
439  LongPathFromShortPath                              isrt.obl(Str.obs)
440  LongPathToQuote                                    isrt.obl(Str.obs)
441  MAKELONG                                           isrt.obl(Misc.obs)
442  MIFCreateMIFFile                                   isrt.obl(MIF.obs)
443  MIFDeleteMIFFile                                   isrt.obl(MIF.obs)
444  MIFInitialize                                      isrt.obl(MIF.obs)
445  MIFSetInformation                                  isrt.obl(MIF.obs)
446  MIFUnInitialize                                    isrt.obl(MIF.obs)
447  MIFWasSetInformationCalled                         isrt.obl(MIF.obs)
448  MIOShutdown                                        isrt.obl(MIO.obs)
449  MIOStartup                                         isrt.obl(MIO.obs)
450  MaintenanceStart                                   isrt.obl(Registry.obs)
451  MediaGetData                                       isrt.obl(Feature.obs)
452  MediaGetDataEx                                     isrt.obl(Feature.obs)
453  MessageBeep                                        isrt.obl(Misc.obs)
454  MessageBox                                         isrt.obl(ISRTScriptDialogsPriv.obs)
455  MessageBoxEx                                       isrt.obl(ISRTScriptDialogsPriv.obs)
456  OnAbort                                            ifx.obl(EventsSetup.obs)
457  OnAppSearch                                        ifx.obl(EventsSetup.obs)
458  OnBegin                                            Setup.obs
459  OnCCPSearch                                        ifx.obl(EventsSetup.obs)
460  OnCanceling                                        ifx.obl(EventsSetup.obs)
461  OnCheckMediaPassword                               ifx.obl(EventsSetup.obs)
462  OnComponentError                                   ifx.obl(EventsSetup.obs)
463  OnCustomizeUninstInfo                              ifx.obl(EventsSetup.obs)
464  OnDIFxLogCallback                                  ifx.obl(EventsSetup.obs)
465  OnDIFxLogCallbackImpl                              isrt.obl(ISDIFx.obs)
466  OnEnd                                              ifx.obl(EventsSetup.obs)
467  OnFileError                                        ifx.obl(EventsSetup.obs)
468  OnFileLocked                                       ifx.obl(EventsSetup.obs)
469  OnFileReadOnly                                     ifx.obl(EventsSetup.obs)
470  OnFilterComponents                                 ifx.obl(EventsSetup.obs)
471  OnFirstUIAfter                                     Setup.obs
472  OnFirstUIBefore                                    Setup.obs
473  OnHelp                                             ifx.obl(EventsSetup.obs)
474  OnIISAppPoolUninstalling                           ifx.obl(EventsPriv.obs)
475  OnIISCheckRequirements                             ifx.obl(EventsPriv.obs)
476  OnIISComponentInstalled                            ifx.obl(EventsPriv.obs)
477  OnIISInitialize                                    ifx.obl(EventsPriv.obs)
478  OnIISUninitialize                                  ifx.obl(EventsPriv.obs)
479  OnIISVRootUninstalling                             ifx.obl(EventsPriv.obs)
480  OnIISWebServiceExtensionUninstalling               ifx.obl(EventsPriv.obs)
481  OnIISWebSiteUninstalling                           ifx.obl(EventsPriv.obs)
482  OnInstallDRMService                                isrt.obl(Activation.obs)
483  OnInstalledFile                                    ifx.obl(EventsSetup.obs)
484  OnInstalledFontFile                                ifx.obl(EventsSetup.obs)
485  OnInstallingFile                                   ifx.obl(EventsSetup.obs)
486  OnInternetError                                    ifx.obl(EventsSetup.obs)
487  OnLaunchAppAndWaitCallback                         ifx.obl(EventsSetup.obs)
488  OnMD5Error                                         ifx.obl(EventsSetup.obs)
489  OnMaintUIAfter                                     Setup.obs
490  OnMaintUIBefore                                    Setup.obs
491  OnMoveData                                         ifx.obl(EventsSetup.obs)
492  OnMoved                                            ifx.obl(EventsSetup.obs)
493  OnMoving                                           ifx.obl(EventsSetup.obs)
494  OnNetApiCreateUserAccount                          ifx.obl(EventsSetup.obs)
495  OnNetApiCreateUserAccountInternal                  isrt.obl(NetApiRT.obs)
496  OnNextDisk                                         ifx.obl(EventsSetup.obs)
497  OnRebooted                                         ifx.obl(EventsSetup.obs)
498  OnRemovingSharedFile                               ifx.obl(EventsSetup.obs)
499  OnSQLBatchScripts                                  ifx.obl(EventsPriv.obs)
500  OnSQLComponentInstalled                            ifx.obl(EventsPriv.obs)
501  OnSQLComponentUninstalled                          ifx.obl(EventsPriv.obs)
502  OnSQLServerInitialize                              ifx.obl(EventsPriv.obs)
503  OnSQLServerInitializeMaint                         ifx.obl(EventsPriv.obs)
504  OnSelfRegistrationError                            ifx.obl(EventsSetup.obs)
505  OnSetTARGETDIR                                     ifx.obl(EventsSetup.obs)
506  OnSetUpdateMode                                    Setup.obs
507  OnShowUI                                           ifx.obl(EventsSetup.obs)
508  OnUnInstallDRMService                              isrt.obl(Activation.obs)
509  OnUnhandledException                               ifx.obl(EventsPriv.obs)
510  OnUninstall                                        ifx.obl(EventsSetup.obs)
511  OnUninstalledFile                                  ifx.obl(EventsSetup.obs)
512  OnUninstallingDIFxDriverFile                       ifx.obl(EventsSetup.obs)
513  OnUninstallingFile                                 ifx.obl(EventsSetup.obs)
514  OnUninstallingFontFile                             ifx.obl(EventsSetup.obs)
515  OnUpdateUIAfter                                    Setup.obs
516  OnUpdateUIBefore                                   Setup.obs
517  OnXMLComponentInstalled                            ifx.obl(EventsPriv.obs)
518  OnXMLComponentUninstalling                         ifx.obl(EventsPriv.obs)
519  OnXMLInitialize                                    ifx.obl(EventsPriv.obs)
520  OnXMLUninitialize                                  ifx.obl(EventsPriv.obs)
521  OpenFile                                           isrt.obl(Files.obs)
522  OpenFileMode                                       isrt.obl(Files.obs)
523  ParsePath                                          isrt.obl(Str.obs)
524  ParseSQLFilePure                                   Setup.obs
525  ParseSQLFileStaging                                Setup.obs
526  Postprogram                                        ifx.obl(EventsSetupPriv.obs)
527  Preprogram                                         ifx.obl(EventsSetupPriv.obs)
528  PthFixPath                                         isrt.obl(Pth.obs)
529  PthIsAbsPath                                       isrt.obl(Pth.obs)
530  PthIsRoot                                          isrt.obl(Pth.obs)
531  PureDatabaseDetails                                Setup.obs
532  ReadProperties                                     ifx.obl(PersistPropertyBag.obs)
533  ReadWCFSecurityTokenFile                           Setup.obs
534  Rebooted                                           isrt.obl(Driver.obs)
535  RegDBCreateKeyEx                                   isrt.obl(Registry.obs)
536  RegDBDeleteItem                                    isrt.obl(Registry.obs)
537  RegDBDeleteValue                                   isrt.obl(Registry.obs)
538  RegDBDeleteValueEx                                 isrt.obl(Registry.obs)
539  RegDBDeleteValueEx32                               isrt.obl(Registry.obs)
540  RegDBGetDefaultRoot                                isrt.obl(SysVars.obs)
541  RegDBGetItem                                       isrt.obl(Registry.obs)
542  RegDBGetKeyValueEx                                 isrt.obl(Registry.obs)
543  RegDBKeyExist                                      isrt.obl(Registry.obs)
544  RegDBQueryKey                                      isrt.obl(Registry.obs)
545  RegDBQueryKeyCount                                 isrt.obl(Registry.obs)
546  RegDBQueryStringMultiStringCount                   isrt.obl(Registry.obs)
547  RegDBQueryValue                                    isrt.obl(Registry.obs)
548  RegDBQueryValue32                                  isrt.obl(Registry.obs)
549  RegDBSetDefaultRoot                                isrt.obl(SysVars.obs)
550  RegDBSetItem                                       isrt.obl(Registry.obs)
551  RegDBSetKeyValueEx                                 isrt.obl(Registry.obs)
552  RegDBSetValue                                      isrt.obl(Registry.obs)
553  RegDBSetValue32                                    isrt.obl(Registry.obs)
554  RegDBSetVersion                                    isrt.obl(Registry.obs)
555  RegisterFontResource                               isrt.obl(Misc.obs)
556  ReleaseDialog                                      isrt.obl(CustomDialog.obs)
557  RunPureScripts                                     Setup.obs
558  RunStagingScript                                   Setup.obs
559  RunStagingStructureScript                          Setup.obs
560  SQLBrowse2                                         SQLRT.obl(SQLBrowse.obs)
561  SQLDatabaseBrowse                                  SQLRT.obl(SQLBrowse.obs)
562  SQLRT.ISSQLServerConnect                           Setup.obs
563  SQLRT.ISSQLServerGetBatchMode                      Setup.obs
564  SQLRT.ISSQLServerGetComponentScriptError2          Setup.obs
565  SQLRT.ISSQLServerGetConnectionAuthentication       Setup.obs
566  SQLRT.ISSQLServerGetConnectionInfo                 Setup.obs
567  SQLRT.ISSQLServerGetConnections                    Setup.obs
568  SQLRT.ISSQLServerGetDatabases                      Setup.obs
569  SQLRT.ISSQLServerGetLastError2                     Setup.obs
570  SQLRT.ISSQLServerGetServers                        Setup.obs
571  SQLRT.ISSQLServerInitialize                        Setup.obs
572  SQLRT.ISSQLServerPutConnectionAuthentication       Setup.obs
573  SQLRT.ISSQLServerPutConnectionInfo2                Setup.obs
574  SQLRTConnect                                       SQLRT.obl(SQLRT.obs)
575  SQLRTGetComponentScriptError2                      SQLRT.obl(SQLRT.obs)
576  SQLRTGetConnectionAuthentication                   SQLRT.obl(SQLRT.obs)
577  SQLRTGetConnectionInfo                             SQLRT.obl(SQLRT.obs)
578  SQLRTGetConnections                                SQLRT.obl(SQLRT.obs)
579  SQLRTGetDatabases                                  SQLRT.obl(SQLRT.obs)
580  SQLRTGetErrorMessage                               SQLRT.obl(SQLRT.obs)
581  SQLRTGetLastError2                                 SQLRT.obl(SQLRT.obs)
582  SQLRTGetServers                                    SQLRT.obl(SQLRT.obs)
583  SQLRTGetServers2                                   SQLRT.obl(SQLRT.obs)
584  SQLRTInitialize                                    SQLRT.obl(SQLRT.obs)
585  SQLRTInitialize2                                   SQLRT.obl(SQLRT.obs)
586  SQLRTPutConnectionAuthentication                   SQLRT.obl(SQLRT.obs)
587  SQLRTPutConnectionInfo2                            SQLRT.obl(SQLRT.obs)
588  SQLServerSelectLogin2                              SQLRT.obl(SQLServerSelectLoginDlg.obs)
589  SdAskDestPath                                      isrt.obl(ISRTScriptDialogs.obs)
590  SdCloseDlg                                         isrt.obl(SDINT.obs)
591  SdDlgToTop                                         isrt.obl(SDINT.obs)
592  SdDoStdButton                                      isrt.obl(SDINT.obs)
593  SdEnablement                                       isrt.obl(SDINT.obs)
594  SdError                                            isrt.obl(SDINT.obs)
595  SdExceptionsInit                                   isrt.obl(ISRTScriptDialogsPriv.obs)
596  SdFinish                                           isrt.obl(ISRTScriptDialogs.obs)
597  SdFinishReboot                                     isrt.obl(ISRTScriptDialogs.obs)
598  SdGeneralInit                                      isrt.obl(SDINT.obs)
599  SdInit                                             isrt.obl(SDINT.obs)
600  SdIsStdButton                                      isrt.obl(SDINT.obs)
601  SdLoadString                                       isrt.obl(SDINT.obs)
602  SdMakeName                                         isrt.obl(SDINT.obs)
603  SdPlugInProductName                                isrt.obl(SDINT.obs)
604  SdSQLServerSelectLogin3                            Setup.obs
605  SdSetDlgTitle                                      isrt.obl(SDINT.obs)
606  SdSetStatic                                        isrt.obl(SDINT.obs)
607  SdShowMsg                                          isrt.obl(ISRTScriptDialogsPriv.obs)
608  SdStagingnewdbdetails                              Setup.obs
609  SdStartCopy2                                       isrt.obl(ISRTScriptDialogs.obs)
610  SdSubstituteProductInfo                            isrt.obl(SDINT.obs)
611  SdUnInit                                           isrt.obl(SDINT.obs)
612  SdWelcome                                          isrt.obl(ISRTScriptDialogs.obs)
613  SelectDir                                          isrt.obl(ISRTScriptDialogsPriv.obs)
614  SelectDirNoLog                                     isrt.obl(ISRTScriptDialogsPriv.obs)
615  SendMessage                                        isrt.obl(Misc.obs)
616  ServiceInitParams                                  isrt.obl(Service.obs)
617  SetCmdLine                                         isrt.obl(SysVars.obs)
618  SetDialogTitle                                     isrt.obl(Dialogs.obs)
619  SetDisplayEffect                                   isrt.obl(ui.obs)
620  SetExtendedErrInfo                                 isrt.obl(IsUtil.obs)
621  SetFileInfo                                        isrt.obl(Files.obs)
622  SetStatus                                          ifx.obl(EventsSetupPriv.obs)
623  SetStatusEx                                        ifx.obl(EventsSetupPriv.obs)
624  SetStatusExStaticText                              isrt.obl(ui.obs)
625  SetStatusWindow                                    isrt.obl(ui.obs)
626  SetTitle                                           isrt.obl(ui.obs)
627  SetupTraceWrite                                    isrt.obl(Misc.obs)
628  Shell32.ShellExecuteExW                            Setup.obs
629  ShowObjWizardPages                                 isrt.obl(Objects.obs)
630  ShowWizardPages                                    isrt.obl(Driver.obs)
631  SilentCreateFile                                   isrt.obl(Silent.obs)
632  SilentDoGeneralInfo                                isrt.obl(Silent.obs)
633  SilentFailed                                       isrt.obl(Silent.obs)
634  SilentFinish                                       isrt.obl(Silent.obs)
635  SilentInit                                         isrt.obl(Silent.obs)
636  SilentLogWriteData                                 isrt.obl(Silent.obs)
637  SilentReadData                                     isrt.obl(Silent.obs)
638  SilentSetInfo                                      isrt.obl(Silent.obs)
639  SilentSetMode                                      isrt.obl(Silent.obs)
640  SilentWriteData                                    isrt.obl(Silent.obs)
641  Sprintf                                            isrt.obl(Str.obs)
642  SprintfBox                                         isrt.obl(ISRTScriptDialogsPriv.obs)
643  StagingDatabaseDetails                             Setup.obs
644  StatusUpdate                                       isrt.obl(ui.obs)
645  StrAddLastSlash                                    isrt.obl(Str.obs)
646  StrFindEx                                          isrt.obl(Str.obs)
647  StrGetTokens                                       isrt.obl(Str.obs)
648  StrLength                                          isrt.obl(Str.obs)
649  StrRemoveLastSlash                                 isrt.obl(Str.obs)
650  StrReplace                                         isrt.obl(Str.obs)
651  StrToNumHex                                        isrt.obl(Str.obs)
652  StrToUpper                                         isrt.obl(Str.obs)
653  StrTrim                                            isrt.obl(Str.obs)
654  SysVarsInit                                        isrt.obl(SysVars.obs)
655  SysVarsTrace                                       isrt.obl(SysVars.obs)
656  SysVarsUnInit                                      isrt.obl(SysVars.obs)
657  System                                             isrt.obl(Misc.obs)
658  SystemRestoreCancelRestorePointIS                  isrt.obl(PCRestore.obs)
659  SystemRestoreCloseRestorePointIS                   isrt.obl(PCRestore.obs)
660  SystemRestoreDisableIS                             isrt.obl(PCRestore.obs)
661  SystemRestoreIsEnabledIS                           isrt.obl(PCRestore.obs)
662  SystemRestoreOpenRestorePointIS                    isrt.obl(PCRestore.obs)
663  TextSubGetValue                                    isrt.obl(TextSub.obs)
664  TextSubParseTextSub                                isrt.obl(TextSub.obs)
665  TextSubSetValue                                    isrt.obl(TextSub.obs)
666  TextSubSubstitute                                  isrt.obl(TextSub.obs)
667  TrimEnd                                            Setup.obs
668  TrimStart                                          Setup.obs
669  USER.EnableWindow                                  Setup.obs
670  USER.GetClassName                                  Setup.obs
671  USER.GetDC                                         Setup.obs
672  USER.GetDlgItem                                    Setup.obs
673  USER.GetFocus                                      Setup.obs
674  USER.GetWindowLong                                 Setup.obs
675  USER.GetWindowRect                                 Setup.obs
676  USER.IsIconic                                      Setup.obs
677  USER.IsWindow                                      Setup.obs
678  USER.PostMessage                                   Setup.obs
679  USER.ReleaseDC                                     Setup.obs
680  USER.SendMessageW                                  Setup.obs
681  USER.SetFocus                                      Setup.obs
682  USER.SetWindowPos                                  Setup.obs
683  USER.SetWindowText                                 Setup.obs
684  USER.ShowWindow                                    Setup.obs
685  USER32.CharUpperBuffW                              Setup.obs
686  USER32.DispatchMessage                             Setup.obs
687  USER32.GetDesktopWindow                            Setup.obs
688  USER32.GetSystemMetrics                            Setup.obs
689  USER32.GetWindowText                               Setup.obs
690  USER32.GetWindowTextLength                         Setup.obs
691  USER32.InvalidateRect                              Setup.obs
692  USER32.IsWindowVisible                             Setup.obs
693  USER32.MessageBoxW                                 Setup.obs
694  USER32.MsgWaitForMultipleObjects                   Setup.obs
695  USER32.PeekMessageW                                Setup.obs
696  USER32.SendMessageW                                Setup.obs
697  USER32.SetForegroundWindow                         Setup.obs
698  USER32.SetWindowLong                               Setup.obs
699  USER32.SetWindowRgn                                Setup.obs
700  USER32.TranslateMessage                            Setup.obs
701  USER32.WaitForInputIdle                            Setup.obs
702  UpdateDTUWebConfig                                 Setup.obs
703  UpdateServiceEnableUpdateService                   isrt.obl(ISUpdateService.obs)
704  VarInit                                            isrt.obl(SysVars.obs)
705  VarRestore                                         isrt.obl(SysVars.obs)
706  VarRestoreISRT                                     isrt.obl(SysVars.obs)
707  VarSave                                            isrt.obl(SysVars.obs)
708  VarSaveISRT                                        isrt.obl(SysVars.obs)
709  VerCompare                                         isrt.obl(version.obs)
710  VerProductCompareVersions                          isrt.obl(version.obs)
711  VerProductGetInstalledVersion                      isrt.obl(version.obs)
712  VerProductIsVersionSupported                       isrt.obl(version.obs)
713  VerProductNumToStr                                 isrt.obl(version.obs)
714  VerProductStrToNum                                 isrt.obl(version.obs)
715  VerProductVerFromVerParts                          isrt.obl(version.obs)
716  VerProductVerPartsFromVer                          isrt.obl(version.obs)
717  WaitForApplication                                 isrt.obl(Extend.obs)
718  WaitOnDialog                                       isrt.obl(CustomDialog.obs)
719  WizardDirection                                    ifx.obl(EventsSetupPriv.obs)
720  WriteLine                                          isrt.obl(Files.obs)
721  WriteProfInt                                       isrt.obl(Profile.obs)
722  WriteProfString                                    isrt.obl(Profile.obs)
723  WriteProperties                                    ifx.obl(PersistPropertyBag.obs)
724  WriteToLogFile                                     Setup.obs
725  XCopyFile                                          isrt.obl(Files.obs)
726  __ISRTDoExit                                       isrt.obl(Misc.obs)
727  __ISRTInit                                         isrt.obl(ISRTInit.obs)
728  __ISRTRestoreMainLog                               isrt.obl(ISRTInit.obs)
729  __ISRTRestoreMainLogEx                             isrt.obl(ISRTInit.obs)
730  __ISRTSetComponentLog                              isrt.obl(ISRTInit.obs)
731  __ISRTUnInit                                       isrt.obl(ISRTInit.obs)
732  __LoadIScriptString                                isrt.obl(LoadStr.obs)
733  onUpgradeUIBefore                                  Setup.obs
734  program                                            ifx.obl(EventsSetupPriv.obs)
735  sfc.SRSetRestorePointW                             Setup.obs


***** External Variables *****
1    ADDREMOVE                                          isrt.obl(DebugSymbols.obs)
2    ADDREMOVE_COMBINEDBUTTON                           Setup.obs
3    ADDREMOVE_HIDECHANGEOPTION                         Setup.obs
4    ADDREMOVE_HIDEREMOVEOPTION                         Setup.obs
5    ADDREMOVE_HIDEREPAIROPTION                         Setup.obs
6    ADDREMOVE_STRING_REMOVEONLY                        Setup.obs
7    ADDREMOVE_SYSTEMCOMPONENT                          Setup.obs
8    ADMINUSER                                          Setup.obs
9    ALLUSERS                                           Setup.obs
10   BASICMSI                                           isrt.obl(DebugSymbols.obs)
11   BATCH_INSTALL                                      Setup.obs
12   CMDLINE                                            isrt.obl(DebugSymbols.obs)
13   COMMONFILES                                        isrt.obl(DebugSymbols.obs)
14   COMMONFILES64                                      isrt.obl(DebugSymbols.obs)
15   DISABLE_ALLUSERBTN                                 Setup.obs
16   DISABLE_PERUSERBTN                                 Setup.obs
17   DISK1SETUPEXENAME                                  isrt.obl(DebugSymbols.obs)
18   DISK1TARGET                                        Setup.obs
19   ENABLED_ISERVICES                                  isrt.obl(DebugSymbols.obs)
20   ENGINECOMMONDIR                                    isrt.obl(DebugSymbols.obs)
21   ENGINEDIR                                          isrt.obl(DebugSymbols.obs)
22   ERRORFILENAME                                      Setup.obs
23   Err                                                Setup.obs
24   FILETIME                                           Setup.obs
25   FIND_DATAW                                         Setup.obs
26   FOLDER_APPDATA                                     isrt.obl(DebugSymbols.obs)
27   FOLDER_COMMON_APPDATA                              isrt.obl(DebugSymbols.obs)
28   FOLDER_DESKTOP                                     isrt.obl(DebugSymbols.obs)
29   FOLDER_DOTNET_10                                   isrt.obl(DebugSymbols.obs)
30   FOLDER_DOTNET_11                                   isrt.obl(DebugSymbols.obs)
31   FOLDER_DOTNET_20                                   isrt.obl(DebugSymbols.obs)
32   FOLDER_DOTNET_30                                   isrt.obl(DebugSymbols.obs)
33   FOLDER_DOTNET_35                                   isrt.obl(DebugSymbols.obs)
34   FOLDER_DOTNET_40                                   isrt.obl(DebugSymbols.obs)
35   FOLDER_FONTS                                       isrt.obl(DebugSymbols.obs)
36   FOLDER_LOCAL_APPDATA                               isrt.obl(DebugSymbols.obs)
37   FOLDER_PERSONAL                                    isrt.obl(DebugSymbols.obs)
38   FOLDER_PROGRAMS                                    isrt.obl(DebugSymbols.obs)
39   FOLDER_STARTMENU                                   isrt.obl(DebugSymbols.obs)
40   FOLDER_STARTUP                                     isrt.obl(DebugSymbols.obs)
41   FOLDER_TEMP                                        isrt.obl(DebugSymbols.obs)
42   FileRegistrar                                      Setup.obs
43   HIDE_DISABLED_BTNS                                 Setup.obs
44   HKEYCURRENTROOTKEY                                 Setup.obs
45   IFX_COMPANY_NAME                                   Setup.obs
46   IFX_DISK1INSTALLED                                 Setup.obs
47   IFX_INITIALIZED                                    Setup.obs
48   IFX_INSTALLED_DISPLAY_VERSION                      Setup.obs
49   IFX_INSTALLED_VERSION                              Setup.obs
50   IFX_KEYPATH_PRODUCT_INFO                           Setup.obs
51   IFX_MULTI_INSTANCE_SUFFIX                          Setup.obs
52   IFX_OPEN_RESTORE_POINT                             isrt.obl(PCRestore.obs)
53   IFX_PRODUCT_COMMENTS                               Setup.obs
54   IFX_PRODUCT_DISPLAY_NAME                           Setup.obs
55   IFX_PRODUCT_DISPLAY_VERSION                        Setup.obs
56   IFX_PRODUCT_ICON                                   Setup.obs
57   IFX_PRODUCT_KEY                                    Setup.obs
58   IFX_PRODUCT_NAME                                   Setup.obs
59   IFX_PRODUCT_README                                 Setup.obs
60   IFX_PRODUCT_REGISTEREDCOMPANY                      Setup.obs
61   IFX_PRODUCT_REGISTEREDOWNER                        Setup.obs
62   IFX_PRODUCT_REGISTEREDSERIALNUM                    Setup.obs
63   IFX_PRODUCT_SUPPORT_CONTACT                        Setup.obs
64   IFX_PRODUCT_SUPPORT_PHONE                          Setup.obs
65   IFX_PRODUCT_SUPPORT_URL                            Setup.obs
66   IFX_PRODUCT_UPDATE_URL                             Setup.obs
67   IFX_PRODUCT_URL                                    Setup.obs
68   IFX_PRODUCT_VERSION                                Setup.obs
69   IFX_RESTORE_DISABLED                               isrt.obl(PCRestore.obs)
70   IFX_SETUP_TITLE                                    Setup.obs
71   IFX_SUPPORTED_VERSIONS                             Setup.obs
72   IISROOTFOLDER                                      isrt.obl(DebugSymbols.obs)
73   INSTALLSCRIPTMSI                                   isrt.obl(DebugSymbols.obs)
74   INSTALLSCRIPTMSIEEUI                               isrt.obl(DebugSymbols.obs)
75   INSTANCE_GUID                                      isrt.obl(DebugSymbols.obs)
76   ISDIFXAPPID                                        Setup.obs
77   ISRES                                              isrt.obl(DebugSymbols.obs)
78   ISUSER                                             isrt.obl(DebugSymbols.obs)
79   ISUTIL_FUNCTION_ACTUAL_ERROR                       Setup.obs
80   ISUTIL_LINE_NUMBER                                 Setup.obs
81   ISUTIL_SCRIPT_FILE                                 Setup.obs
82   ISVERSION                                          isrt.obl(DebugSymbols.obs)
83   IS_NULLSTR_PTR                                     Setup.obs
84   InetSRCDIR                                         Setup.obs
85   LAAW_PARAMETERS                                    Setup.obs
86   LAAW_PROCESS_INFORMATION                           Setup.obs
87   LAAW_SHELLEXECUTEINFO                              Setup.obs
88   LAAW_SHELLEXECUTEVERB                              Setup.obs
89   LAAW_STARTUPINFO                                   Setup.obs
90   LAST_RESULT                                        Setup.obs
91   LogDB                                              Setup.obs
92   MAINTENANCE                                        isrt.obl(DebugSymbols.obs)
93   MAINT_OPTION                                       isrt.obl(DebugSymbols.obs)
94   MEDIA                                              Setup.obs
95   MEDIA_INFO                                         isrt.obl(Feature.obs)
96   MODE                                               Setup.obs
97   MSG                                                Setup.obs
98   MULTI_INSTANCE_COUNT                               isrt.obl(DebugSymbols.obs)
99   MainWindow                                         Setup.obs
100  NOTHING                                            Setup.obs
101  OSINFO_PLATFORM_INFO                               Setup.obs
102  OSINFO_PROCESSOR_INFO                              Setup.obs
103  OSVERSIONINFOEXW                                   Setup.obs
104  OSVERSIONINFOW                                     Setup.obs
105  Objects                                            Setup.obs
106  PACKAGE_LOCATION                                   isrt.obl(DebugSymbols.obs)
107  POINT                                              Setup.obs
108  PRIVILEGED                                         Setup.obs
109  PROCESS_INFORMATION                                Setup.obs
110  PRODUCT_GUID                                       isrt.obl(DebugSymbols.obs)
111  PROGRAMFILES                                       isrt.obl(DebugSymbols.obs)
112  PROGRAMFILES64                                     isrt.obl(DebugSymbols.obs)
113  RECT                                               Setup.obs
114  REGDB_OPTIONS                                      Setup.obs
115  REINSTALLMODE                                      isrt.obl(DebugSymbols.obs)
116  REMOVEALLMODE                                      isrt.obl(DebugSymbols.obs)
117  REMOVEONLY                                         isrt.obl(DebugSymbols.obs)
118  RUN_ONCE_PROGRAM                                   isrt.obl(DebugSymbols.obs)
119  Reboot                                             Setup.obs
120  SELECTED_LANGUAGE                                  isrt.obl(DebugSymbols.obs)
121  SERVICE_IS_PARAMS                                  Setup.obs
122  SETUPTYPE_STR_COMPACT                              Setup.obs
123  SETUPTYPE_STR_COMPLETE                             Setup.obs
124  SETUPTYPE_STR_CUSTOM                               Setup.obs
125  SETUPTYPE_STR_TYPICAL                              Setup.obs
126  SHAREDSUPPORTDIR                                   isrt.obl(DebugSymbols.obs)
127  SHELLEXECUTEINFOW                                  Setup.obs
128  SHELL_OBJECT_FOLDER                                Setup.obs
129  SHOW_PASSWORD_DIALOG                               isrt.obl(DebugSymbols.obs)
130  SRCDIR                                             Setup.obs
131  SRCDISK                                            isrt.obl(DebugSymbols.obs)
132  STANDARD_SELECTED_LANGUAGE                         isrt.obl(DebugSymbols.obs)
133  STARTUPINFOW                                       Setup.obs
134  SUPPORTDIR                                         isrt.obl(DebugSymbols.obs)
135  SYSINFO                                            Setup.obs
136  SYSPROCESSORINFO                                   Setup.obs
137  SYSTEMTIME                                         Setup.obs
138  SetupInfo                                          Setup.obs
139  StatusDlg                                          Setup.obs
140  TARGETDIR                                          Setup.obs
141  TARGETDISK                                         isrt.obl(DebugSymbols.obs)
142  TextSub                                            Setup.obs
143  UNINST                                             Setup.obs
144  UNINSTALLKEY                                       Setup.obs
145  UNINSTALL_DISPLAYNAME                              Setup.obs
146  UNINSTALL_STRING                                   Setup.obs
147  UPDATEMODE                                         Setup.obs
148  WINDIR                                             isrt.obl(DebugSymbols.obs)
149  WINDISK                                            isrt.obl(DebugSymbols.obs)
150  WINSYSDIR                                          isrt.obl(DebugSymbols.obs)
151  WINSYSDIR64                                        isrt.obl(DebugSymbols.obs)
152  WINSYSDISK                                         isrt.obl(DebugSymbols.obs)
153  _FONTFILEINFO                                      Setup.obs
154  _INT64                                             Setup.obs
155  _ISDIFXINSTALLERINFO                               isrt.obl(ISDIFx.obs)
156  _LAAW_PARAMETERS                                   Setup.obs
157  _LAAW_TEMP_DATA                                    isrt.obl(Extend.obs)
158  _RESTOREPOINTINFO                                  Setup.obs
159  _SERVICE_IS_PARAMS                                 Setup.obs
160  _STATEMGRSTATUS                                    Setup.obs
161  _WIN9X                                             Setup.obs
162  _WINNT                                             Setup.obs
163  __hContext                                         ifx.obl(EventsPriv.obs)
164  __objGlobalTextSub                                 Setup.obs
165  __szGUID                                           Setup.obs
166  bBackButton                                        Setup.obs
167  bCancelButton                                      Setup.obs
168  bEnterDiskBeep                                     Setup.obs
169  bFinishButton                                      Setup.obs
170  bIFXLFNoToAll                                      Setup.obs
171  bIFXLFOnRebootToAll                                Setup.obs
172  bIFXLFYesToAll                                     Setup.obs
173  bIFXMD5IgnoreToAll                                 Setup.obs
174  bIFXRONoToAll                                      Setup.obs
175  bIFXROYesToAll                                     Setup.obs
176  bIFXSFNoToAll                                      Setup.obs
177  bIFXSFYesToAll                                     Setup.obs
178  bInstall16                                         Setup.obs
179  bNextButton                                        Setup.obs
180  bSdInit                                            Setup.obs
181  bViewCmptKunits                                    Setup.obs
182  bViewCmptUseDecimal                                Setup.obs
183  g_bSQLRTInitialized                                Setup.obs
184  g_bSuppressMissingStringWarning                    isrt.obl(Enable.obs)
185  g_nDlgAskPath                                      isrt.obl(Activation.obs)
186  nDlgAskOptions                                     isrt.obl(Activation.obs)
187  nDlgAskYesNo                                       isrt.obl(Activation.obs)
188  nDlgEnterPassword                                  isrt.obl(Activation.obs)
189  nDlgMessageBox                                     isrt.obl(Activation.obs)
190  nDlgSQLSELECTLOGIN                                 isrt.obl(Activation.obs)
191  nDlgSelectDir                                      isrt.obl(Activation.obs)
192  nDlgSprintfBox                                     isrt.obl(Activation.obs)
193  nSdAskDestPath                                     Setup.obs
194  nSdFinish                                          Setup.obs
195  nSdFinishReboot                                    Setup.obs
196  nSdStartCopy2                                      Setup.obs
197  nSdWelcome                                         Setup.obs
198  szAppKey                                           Setup.obs
199  szSdProduct                                        Setup.obs
200  szSdStr_NotEnoughSpace                             Setup.obs
