***** External Functions *****
1    AddCommandTextToList                               Setup.obs
2    AddFontRegistrationToLog                           isrt.obl(Misc.obs)
3    AppSearch                                          isrt.obl(Driver.obs)
4    AskOptions                                         isrt.obl(ISRTScriptDialogs.obs)
5    CCPSearch                                          isrt.obl(Driver.obs)
6    ChangeDirectory                                    isrt.obl(Files.obs)
7    CheckTypeofInstallation                            Setup.obs
8    ClearReadOnly                                      Setup.obs
9    CloseFile                                          isrt.obl(Files.obs)
10   CmdGetHwndDlg                                      isrt.obl(CustomDialog.obs)
11   CoCreateObject                                     isrt.obl(Misc.obs)
12   CompareVersion                                     Setup.obs
13   ComponentAddFileToLog                              isrt.obl(component.obs)
14   ComponentIsItemSelected                            isrt.obl(component.obs)
15   ComponentListItems                                 isrt.obl(component.obs)
16   ComponentSelectItem                                isrt.obl(component.obs)
17   ComponentTreeInit                                  isrt.obl(Dialogs.obs)
18   CopyPIEFiles                                       Setup.obs
19   CreateDir                                          isrt.obl(Files.obs)
20   CreateFile                                         isrt.obl(Files.obs)
21   CreateInstallationInfo                             isrt.obl(Registry.obs)
22   CreateLogFile                                      Setup.obs
23   CreateObject                                       isrt.obl(Misc.obs)
24   CreatePIERegistry                                  Setup.obs
25   CreateRegistrySet                                  isrt.obl(Feature.obs)
26   CtrlGetCurSel                                      isrt.obl(CustomDialog.obs)
27   CtrlGetDlgItem                                     isrt.obl(CustomDialog.obs)
28   CtrlGetState                                       isrt.obl(CustomDialog.obs)
29   CtrlGetSubCommand                                  isrt.obl(CustomDialog.obs)
30   CtrlGetText                                        isrt.obl(CustomDialog.obs)
31   CtrlSelectText                                     isrt.obl(CustomDialog.obs)
32   CtrlSetCurSel                                      isrt.obl(CustomDialog.obs)
33   CtrlSetList                                        isrt.obl(CustomDialog.obs)
34   CtrlSetState                                       isrt.obl(CustomDialog.obs)
35   CtrlSetText                                        isrt.obl(CustomDialog.obs)
36   DIFxDriverPackageUninstall                         isrt.obl(ISDIFx.obs)
37   DRMINSTALLERPRO.DRMInstallPRO                      isrt.obl(Activation.obs)
38   DRMINSTALLERPRO.DRMUnInstallPRO                    isrt.obl(Activation.obs)
39   DefineDialog                                       isrt.obl(CustomDialog.obs)
40   Delay                                              isrt.obl(Misc.obs)
41   DeleteDir                                          isrt.obl(Files.obs)
42   DeleteFile                                         isrt.obl(Files.obs)
43   DeletePIE2Files                                    Setup.obs
44   DeleteSingleFile                                   isrt.obl(Files.obs)
45   DialogSetDefaultFont                               isrt.obl(Dialogs.obs)
46   DialogSetFont                                      isrt.obl(Dialogs.obs)
47   DialogSetInfo                                      isrt.obl(Dialogs.obs)
48   Disable                                            isrt.obl(Enable.obs)
49   DllSizeOf                                          isrt.obl(Str.obs)
50   Do                                                 isrt.obl(Misc.obs)
51   Enable                                             isrt.obl(Enable.obs)
52   EndCurrentDialog                                   isrt.obl(Dialogs.obs)
53   EndDialog                                          isrt.obl(CustomDialog.obs)
54   EnterDisk                                          isrt.obl(ISRTScriptDialogs.obs)
55   EnterDiskError                                     isrt.obl(ISRTScriptDialogs.obs)
56   EnterPassword                                      isrt.obl(ISRTScriptDialogs.obs)
57   ExistsDir                                          isrt.obl(Files.obs)
58   ExistsDisk                                         isrt.obl(Files.obs)
59   ExitInstall                                        isrt.obl(Driver.obs)
60   EzDefineDialog                                     isrt.obl(CustomDialog.obs)
61   FeatureAddFileToLog                                isrt.obl(Feature.obs)
62   FeatureErrorInfo                                   isrt.obl(Feature.obs)
63   FeatureFilterLanguage                              isrt.obl(Feature.obs)
64   FeatureFilterOS                                    isrt.obl(Feature.obs)
65   FeatureIsItemSelected                              isrt.obl(Feature.obs)
66   FeatureListItems                                   isrt.obl(Feature.obs)
67   FeatureReinstall                                   isrt.obl(Feature.obs)
68   FeatureRemoveAllInLogOnly                          isrt.obl(Feature.obs)
69   FeatureRemoveAllInMedia                            isrt.obl(Feature.obs)
70   FeatureRemoveAllInMediaAndLog                      isrt.obl(Feature.obs)
71   FeatureSaveTarget                                  isrt.obl(Feature.obs)
72   FeatureSelectItem                                  isrt.obl(Feature.obs)
73   FeatureTransferData                                isrt.obl(Feature.obs)
74   FeatureValidate                                    isrt.obl(Feature.obs)
75   FinalConstruct                                     ifx.obl(EventsPriv.obs)
76   FinalRelease                                       ifx.obl(EventsPriv.obs)
77   FindAllDirs                                        isrt.obl(Files.obs)
78   FindAllFiles                                       isrt.obl(Files.obs)
79   FindFile                                           isrt.obl(Files.obs)
80   FormatMessage                                      isrt.obl(Misc.obs)
81   GDI32.AddFontResource                              Setup.obs
82   GDI32.CreateRectRgn                                Setup.obs
83   GDI32.GetDeviceCaps                                Setup.obs
84   GDI32.RemoveFontResource                           Setup.obs
85   GetAddRemove                                       isrt.obl(SysVars.obs)
86   GetBillboard                                       isrt.obl(SysVars.obs)
87   GetConnectionString                                Setup.obs
88   GetCurrentDialogName                               isrt.obl(Dialogs.obs)
89   GetCurrentDir                                      isrt.obl(Files.obs)
90   GetDialogTitle                                     isrt.obl(Dialogs.obs)
91   GetDir                                             isrt.obl(Str.obs)
92   GetDisk                                            isrt.obl(Str.obs)
93   GetDiskSpace                                       isrt.obl(GSI.obs)
94   GetDiskSpaceEx                                     isrt.obl(GSI.obs)
95   GetEnabledIServices                                isrt.obl(SysVars.obs)
96   GetEnvVar                                          isrt.obl(GSI.obs)
97   GetErrorMsg                                        isrt.obl(Dialogs.obs)
98   GetErrorTitle                                      isrt.obl(Dialogs.obs)
99   GetExtents                                         isrt.obl(GSI.obs)
100  GetFolderApplications                              isrt.obl(SysVars.obs)
101  GetFolderApplications64                            isrt.obl(SysVars.obs)
102  GetFolderDotNet10                                  isrt.obl(SysVars.obs)
103  GetFolderDotNet11                                  isrt.obl(SysVars.obs)
104  GetFolderDotNet20                                  isrt.obl(SysVars.obs)
105  GetFolderFonts                                     isrt.obl(SysVars.obs)
106  GetFromRegistry                                    Setup.obs
107  GetISRes                                           isrt.obl(SysVars.obs)
108  GetInstallScriptMSI                                isrt.obl(SysVars.obs)
109  GetInstallScriptMSIEEUI                            isrt.obl(SysVars.obs)
110  GetInstanceGUID                                    isrt.obl(SysVars.obs)
111  GetKeyPathWinCurrVerAuto                           isrt.obl(SysVars.obs)
112  GetLine                                            isrt.obl(Files.obs)
113  GetLog                                             isrt.obl(SysVars.obs)
114  GetLogEx                                           isrt.obl(SysVars.obs)
115  GetMaintOption                                     isrt.obl(SysVars.obs)
116  GetMaintenance                                     isrt.obl(SysVars.obs)
117  GetMultiInstanceCount                              isrt.obl(SysVars.obs)
118  GetOpenFileMode                                    isrt.obl(Files.obs)
119  GetPIERegistry                                     Setup.obs
120  GetPackageLocation                                 isrt.obl(SysVars.obs)
121  GetProductGUID                                     isrt.obl(SysVars.obs)
122  GetProfSectionKeyCount                             isrt.obl(Profile.obs)
123  GetProfString                                      isrt.obl(Profile.obs)
124  GetProfStringList                                  isrt.obl(Profile.obs)
125  GetProgramFiles                                    isrt.obl(SysVars.obs)
126  GetPureDBDetailFromRegistry                        Setup.obs
127  GetPureInstallPath                                 Setup.obs
128  GetReinstallMode                                   isrt.obl(SysVars.obs)
129  GetRemoveAllMode                                   isrt.obl(SysVars.obs)
130  GetRemoveOnly                                      isrt.obl(SysVars.obs)
131  GetShowPasswordDialog                              isrt.obl(SysVars.obs)
132  GetStandardSelectedLanguage                        isrt.obl(SysVars.obs)
133  GetSupportDir                                      isrt.obl(SysVars.obs)
134  GetSystemInfo                                      isrt.obl(GSI.obs)
135  GetTempFolder                                      isrt.obl(SysVars.obs)
136  GetTrueTypeFontFileInfo                            isrt.obl(Misc.obs)
137  GetUserSelectableAuto                              isrt.obl(SysVars.obs)
138  GetWinDir                                          isrt.obl(SysVars.obs)
139  GetWinDisk                                         isrt.obl(SysVars.obs)
140  GetWinSysDir                                       isrt.obl(SysVars.obs)
141  GetWindowHandle                                    isrt.obl(Misc.obs)
142  HIWORD                                             isrt.obl(Misc.obs)
143  ISDeterminePlatform                                isrt.obl(OsInfo.obs)
144  ISMIF32.InstallStatusMIF                           isrt.obl(MIF.obs)
145  ISRT.ComponentViewSetInfoEx                        isrt.obl(Dialogs.obs)
146  ISRT.EnableHourGlass                               isrt.obl(Enable.obs)
147  ISRT.GetCPUType                                    isrt.obl(GSI.obs)
148  ISRT.GetFontSub                                    isrt.obl(Dialogs.obs)
149  ISRT.GetHandle                                     Setup.obs
150  ISRT.GetPorts                                      isrt.obl(GSI.obs)
151  ISRT.IsEmpty                                       Setup.obs
152  ISRT.IsNTAdmin                                     isrt.obl(Is.obs)
153  ISRT.IsObject                                      Setup.obs
154  ISRT.IsPowerUser                                   isrt.obl(Is.obs)
155  ISRT.LangLoadString                                isrt.obl(SDINT.obs)
156  ISRT.MessageBeepP                                  Setup.obs
157  ISRT.PathCompactPathPixel                          isrt.obl(CustomDialog.obs)
158  ISRT.PathGetDir                                    isrt.obl(Str.obs)
159  ISRT.PathGetDrive                                  isrt.obl(Str.obs)
160  ISRT.PathGetFile                                   isrt.obl(Files.obs)
161  ISRT.PathGetFileExt                                isrt.obl(Str.obs)
162  ISRT.PathGetFileName                               isrt.obl(Str.obs)
163  ISRT.PathGetLongFromShort                          isrt.obl(Str.obs)
164  ISRT.PathGetPath                                   isrt.obl(Str.obs)
165  ISRT.PathIsValidSyntax                             isrt.obl(Is.obs)
166  ISRT.VerGetFileVersion                             Setup.obs
167  ISRT._AppSearch                                    Setup.obs
168  ISRT._BrowseForFolder                              isrt.obl(ISRTScriptDialogsPriv.obs)
169  ISRT._CCPSearch                                    Setup.obs
170  ISRT._CleanupInet                                  isrt.obl(MIO.obs)
171  ISRT._CloseFile                                    isrt.obl(Files.obs)
172  ISRT._CmdGetHwndDlg                                isrt.obl(CustomDialog.obs)
173  ISRT._CompareDWORD                                 isrt.obl(Extend.obs)
174  ISRT._ComponentErrorInfo                           isrt.obl(Feature.obs)
175  ISRT._ComponentFilterLanguage                      isrt.obl(Feature.obs)
176  ISRT._ComponentFilterOS                            isrt.obl(Feature.obs)
177  ISRT._ComponentIsItemSelected                      isrt.obl(Feature.obs)
178  ISRT._ComponentListItems                           isrt.obl(Feature.obs)
179  ISRT._ComponentReinstall                           isrt.obl(Feature.obs)
180  ISRT._ComponentRemoveAll                           isrt.obl(Feature.obs)
181  ISRT._ComponentRemoveAllInLogOnly                  isrt.obl(Feature.obs)
182  ISRT._ComponentSaveTarget                          isrt.obl(Feature.obs)
183  ISRT._ComponentSelectItem                          isrt.obl(Feature.obs)
184  ISRT._ComponentTransferData                        isrt.obl(Feature.obs)
185  ISRT._ComponentValidate                            isrt.obl(Feature.obs)
186  ISRT._CreateDir                                    isrt.obl(Files.obs)
187  ISRT._CreateObject                                 isrt.obl(Misc.obs)
188  ISRT._CreateRegistrySet                            isrt.obl(Feature.obs)
189  ISRT._CtrlGetSubCommand                            isrt.obl(CustomDialog.obs)
190  ISRT._CtrlSetHtmlContent                           isrt.obl(CustomDialog.obs)
191  ISRT._DIFxDriverPackageUninstall                   isrt.obl(ISDIFx.obs)
192  ISRT._DefineDialog                                 isrt.obl(CustomDialog.obs)
193  ISRT._DialogSetFont                                isrt.obl(Dialogs.obs)
194  ISRT._DisableStatus                                isrt.obl(Enable.obs)
195  ISRT._DoSprintf                                    isrt.obl(ISRTScriptDialogsPriv.obs)
196  ISRT._EnableDialogCache                            isrt.obl(Enable.obs)
197  ISRT._EnablePrevDialog                             Setup.obs
198  ISRT._EnableSkins                                  isrt.obl(Enable.obs)
199  ISRT._EnableStatus                                 isrt.obl(Enable.obs)
200  ISRT._EnableWow64FsRedirection                     isrt.obl(Enable.obs)
201  ISRT._EndDialog                                    isrt.obl(CustomDialog.obs)
202  ISRT._ExistsDir                                    isrt.obl(Files.obs)
203  ISRT._ExistsDisk                                   isrt.obl(Files.obs)
204  ISRT._ExistsFile                                   isrt.obl(Files.obs)
205  ISRT._ExitInstall                                  Setup.obs
206  ISRT._FileCopy                                     isrt.obl(Files.obs)
207  ISRT._GetCurrentDialogName                         isrt.obl(Dialogs.obs)
208  ISRT._GetDiskSpaceEx                               isrt.obl(GSI.obs)
209  ISRT._GetGlobalFlags                               ifx.obl(EventsPriv.obs)
210  ISRT._GetGlobalMemorySize                          isrt.obl(GSI.obs)
211  ISRT._GetLine                                      isrt.obl(Files.obs)
212  ISRT._GetLineSize                                  isrt.obl(Files.obs)
213  ISRT._GetProcessorInfo                             isrt.obl(OsInfo.obs)
214  ISRT._GetRunningChildProcessEx2                    isrt.obl(Extend.obs)
215  ISRT._GetStandardLangId                            isrt.obl(Misc.obs)
216  ISRT._GetSupportDir                                isrt.obl(SysVars.obs)
217  ISRT._GetTrueTypeFontFileInfo                      isrt.obl(Misc.obs)
218  ISRT._GetVirtualMachineType                        isrt.obl(GSI.obs)
219  ISRT._InetEndofTransfer                            isrt.obl(iftw.obs)
220  ISRT._InetGetNextDisk                              isrt.obl(iftw.obs)
221  ISRT._InitInstall                                  Setup.obs
222  ISRT._IsFontTypefaceNameAvailable                  isrt.obl(Is.obs)
223  ISRT._IsInAdminGroup                               isrt.obl(Is.obs)
224  ISRT._IsLangSupported                              isrt.obl(Is.obs)
225  ISRT._IsSkinLoaded                                 isrt.obl(Is.obs)
226  ISRT._IsVirtualMachine                             isrt.obl(OsInfo.obs)
227  ISRT._IsWindowsME                                  isrt.obl(GSI.obs)
228  ISRT._IsWow64                                      isrt.obl(OsInfo.obs)
229  ISRT._ListAddItem                                  isrt.obl(scrlist.obs)
230  ISRT._ListAddString                                isrt.obl(scrlist.obs)
231  ISRT._ListCount                                    isrt.obl(scrlist.obs)
232  ISRT._ListCreate                                   isrt.obl(scrlist.obs)
233  ISRT._ListCurrentString                            isrt.obl(scrlist.obs)
234  ISRT._ListDeleteItem                               isrt.obl(scrlist.obs)
235  ISRT._ListDeleteString                             isrt.obl(scrlist.obs)
236  ISRT._ListDestroy                                  isrt.obl(scrlist.obs)
237  ISRT._ListFindString                               isrt.obl(scrlist.obs)
238  ISRT._ListGetFirstItem                             isrt.obl(scrlist.obs)
239  ISRT._ListGetFirstString                           isrt.obl(scrlist.obs)
240  ISRT._ListGetNextItem                              isrt.obl(scrlist.obs)
241  ISRT._ListGetNextString                            isrt.obl(scrlist.obs)
242  ISRT._ListGetType                                  isrt.obl(scrlist.obs)
243  ISRT._ListSetIndex                                 isrt.obl(scrlist.obs)
244  ISRT._MediaGetFilteringInfo                        isrt.obl(Feature.obs)
245  ISRT._MediaGetInfo                                 isrt.obl(Feature.obs)
246  ISRT._OnUninstPriv                                 Setup.obs
247  ISRT._OpenFile                                     isrt.obl(Files.obs)
248  ISRT._Preprogram                                   Setup.obs
249  ISRT._Rebooted                                     Setup.obs
250  ISRT._RegCreateKey                                 isrt.obl(Registry.obs)
251  ISRT._RegDeleteValue                               isrt.obl(Registry.obs)
252  ISRT._RegEnableTextSubs                            isrt.obl(Enable.obs)
253  ISRT._RegEnum                                      isrt.obl(Registry.obs)
254  ISRT._RegExistsKey                                 isrt.obl(Registry.obs)
255  ISRT._RegGetOptions                                isrt.obl(SysVars.obs)
256  ISRT._RegIsRemoteRegConnected                      isrt.obl(Is.obs)
257  ISRT._RegQueryKeyBinaryValue                       isrt.obl(Registry.obs)
258  ISRT._RegQueryKeyValue                             isrt.obl(Registry.obs)
259  ISRT._RegSetKeyBinaryValue                         isrt.obl(Registry.obs)
260  ISRT._RegSetKeyValue                               isrt.obl(Registry.obs)
261  ISRT._RegSetOptions                                isrt.obl(SysVars.obs)
262  ISRT._ReleaseDialog                                isrt.obl(CustomDialog.obs)
263  ISRT._SdShowMsg                                    isrt.obl(ISRTScriptDialogsPriv.obs)
264  ISRT._SetAltMainImage                              isrt.obl(Dialogs.obs)
265  ISRT._SetDisplayEffect                             isrt.obl(ui.obs)
266  ISRT._SetGlobalFlags                               ifx.obl(EventsPriv.obs)
267  ISRT._SetPaletteFile                               isrt.obl(MIO.obs)
268  ISRT._SetSilentSdShowMsg                           isrt.obl(Enable.obs)
269  ISRT._SetTitle                                     isrt.obl(ui.obs)
270  ISRT._SetupInet                                    isrt.obl(MIO.obs)
271  ISRT._SetupTraceWrite                              isrt.obl(Misc.obs)
272  ISRT._ShowObjWizardPages                           isrt.obl(Objects.obs)
273  ISRT._ShowWizardPages                              Setup.obs
274  ISRT._StatusUpdate                                 isrt.obl(ui.obs)
275  ISRT._WaitOnDialog                                 isrt.obl(CustomDialog.obs)
276  ISRT._WriteLine                                    isrt.obl(Files.obs)
277  ISRT.__CreateObjectContext                         isrt.obl(ISRTInit.obs)
278  ISRT.__GetCmdLineOptions                           isrt.obl(ISRTInit.obs)
279  ISRT.__GetContextGUID                              isrt.obl(ISRTInit.obs)
280  ISRT.__GetEnabledIServices                         isrt.obl(SysVars.obs)
281  ISRT.__GetFileRegistrar                            isrt.obl(ISRTInit.obs)
282  ISRT.__GetInfo                                     isrt.obl(ISRTInit.obs)
283  ISRT.__GetInstallGuid                              isrt.obl(SysVars.obs)
284  ISRT.__GetLog                                      isrt.obl(SysVars.obs)
285  ISRT.__GetLogDB                                    isrt.obl(ISRTInit.obs)
286  ISRT.__GetLogEx                                    isrt.obl(SysVars.obs)
287  ISRT.__GetMainWindow                               Setup.obs
288  ISRT.__GetMaintOption                              isrt.obl(SysVars.obs)
289  ISRT.__GetMaintenanceMode                          isrt.obl(SysVars.obs)
290  ISRT.__GetObjects                                  isrt.obl(ISRTInit.obs)
291  ISRT.__GetProductGuid                              isrt.obl(SysVars.obs)
292  ISRT.__GetProgress                                 Setup.obs
293  ISRT.__GetReboot                                   isrt.obl(ISRTInit.obs)
294  ISRT.__GetReinstallMode                            isrt.obl(SysVars.obs)
295  ISRT.__GetRemoveAllMode                            isrt.obl(SysVars.obs)
296  ISRT.__GetTextSub                                  isrt.obl(ISRTInit.obs)
297  ISRT.__GetUpdateMode                               isrt.obl(SysVars.obs)
298  ISRT.__GetUser                                     isrt.obl(MIO.obs)
299  ISRT.__ISRTGetPropertyBag                          ifx.obl(PersistPropertyBag.obs)
300  ISRT.__ISRTReleasePropertyBag                      ifx.obl(PersistPropertyBag.obs)
301  ISRT.__LoadString                                  isrt.obl(LoadStr.obs)
302  ISRT.__PutEnabledIServices                         isrt.obl(Enable.obs)
303  ISRT.__ReleaseObjectContext                        isrt.obl(ISRTInit.obs)
304  ISRT.__RestoreMainLog                              isrt.obl(ISRTInit.obs)
305  ISRT.__RestoreMainLogEx                            isrt.obl(ISRTInit.obs)
306  ISRT.__SetComponentLog                             isrt.obl(ISRTInit.obs)
307  ISRT.__SetUpdateMode                               isrt.obl(SysVars.obs)
308  ISRTHandleScriptException                          isrt.obl(Misc.obs)
309  ISRTOnUninstPriv                                   isrt.obl(Driver.obs)
310  ISRTPreprogram                                     isrt.obl(Driver.obs)
311  IfxFilterComponents                                ifx.obl(EventsSetupPriv.obs)
312  IfxFinalConstruct                                  ifx.obl(EventsSetupPriv.obs)
313  IfxFinalRelease                                    ifx.obl(EventsSetupPriv.obs)
314  IfxInitProperties                                  ifx.obl(PersistPropertyBag.obs)
315  IfxOnAbortInstall                                  ifx.obl(EventsPriv.obs)
316  IfxOnAppSearch                                     ifx.obl(EventsPriv.obs)
317  IfxOnCCPSearch                                     ifx.obl(EventsPriv.obs)
318  IfxOnCanceling                                     ifx.obl(EventsPriv.obs)
319  IfxOnDisk1Installed                                ifx.obl(EventsSetupPriv.obs)
320  IfxOnDisk1Installing                               ifx.obl(EventsSetupPriv.obs)
321  IfxOnExitInstall                                   ifx.obl(EventsSetupPriv.obs)
322  IfxOnFileError                                     ifx.obl(EventsSetupPriv.obs)
323  IfxOnFileLocked                                    ifx.obl(EventsSetupPriv.obs)
324  IfxOnFileReadOnly                                  ifx.obl(EventsSetupPriv.obs)
325  IfxOnGeneralScriptOp                               ifx.obl(EventsPriv.obs)
326  IfxOnHelp                                          ifx.obl(EventsPriv.obs)
327  IfxOnInitInstall                                   ifx.obl(EventsSetupPriv.obs)
328  IfxOnInternetError                                 ifx.obl(EventsSetupPriv.obs)
329  IfxOnMD5Error                                      ifx.obl(EventsSetupPriv.obs)
330  IfxOnNextDisk                                      ifx.obl(EventsSetupPriv.obs)
331  IfxOnRebooted                                      ifx.obl(EventsPriv.obs)
332  IfxOnRemovingSharedFile                            ifx.obl(EventsSetupPriv.obs)
333  IfxOnShowWizardPages                               ifx.obl(EventsSetupPriv.obs)
334  IfxOnTransferred                                   ifx.obl(EventsPriv.obs)
335  IfxOnTransferring                                  ifx.obl(EventsSetupPriv.obs)
336  IfxOnUnhandledException                            ifx.obl(EventsPriv.obs)
337  IfxOnUninst                                        ifx.obl(EventsSetupPriv.obs)
338  IfxOnUninstPriv                                    ifx.obl(EventsSetupPriv.obs)
339  IfxPostprogram                                     ifx.obl(EventsSetupPriv.obs)
340  IfxPreprogram                                      ifx.obl(EventsSetupPriv.obs)
341  IfxReadProperties                                  ifx.obl(PersistPropertyBag.obs)
342  IfxRunAfterReboot                                  ifx.obl(EventsSetupPriv.obs)
343  IfxWriteProperties                                 ifx.obl(PersistPropertyBag.obs)
344  InetEndofTransfer                                  isrt.obl(iftw.obs)
345  InetNextDisk                                       isrt.obl(iftw.obs)
346  InitInstall                                        isrt.obl(Driver.obs)
347  InitProperties                                     ifx.obl(PersistPropertyBag.obs)
348  Is                                                 isrt.obl(Is.obs)
349  IsInetInstall                                      isrt.obl(iftw.obs)
350  KERNEL.GetModuleHandle                             Setup.obs
351  KERNEL32.CloseHandle                               Setup.obs
352  KERNEL32.CreateFileW                               Setup.obs
353  KERNEL32.CreateProcess                             Setup.obs
354  KERNEL32.DeleteFileW                               Setup.obs
355  KERNEL32.FileTimeToLocalFileTime                   Setup.obs
356  KERNEL32.FileTimeToSystemTime                      Setup.obs
357  KERNEL32.FindClose                                 Setup.obs
358  KERNEL32.FindFirstFileW                            Setup.obs
359  KERNEL32.FindNextFileW                             Setup.obs
360  KERNEL32.FormatMessageW                            Setup.obs
361  KERNEL32.FreeLibrary                               Setup.obs
362  KERNEL32.GetCurrentDirectoryW                      Setup.obs
363  KERNEL32.GetDriveType                              Setup.obs
364  KERNEL32.GetEnvironmentVariable                    Setup.obs
365  KERNEL32.GetExitCodeProcess                        Setup.obs
366  KERNEL32.GetFileAttributesW                        Setup.obs
367  KERNEL32.GetFileTime                               Setup.obs
368  KERNEL32.GetLocalTime                              Setup.obs
369  KERNEL32.GetLocaleInfo                             Setup.obs
370  KERNEL32.GetPrivateProfileSectionW                 Setup.obs
371  KERNEL32.GetPrivateProfileString                   Setup.obs
372  KERNEL32.GetPrivateProfileStringW                  Setup.obs
373  KERNEL32.GetProcAddress                            Setup.obs
374  KERNEL32.GetProcessId                              Setup.obs
375  KERNEL32.GetProfileStringW                         Setup.obs
376  KERNEL32.GetSystemDefaultLCID                      Setup.obs
377  KERNEL32.GetSystemDefaultLangID                    Setup.obs
378  KERNEL32.GetSystemDefaultUILanguage                Setup.obs
379  KERNEL32.GetTickCount                              Setup.obs
380  KERNEL32.GetUserDefaultLangID                      Setup.obs
381  KERNEL32.GetVersion                                Setup.obs
382  KERNEL32.GetVersionEx                              Setup.obs
383  KERNEL32.GetVolumeInformation                      Setup.obs
384  KERNEL32.GetWindowsDirectory                       Setup.obs
385  KERNEL32.LoadLibraryW                              Setup.obs
386  KERNEL32.LocalFileTimeToFileTime                   Setup.obs
387  KERNEL32.RemoveDirectoryW                          Setup.obs
388  KERNEL32.SetCurrentDirectoryW                      Setup.obs
389  KERNEL32.SetFileAttributesW                        Setup.obs
390  KERNEL32.SetFileTime                               Setup.obs
391  KERNEL32.Sleep                                     Setup.obs
392  KERNEL32.SystemTimeToFileTime                      Setup.obs
393  KERNEL32.WritePrivateProfileString                 Setup.obs
394  KERNEL32.WritePrivateProfileStringW                Setup.obs
395  KERNEL32.WriteProfileStringW                       Setup.obs
396  KERNEL32.lstrlenW                                  Setup.obs
397  LOWORD                                             isrt.obl(Misc.obs)
398  LaunchAppAndWait                                   isrt.obl(Extend.obs)
399  LaunchAppAndWaitInitStartupInfo                    isrt.obl(Extend.obs)
400  LaunchApplication                                  isrt.obl(Extend.obs)
401  LaunchApplicationInit                              isrt.obl(Extend.obs)
402  ListAddItem                                        isrt.obl(scrlist.obs)
403  ListAddString                                      isrt.obl(scrlist.obs)
404  ListCount                                          isrt.obl(scrlist.obs)
405  ListCreate                                         isrt.obl(scrlist.obs)
406  ListCurrentString                                  isrt.obl(scrlist.obs)
407  ListDeleteItem                                     isrt.obl(scrlist.obs)
408  ListDeleteString                                   isrt.obl(scrlist.obs)
409  ListDestroy                                        isrt.obl(scrlist.obs)
410  ListFindString                                     isrt.obl(scrlist.obs)
411  ListGetFirstItem                                   isrt.obl(scrlist.obs)
412  ListGetFirstString                                 isrt.obl(scrlist.obs)
413  ListGetNextItem                                    isrt.obl(scrlist.obs)
414  ListGetNextString                                  isrt.obl(scrlist.obs)
415  ListGetType                                        isrt.obl(scrlist.obs)
416  ListSetIndex                                       isrt.obl(scrlist.obs)
417  ListValid                                          isrt.obl(scrlist.obs)
418  ListValidType                                      isrt.obl(scrlist.obs)
419  LoadStringFromStringTable                          isrt.obl(Str.obs)
420  LogReadCustomString                                isrt.obl(Misc.obs)
421  LogReadCustomVariant                               isrt.obl(Misc.obs)
422  LogWriteCustomString                               isrt.obl(Misc.obs)
423  LogWriteCustomVariant                              isrt.obl(Misc.obs)
424  LongPathFromShortPath                              isrt.obl(Str.obs)
425  LongPathToQuote                                    isrt.obl(Str.obs)
426  MAKELONG                                           isrt.obl(Misc.obs)
427  MIFCreateMIFFile                                   isrt.obl(MIF.obs)
428  MIFDeleteMIFFile                                   isrt.obl(MIF.obs)
429  MIFInitialize                                      isrt.obl(MIF.obs)
430  MIFSetInformation                                  isrt.obl(MIF.obs)
431  MIFUnInitialize                                    isrt.obl(MIF.obs)
432  MIFWasSetInformationCalled                         isrt.obl(MIF.obs)
433  MIOShutdown                                        isrt.obl(MIO.obs)
434  MIOStartup                                         isrt.obl(MIO.obs)
435  MaintenanceStart                                   isrt.obl(Registry.obs)
436  MediaGetData                                       isrt.obl(Feature.obs)
437  MediaGetDataEx                                     isrt.obl(Feature.obs)
438  MessageBeep                                        isrt.obl(Misc.obs)
439  MessageBox                                         isrt.obl(ISRTScriptDialogsPriv.obs)
440  MessageBoxEx                                       isrt.obl(ISRTScriptDialogsPriv.obs)
441  OnAbort                                            ifx.obl(EventsSetup.obs)
442  OnAppSearch                                        ifx.obl(EventsSetup.obs)
443  OnBegin                                            Setup.obs
444  OnCCPSearch                                        ifx.obl(EventsSetup.obs)
445  OnCanceling                                        ifx.obl(EventsSetup.obs)
446  OnCheckMediaPassword                               Setup.obs
447  OnComponentError                                   ifx.obl(EventsSetup.obs)
448  OnCustomizeUninstInfo                              ifx.obl(EventsSetup.obs)
449  OnDIFxLogCallback                                  ifx.obl(EventsSetup.obs)
450  OnDIFxLogCallbackImpl                              isrt.obl(ISDIFx.obs)
451  OnEnd                                              ifx.obl(EventsSetup.obs)
452  OnFileError                                        ifx.obl(EventsSetup.obs)
453  OnFileLocked                                       ifx.obl(EventsSetup.obs)
454  OnFileReadOnly                                     ifx.obl(EventsSetup.obs)
455  OnFilterComponents                                 Setup.obs
456  OnFirstUIAfter                                     Setup.obs
457  OnFirstUIBefore                                    Setup.obs
458  OnHelp                                             ifx.obl(EventsSetup.obs)
459  OnIISAppPoolUninstalling                           ifx.obl(EventsPriv.obs)
460  OnIISCheckRequirements                             Setup.obs
461  OnIISComponentInstalled                            ifx.obl(EventsPriv.obs)
462  OnIISInitialize                                    ifx.obl(EventsPriv.obs)
463  OnIISUninitialize                                  ifx.obl(EventsPriv.obs)
464  OnIISVRootUninstalling                             ifx.obl(EventsPriv.obs)
465  OnIISWebServiceExtensionUninstalling               ifx.obl(EventsPriv.obs)
466  OnIISWebSiteUninstalling                           ifx.obl(EventsPriv.obs)
467  OnInstallDRMService                                isrt.obl(Activation.obs)
468  OnInstalledFile                                    ifx.obl(EventsSetup.obs)
469  OnInstalledFontFile                                ifx.obl(EventsSetup.obs)
470  OnInstallingFile                                   ifx.obl(EventsSetup.obs)
471  OnInternetError                                    ifx.obl(EventsSetup.obs)
472  OnLaunchAppAndWaitCallback                         ifx.obl(EventsSetup.obs)
473  OnMD5Error                                         ifx.obl(EventsSetup.obs)
474  OnMaintUIAfter                                     Setup.obs
475  OnMaintUIBefore                                    Setup.obs
476  OnMoveData                                         ifx.obl(EventsSetup.obs)
477  OnMoved                                            ifx.obl(EventsSetup.obs)
478  OnMoving                                           ifx.obl(EventsSetup.obs)
479  OnNetApiCreateUserAccount                          ifx.obl(EventsSetup.obs)
480  OnNetApiCreateUserAccountInternal                  isrt.obl(NetApiRT.obs)
481  OnNextDisk                                         ifx.obl(EventsSetup.obs)
482  OnRebooted                                         ifx.obl(EventsSetup.obs)
483  OnRemovingSharedFile                               ifx.obl(EventsSetup.obs)
484  OnSQLBatchScripts                                  ifx.obl(EventsPriv.obs)
485  OnSQLComponentInstalled                            ifx.obl(EventsPriv.obs)
486  OnSQLComponentUninstalled                          ifx.obl(EventsPriv.obs)
487  OnSQLServerInitialize                              ifx.obl(EventsPriv.obs)
488  OnSQLServerInitializeMaint                         ifx.obl(EventsPriv.obs)
489  OnSelfRegistrationError                            ifx.obl(EventsSetup.obs)
490  OnSetTARGETDIR                                     Setup.obs
491  OnSetUpdateMode                                    Setup.obs
492  OnShowUI                                           ifx.obl(EventsSetup.obs)
493  OnUnInstallDRMService                              isrt.obl(Activation.obs)
494  OnUnhandledException                               ifx.obl(EventsPriv.obs)
495  OnUninstall                                        ifx.obl(EventsSetup.obs)
496  OnUninstalledFile                                  ifx.obl(EventsSetup.obs)
497  OnUninstallingDIFxDriverFile                       ifx.obl(EventsSetup.obs)
498  OnUninstallingFile                                 ifx.obl(EventsSetup.obs)
499  OnUninstallingFontFile                             ifx.obl(EventsSetup.obs)
500  OnUpdateUIAfter                                    Setup.obs
501  OnUpdateUIBefore                                   Setup.obs
502  OnXMLComponentInstalled                            ifx.obl(EventsPriv.obs)
503  OnXMLComponentUninstalling                         ifx.obl(EventsPriv.obs)
504  OnXMLInitialize                                    ifx.obl(EventsPriv.obs)
505  OnXMLUninitialize                                  ifx.obl(EventsPriv.obs)
506  OpenFile                                           isrt.obl(Files.obs)
507  OpenFileMode                                       isrt.obl(Files.obs)
508  PIE_Installed                                      Setup.obs
509  PIE_UnInstalled                                    Setup.obs
510  ParsePath                                          isrt.obl(Str.obs)
511  Postprogram                                        ifx.obl(EventsSetupPriv.obs)
512  Preprogram                                         ifx.obl(EventsSetupPriv.obs)
513  PthFixPath                                         isrt.obl(Pth.obs)
514  PthIsAbsPath                                       isrt.obl(Pth.obs)
515  PthIsRoot                                          isrt.obl(Pth.obs)
516  PureDatabaseDetails                                Setup.obs
517  ReadProperties                                     ifx.obl(PersistPropertyBag.obs)
518  ReadWCFSecurityTokenFile                           Setup.obs
519  Rebooted                                           isrt.obl(Driver.obs)
520  RegDBCreateKeyEx                                   isrt.obl(Registry.obs)
521  RegDBDeleteItem                                    isrt.obl(Registry.obs)
522  RegDBDeleteValue                                   isrt.obl(Registry.obs)
523  RegDBDeleteValueEx                                 isrt.obl(Registry.obs)
524  RegDBDeleteValueEx32                               isrt.obl(Registry.obs)
525  RegDBGetDefaultRoot                                isrt.obl(SysVars.obs)
526  RegDBGetItem                                       isrt.obl(Registry.obs)
527  RegDBGetKeyValueEx                                 isrt.obl(Registry.obs)
528  RegDBKeyExist                                      isrt.obl(Registry.obs)
529  RegDBQueryKey                                      isrt.obl(Registry.obs)
530  RegDBQueryKeyCount                                 isrt.obl(Registry.obs)
531  RegDBQueryStringMultiStringCount                   isrt.obl(Registry.obs)
532  RegDBQueryValue                                    isrt.obl(Registry.obs)
533  RegDBQueryValue32                                  isrt.obl(Registry.obs)
534  RegDBSetDefaultRoot                                isrt.obl(SysVars.obs)
535  RegDBSetItem                                       isrt.obl(Registry.obs)
536  RegDBSetKeyValueEx                                 isrt.obl(Registry.obs)
537  RegDBSetValue                                      isrt.obl(Registry.obs)
538  RegDBSetValue32                                    isrt.obl(Registry.obs)
539  RegDBSetVersion                                    isrt.obl(Registry.obs)
540  RegisterFontResource                               isrt.obl(Misc.obs)
541  ReleaseDialog                                      isrt.obl(CustomDialog.obs)
542  SQLBrowse2                                         SQLRT.obl(SQLBrowse.obs)
543  SQLDatabaseBrowse                                  SQLRT.obl(SQLBrowse.obs)
544  SQLRT.ISSQLServerConnect                           Setup.obs
545  SQLRT.ISSQLServerGetBatchMode                      Setup.obs
546  SQLRT.ISSQLServerGetComponentScriptError2          Setup.obs
547  SQLRT.ISSQLServerGetConnectionAuthentication       Setup.obs
548  SQLRT.ISSQLServerGetConnectionInfo                 Setup.obs
549  SQLRT.ISSQLServerGetConnections                    Setup.obs
550  SQLRT.ISSQLServerGetDatabases                      Setup.obs
551  SQLRT.ISSQLServerGetLastError2                     Setup.obs
552  SQLRT.ISSQLServerGetServers                        Setup.obs
553  SQLRT.ISSQLServerInitialize                        Setup.obs
554  SQLRT.ISSQLServerPutConnectionAuthentication       Setup.obs
555  SQLRT.ISSQLServerPutConnectionInfo2                Setup.obs
556  SQLRTConnect                                       SQLRT.obl(SQLRT.obs)
557  SQLRTGetComponentScriptError2                      SQLRT.obl(SQLRT.obs)
558  SQLRTGetConnectionAuthentication                   SQLRT.obl(SQLRT.obs)
559  SQLRTGetConnectionInfo                             SQLRT.obl(SQLRT.obs)
560  SQLRTGetConnections                                SQLRT.obl(SQLRT.obs)
561  SQLRTGetDatabases                                  SQLRT.obl(SQLRT.obs)
562  SQLRTGetErrorMessage                               SQLRT.obl(SQLRT.obs)
563  SQLRTGetLastError2                                 SQLRT.obl(SQLRT.obs)
564  SQLRTGetServers                                    SQLRT.obl(SQLRT.obs)
565  SQLRTGetServers2                                   SQLRT.obl(SQLRT.obs)
566  SQLRTInitialize                                    SQLRT.obl(SQLRT.obs)
567  SQLRTInitialize2                                   SQLRT.obl(SQLRT.obs)
568  SQLRTPutConnectionAuthentication                   SQLRT.obl(SQLRT.obs)
569  SQLRTPutConnectionInfo2                            SQLRT.obl(SQLRT.obs)
570  SQLServerSelectLogin2                              SQLRT.obl(SQLServerSelectLoginDlg.obs)
571  SdAskDestPath                                      isrt.obl(ISRTScriptDialogs.obs)
572  SdCloseDlg                                         isrt.obl(SDINT.obs)
573  SdDlgToTop                                         isrt.obl(SDINT.obs)
574  SdDoStdButton                                      isrt.obl(SDINT.obs)
575  SdEnablement                                       isrt.obl(SDINT.obs)
576  SdError                                            isrt.obl(SDINT.obs)
577  SdExceptionsInit                                   isrt.obl(ISRTScriptDialogsPriv.obs)
578  SdFinish                                           isrt.obl(ISRTScriptDialogs.obs)
579  SdFinishReboot                                     isrt.obl(ISRTScriptDialogs.obs)
580  SdGeneralInit                                      isrt.obl(SDINT.obs)
581  SdInit                                             isrt.obl(SDINT.obs)
582  SdIsStdButton                                      isrt.obl(SDINT.obs)
583  SdLoadString                                       isrt.obl(SDINT.obs)
584  SdMakeName                                         isrt.obl(SDINT.obs)
585  SdPlugInProductName                                isrt.obl(SDINT.obs)
586  SdSQLServerSelectLogin3                            Setup.obs
587  SdSetDlgTitle                                      isrt.obl(SDINT.obs)
588  SdSetStatic                                        isrt.obl(SDINT.obs)
589  SdShowMsg                                          isrt.obl(ISRTScriptDialogsPriv.obs)
590  SdSubstituteProductInfo                            isrt.obl(SDINT.obs)
591  SdUnInit                                           isrt.obl(SDINT.obs)
592  SdWelcome                                          isrt.obl(ISRTScriptDialogs.obs)
593  SelectDir                                          isrt.obl(ISRTScriptDialogsPriv.obs)
594  SelectDirNoLog                                     isrt.obl(ISRTScriptDialogsPriv.obs)
595  SendMessage                                        isrt.obl(Misc.obs)
596  ServiceInitParams                                  isrt.obl(Service.obs)
597  SetCmdLine                                         isrt.obl(SysVars.obs)
598  SetDialogTitle                                     isrt.obl(Dialogs.obs)
599  SetDisplayEffect                                   isrt.obl(ui.obs)
600  SetExtendedErrInfo                                 isrt.obl(IsUtil.obs)
601  SetFileInfo                                        isrt.obl(Files.obs)
602  SetStatus                                          ifx.obl(EventsSetupPriv.obs)
603  SetStatusEx                                        ifx.obl(EventsSetupPriv.obs)
604  SetStatusExStaticText                              isrt.obl(ui.obs)
605  SetStatusWindow                                    isrt.obl(ui.obs)
606  SetTitle                                           isrt.obl(ui.obs)
607  SetupTraceWrite                                    isrt.obl(Misc.obs)
608  Shell32.ShellExecuteExW                            Setup.obs
609  ShowObjWizardPages                                 isrt.obl(Objects.obs)
610  ShowWizardPages                                    isrt.obl(Driver.obs)
611  SilentCreateFile                                   isrt.obl(Silent.obs)
612  SilentDoGeneralInfo                                isrt.obl(Silent.obs)
613  SilentFailed                                       isrt.obl(Silent.obs)
614  SilentFinish                                       isrt.obl(Silent.obs)
615  SilentInit                                         isrt.obl(Silent.obs)
616  SilentLogWriteData                                 isrt.obl(Silent.obs)
617  SilentReadData                                     isrt.obl(Silent.obs)
618  SilentSetInfo                                      isrt.obl(Silent.obs)
619  SilentSetMode                                      isrt.obl(Silent.obs)
620  SilentWriteData                                    isrt.obl(Silent.obs)
621  Sprintf                                            isrt.obl(Str.obs)
622  SprintfBox                                         isrt.obl(ISRTScriptDialogsPriv.obs)
623  StatusUpdate                                       isrt.obl(ui.obs)
624  StrAddLastSlash                                    isrt.obl(Str.obs)
625  StrFindEx                                          isrt.obl(Str.obs)
626  StrGetTokens                                       isrt.obl(Str.obs)
627  StrLength                                          isrt.obl(Str.obs)
628  StrRemoveLastSlash                                 isrt.obl(Str.obs)
629  StrReplace                                         isrt.obl(Str.obs)
630  StrToNumHex                                        isrt.obl(Str.obs)
631  StrToUpper                                         isrt.obl(Str.obs)
632  StrTrim                                            isrt.obl(Str.obs)
633  SysVarsInit                                        isrt.obl(SysVars.obs)
634  SysVarsTrace                                       isrt.obl(SysVars.obs)
635  SysVarsUnInit                                      isrt.obl(SysVars.obs)
636  System                                             isrt.obl(Misc.obs)
637  SystemRestoreCancelRestorePointIS                  isrt.obl(PCRestore.obs)
638  SystemRestoreCloseRestorePointIS                   isrt.obl(PCRestore.obs)
639  SystemRestoreDisableIS                             isrt.obl(PCRestore.obs)
640  SystemRestoreIsEnabledIS                           isrt.obl(PCRestore.obs)
641  SystemRestoreOpenRestorePointIS                    isrt.obl(PCRestore.obs)
642  TextSubGetValue                                    isrt.obl(TextSub.obs)
643  TextSubParseTextSub                                isrt.obl(TextSub.obs)
644  TextSubSetValue                                    isrt.obl(TextSub.obs)
645  TextSubSubstitute                                  isrt.obl(TextSub.obs)
646  TrimEnd                                            Setup.obs
647  TrimStart                                          Setup.obs
648  USER.EnableWindow                                  Setup.obs
649  USER.GetClassName                                  Setup.obs
650  USER.GetDC                                         Setup.obs
651  USER.GetDlgItem                                    Setup.obs
652  USER.GetFocus                                      Setup.obs
653  USER.GetWindowLong                                 Setup.obs
654  USER.GetWindowRect                                 Setup.obs
655  USER.IsIconic                                      Setup.obs
656  USER.IsWindow                                      Setup.obs
657  USER.PostMessage                                   Setup.obs
658  USER.ReleaseDC                                     Setup.obs
659  USER.SendMessageW                                  Setup.obs
660  USER.SetFocus                                      Setup.obs
661  USER.SetWindowPos                                  Setup.obs
662  USER.SetWindowText                                 Setup.obs
663  USER.ShowWindow                                    Setup.obs
664  USER32.CharUpperBuffW                              Setup.obs
665  USER32.DispatchMessage                             Setup.obs
666  USER32.GetDesktopWindow                            Setup.obs
667  USER32.GetSystemMetrics                            Setup.obs
668  USER32.GetWindowText                               Setup.obs
669  USER32.GetWindowTextLength                         Setup.obs
670  USER32.InvalidateRect                              Setup.obs
671  USER32.IsWindowVisible                             Setup.obs
672  USER32.MessageBoxW                                 Setup.obs
673  USER32.MsgWaitForMultipleObjects                   Setup.obs
674  USER32.PeekMessageW                                Setup.obs
675  USER32.SendMessageW                                Setup.obs
676  USER32.SetForegroundWindow                         Setup.obs
677  USER32.SetWindowLong                               Setup.obs
678  USER32.SetWindowRgn                                Setup.obs
679  USER32.TranslateMessage                            Setup.obs
680  USER32.WaitForInputIdle                            Setup.obs
681  UpdatePIEWebConfig                                 Setup.obs
682  UpdateServiceEnableUpdateService                   isrt.obl(ISUpdateService.obs)
683  VarInit                                            isrt.obl(SysVars.obs)
684  VarRestore                                         isrt.obl(SysVars.obs)
685  VarRestoreISRT                                     isrt.obl(SysVars.obs)
686  VarSave                                            isrt.obl(SysVars.obs)
687  VarSaveISRT                                        isrt.obl(SysVars.obs)
688  VerCompare                                         isrt.obl(version.obs)
689  VerProductCompareVersions                          isrt.obl(version.obs)
690  VerProductGetInstalledVersion                      isrt.obl(version.obs)
691  VerProductIsVersionSupported                       isrt.obl(version.obs)
692  VerProductNumToStr                                 isrt.obl(version.obs)
693  VerProductStrToNum                                 isrt.obl(version.obs)
694  VerProductVerFromVerParts                          isrt.obl(version.obs)
695  VerProductVerPartsFromVer                          isrt.obl(version.obs)
696  WaitForApplication                                 isrt.obl(Extend.obs)
697  WaitOnDialog                                       isrt.obl(CustomDialog.obs)
698  WizardDirection                                    ifx.obl(EventsSetupPriv.obs)
699  WriteLine                                          isrt.obl(Files.obs)
700  WriteProfInt                                       isrt.obl(Profile.obs)
701  WriteProfString                                    isrt.obl(Profile.obs)
702  WriteProperties                                    ifx.obl(PersistPropertyBag.obs)
703  WriteToLogFile                                     Setup.obs
704  XCopyFile                                          isrt.obl(Files.obs)
705  __ISRTDoExit                                       isrt.obl(Misc.obs)
706  __ISRTInit                                         isrt.obl(ISRTInit.obs)
707  __ISRTRestoreMainLog                               isrt.obl(ISRTInit.obs)
708  __ISRTRestoreMainLogEx                             isrt.obl(ISRTInit.obs)
709  __ISRTSetComponentLog                              isrt.obl(ISRTInit.obs)
710  __ISRTUnInit                                       isrt.obl(ISRTInit.obs)
711  __LoadIScriptString                                isrt.obl(LoadStr.obs)
712  onUpgradeUIBefore                                  Setup.obs
713  program                                            ifx.obl(EventsSetupPriv.obs)
714  sfc.SRSetRestorePointW                             Setup.obs


***** External Variables *****
1    ADDREMOVE                                          isrt.obl(DebugSymbols.obs)
2    ADDREMOVE_COMBINEDBUTTON                           Setup.obs
3    ADDREMOVE_HIDECHANGEOPTION                         Setup.obs
4    ADDREMOVE_HIDEREMOVEOPTION                         Setup.obs
5    ADDREMOVE_HIDEREPAIROPTION                         Setup.obs
6    ADDREMOVE_STRING_REMOVEONLY                        Setup.obs
7    ADDREMOVE_SYSTEMCOMPONENT                          Setup.obs
8    ADMINUSER                                          Setup.obs
9    ALLUSERS                                           Setup.obs
10   BASICMSI                                           isrt.obl(DebugSymbols.obs)
11   BATCH_INSTALL                                      Setup.obs
12   CMDLINE                                            isrt.obl(DebugSymbols.obs)
13   COMMONFILES                                        isrt.obl(DebugSymbols.obs)
14   COMMONFILES64                                      isrt.obl(DebugSymbols.obs)
15   DISABLE_ALLUSERBTN                                 Setup.obs
16   DISABLE_PERUSERBTN                                 Setup.obs
17   DISK1SETUPEXENAME                                  isrt.obl(DebugSymbols.obs)
18   DISK1TARGET                                        Setup.obs
19   ENABLED_ISERVICES                                  isrt.obl(DebugSymbols.obs)
20   ENGINECOMMONDIR                                    isrt.obl(DebugSymbols.obs)
21   ENGINEDIR                                          isrt.obl(DebugSymbols.obs)
22   ERRORFILENAME                                      Setup.obs
23   Err                                                Setup.obs
24   FILETIME                                           Setup.obs
25   FIND_DATAW                                         Setup.obs
26   FOLDER_APPDATA                                     isrt.obl(DebugSymbols.obs)
27   FOLDER_COMMON_APPDATA                              isrt.obl(DebugSymbols.obs)
28   FOLDER_DESKTOP                                     isrt.obl(DebugSymbols.obs)
29   FOLDER_DOTNET_10                                   isrt.obl(DebugSymbols.obs)
30   FOLDER_DOTNET_11                                   isrt.obl(DebugSymbols.obs)
31   FOLDER_DOTNET_20                                   isrt.obl(DebugSymbols.obs)
32   FOLDER_DOTNET_30                                   isrt.obl(DebugSymbols.obs)
33   FOLDER_DOTNET_35                                   isrt.obl(DebugSymbols.obs)
34   FOLDER_DOTNET_40                                   isrt.obl(DebugSymbols.obs)
35   FOLDER_FONTS                                       isrt.obl(DebugSymbols.obs)
36   FOLDER_LOCAL_APPDATA                               isrt.obl(DebugSymbols.obs)
37   FOLDER_PERSONAL                                    isrt.obl(DebugSymbols.obs)
38   FOLDER_PROGRAMS                                    isrt.obl(DebugSymbols.obs)
39   FOLDER_STARTMENU                                   isrt.obl(DebugSymbols.obs)
40   FOLDER_STARTUP                                     isrt.obl(DebugSymbols.obs)
41   FOLDER_TEMP                                        isrt.obl(DebugSymbols.obs)
42   FileRegistrar                                      Setup.obs
43   HIDE_DISABLED_BTNS                                 Setup.obs
44   HKEYCURRENTROOTKEY                                 Setup.obs
45   IFX_COMPANY_NAME                                   Setup.obs
46   IFX_DISK1INSTALLED                                 Setup.obs
47   IFX_INITIALIZED                                    Setup.obs
48   IFX_INSTALLED_DISPLAY_VERSION                      Setup.obs
49   IFX_INSTALLED_VERSION                              Setup.obs
50   IFX_KEYPATH_PRODUCT_INFO                           Setup.obs
51   IFX_MULTI_INSTANCE_SUFFIX                          Setup.obs
52   IFX_OPEN_RESTORE_POINT                             isrt.obl(PCRestore.obs)
53   IFX_PRODUCT_COMMENTS                               Setup.obs
54   IFX_PRODUCT_DISPLAY_NAME                           Setup.obs
55   IFX_PRODUCT_DISPLAY_VERSION                        Setup.obs
56   IFX_PRODUCT_ICON                                   Setup.obs
57   IFX_PRODUCT_KEY                                    Setup.obs
58   IFX_PRODUCT_NAME                                   Setup.obs
59   IFX_PRODUCT_README                                 Setup.obs
60   IFX_PRODUCT_REGISTEREDCOMPANY                      Setup.obs
61   IFX_PRODUCT_REGISTEREDOWNER                        Setup.obs
62   IFX_PRODUCT_REGISTEREDSERIALNUM                    Setup.obs
63   IFX_PRODUCT_SUPPORT_CONTACT                        Setup.obs
64   IFX_PRODUCT_SUPPORT_PHONE                          Setup.obs
65   IFX_PRODUCT_SUPPORT_URL                            Setup.obs
66   IFX_PRODUCT_UPDATE_URL                             Setup.obs
67   IFX_PRODUCT_URL                                    Setup.obs
68   IFX_PRODUCT_VERSION                                Setup.obs
69   IFX_RESTORE_DISABLED                               isrt.obl(PCRestore.obs)
70   IFX_SETUP_TITLE                                    Setup.obs
71   IFX_SUPPORTED_VERSIONS                             Setup.obs
72   IISROOTFOLDER                                      isrt.obl(DebugSymbols.obs)
73   INSTALLSCRIPTMSI                                   isrt.obl(DebugSymbols.obs)
74   INSTALLSCRIPTMSIEEUI                               isrt.obl(DebugSymbols.obs)
75   INSTANCE_GUID                                      isrt.obl(DebugSymbols.obs)
76   ISDIFXAPPID                                        Setup.obs
77   ISRES                                              isrt.obl(DebugSymbols.obs)
78   ISUSER                                             isrt.obl(DebugSymbols.obs)
79   ISUTIL_FUNCTION_ACTUAL_ERROR                       Setup.obs
80   ISUTIL_LINE_NUMBER                                 Setup.obs
81   ISUTIL_SCRIPT_FILE                                 Setup.obs
82   ISVERSION                                          isrt.obl(DebugSymbols.obs)
83   IS_NULLSTR_PTR                                     Setup.obs
84   InetSRCDIR                                         Setup.obs
85   LAAW_PARAMETERS                                    Setup.obs
86   LAAW_PROCESS_INFORMATION                           Setup.obs
87   LAAW_SHELLEXECUTEINFO                              Setup.obs
88   LAAW_SHELLEXECUTEVERB                              Setup.obs
89   LAAW_STARTUPINFO                                   Setup.obs
90   LAST_RESULT                                        Setup.obs
91   LogDB                                              Setup.obs
92   MAINTENANCE                                        isrt.obl(DebugSymbols.obs)
93   MAINT_OPTION                                       isrt.obl(DebugSymbols.obs)
94   MEDIA                                              Setup.obs
95   MEDIA_INFO                                         isrt.obl(Feature.obs)
96   MODE                                               Setup.obs
97   MSG                                                Setup.obs
98   MULTI_INSTANCE_COUNT                               isrt.obl(DebugSymbols.obs)
99   MainWindow                                         Setup.obs
100  NOTHING                                            Setup.obs
101  OSINFO_PLATFORM_INFO                               Setup.obs
102  OSINFO_PROCESSOR_INFO                              Setup.obs
103  OSVERSIONINFOEXW                                   Setup.obs
104  OSVERSIONINFOW                                     Setup.obs
105  Objects                                            Setup.obs
106  PACKAGE_LOCATION                                   isrt.obl(DebugSymbols.obs)
107  POINT                                              Setup.obs
108  PRIVILEGED                                         Setup.obs
109  PROCESS_INFORMATION                                Setup.obs
110  PRODUCT_GUID                                       isrt.obl(DebugSymbols.obs)
111  PROGRAMFILES                                       isrt.obl(DebugSymbols.obs)
112  PROGRAMFILES64                                     isrt.obl(DebugSymbols.obs)
113  RECT                                               Setup.obs
114  REGDB_OPTIONS                                      Setup.obs
115  REINSTALLMODE                                      isrt.obl(DebugSymbols.obs)
116  REMOVEALLMODE                                      isrt.obl(DebugSymbols.obs)
117  REMOVEONLY                                         isrt.obl(DebugSymbols.obs)
118  RUN_ONCE_PROGRAM                                   isrt.obl(DebugSymbols.obs)
119  Reboot                                             Setup.obs
120  SELECTED_LANGUAGE                                  isrt.obl(DebugSymbols.obs)
121  SERVICE_IS_PARAMS                                  Setup.obs
122  SETUPTYPE_STR_COMPACT                              Setup.obs
123  SETUPTYPE_STR_COMPLETE                             Setup.obs
124  SETUPTYPE_STR_CUSTOM                               Setup.obs
125  SETUPTYPE_STR_TYPICAL                              Setup.obs
126  SHAREDSUPPORTDIR                                   isrt.obl(DebugSymbols.obs)
127  SHELLEXECUTEINFOW                                  Setup.obs
128  SHELL_OBJECT_FOLDER                                Setup.obs
129  SHOW_PASSWORD_DIALOG                               isrt.obl(DebugSymbols.obs)
130  SRCDIR                                             Setup.obs
131  SRCDISK                                            isrt.obl(DebugSymbols.obs)
132  STANDARD_SELECTED_LANGUAGE                         isrt.obl(DebugSymbols.obs)
133  STARTUPINFOW                                       Setup.obs
134  SUPPORTDIR                                         isrt.obl(DebugSymbols.obs)
135  SYSINFO                                            Setup.obs
136  SYSPROCESSORINFO                                   Setup.obs
137  SYSTEMTIME                                         Setup.obs
138  SetupInfo                                          Setup.obs
139  StatusDlg                                          Setup.obs
140  TARGETDIR                                          Setup.obs
141  TARGETDISK                                         isrt.obl(DebugSymbols.obs)
142  TextSub                                            Setup.obs
143  UNINST                                             Setup.obs
144  UNINSTALLKEY                                       Setup.obs
145  UNINSTALL_DISPLAYNAME                              Setup.obs
146  UNINSTALL_STRING                                   Setup.obs
147  UPDATEMODE                                         Setup.obs
148  WINDIR                                             isrt.obl(DebugSymbols.obs)
149  WINDISK                                            isrt.obl(DebugSymbols.obs)
150  WINSYSDIR                                          isrt.obl(DebugSymbols.obs)
151  WINSYSDIR64                                        isrt.obl(DebugSymbols.obs)
152  WINSYSDISK                                         isrt.obl(DebugSymbols.obs)
153  _FONTFILEINFO                                      Setup.obs
154  _INT64                                             Setup.obs
155  _ISDIFXINSTALLERINFO                               isrt.obl(ISDIFx.obs)
156  _LAAW_PARAMETERS                                   Setup.obs
157  _LAAW_TEMP_DATA                                    isrt.obl(Extend.obs)
158  _RESTOREPOINTINFO                                  Setup.obs
159  _SERVICE_IS_PARAMS                                 Setup.obs
160  _STATEMGRSTATUS                                    Setup.obs
161  _WIN9X                                             Setup.obs
162  _WINNT                                             Setup.obs
163  __hContext                                         ifx.obl(EventsPriv.obs)
164  __objGlobalTextSub                                 Setup.obs
165  __szGUID                                           Setup.obs
166  bBackButton                                        Setup.obs
167  bCancelButton                                      Setup.obs
168  bEnterDiskBeep                                     Setup.obs
169  bFinishButton                                      Setup.obs
170  bIFXLFNoToAll                                      Setup.obs
171  bIFXLFOnRebootToAll                                Setup.obs
172  bIFXLFYesToAll                                     Setup.obs
173  bIFXMD5IgnoreToAll                                 Setup.obs
174  bIFXRONoToAll                                      Setup.obs
175  bIFXROYesToAll                                     Setup.obs
176  bIFXSFNoToAll                                      Setup.obs
177  bIFXSFYesToAll                                     Setup.obs
178  bInstall16                                         Setup.obs
179  bNextButton                                        Setup.obs
180  bSdInit                                            Setup.obs
181  bViewCmptKunits                                    Setup.obs
182  bViewCmptUseDecimal                                Setup.obs
183  g_bSQLRTInitialized                                Setup.obs
184  g_bSuppressMissingStringWarning                    isrt.obl(Enable.obs)
185  nDlgAskOptions                                     isrt.obl(Activation.obs)
186  nDlgEnterPassword                                  isrt.obl(Activation.obs)
187  nDlgMessageBox                                     isrt.obl(Activation.obs)
188  nDlgSQLSELECTLOGIN                                 isrt.obl(Activation.obs)
189  nDlgSelectDir                                      isrt.obl(Activation.obs)
190  nDlgSprintfBox                                     isrt.obl(Activation.obs)
191  nSdAskDestPath                                     Setup.obs
192  nSdFinish                                          Setup.obs
193  nSdFinishReboot                                    Setup.obs
194  nSdWelcome                                         Setup.obs
195  szAppKey                                           Setup.obs
196  szSdProduct                                        Setup.obs
197  szSdStr_NotEnoughSpace                             Setup.obs
