***** External Functions *****
1    ADODBConnectAndExecute                             Setup.obs
2    ADODBConnectAndExecutePortal                       Setup.obs
3    ADODBConnectExecuteAndReturn                       Setup.obs
4    ADODBConnectExecuteAndReturnPortal                 Setup.obs
5    AddCommandTextToList                               Setup.obs
6    AddEditTbl_Portal                                  Setup.obs
7    AddFontRegistrationToLog                           isrt.obl(Misc.obs)
8    AddShare                                           Setup.obs
9    Advapi32.CloseServiceHandle                        Setup.obs
10   Advapi32.ControlService                            Setup.obs
11   Advapi32.OpenSCManagerW                            Setup.obs
12   Advapi32.OpenServiceW                              Setup.obs
13   Advapi32.QueryServiceStatus                        Setup.obs
14   AppSearch                                          isrt.obl(Driver.obs)
15   AskOptions                                         isrt.obl(ISRTScriptDialogs.obs)
16   AskPath                                            isrt.obl(ISRTScriptDialogs.obs)
17   AskYesNo                                           isrt.obl(ISRTScriptDialogsPriv.obs)
18   BackupFiles                                        Setup.obs
19   CCPSearch                                          isrt.obl(Driver.obs)
20   ChangeDirectory                                    isrt.obl(Files.obs)
21   CheckApplicationInUse                              Setup.obs
22   CheckIISversion                                    Setup.obs
23   CheckMSOfficeversion                               Setup.obs
24   CheckNET4version                                   Setup.obs
25   CheckOrCreatePureConfig                            Setup.obs
26   CheckOrCreateRegistrySettingsTable                 Setup.obs
27   CheckPMUsersLoggedOn                               Setup.obs
28   CheckPureInstallscriptMSIInstallerExists           Setup.obs
29   CheckSilverLightversion                            Setup.obs
30   CheckTypeofInstallation                            Setup.obs
31   ClearReadOnly                                      Setup.obs
32   CloseFile                                          isrt.obl(Files.obs)
33   CmdGetHwndDlg                                      isrt.obl(CustomDialog.obs)
34   CoCreateObject                                     isrt.obl(Misc.obs)
35   CoGetObject                                        isrt.obl(Misc.obs)
36   CompareCrystalReportVersion                        Setup.obs
37   CompareDatabaseCollation                           Setup.obs
38   CompareDatabaseServerDateTime                      Setup.obs
39   CompareMSXMLVersion                                Setup.obs
40   CompareVersion                                     Setup.obs
41   ComponentAddFileToLog                              isrt.obl(component.obs)
42   ComponentErrorInfo                                 isrt.obl(component.obs)
43   ComponentIsItemSelected                            isrt.obl(component.obs)
44   ComponentListItems                                 isrt.obl(component.obs)
45   ComponentSelectItem                                isrt.obl(component.obs)
46   ComponentTreeInit                                  isrt.obl(Dialogs.obs)
47   ConcatenateListContentintoString                   Setup.obs
48   ConfigureAspDotNetSateService                      Setup.obs
49   ConfigurePureservice                               Setup.obs
50   ConstructProductVersionforDBStructure              Setup.obs
51   CopyBackOfficeProduct                              Setup.obs
52   CopyCrystalReportWebFormViewer4Files               Setup.obs
53   CopyDashBoardDatabasebackupToRemoteServer          Setup.obs
54   CopyDashBoardFiles                                 Setup.obs
55   CopyDatabasebackupToRemoteServer                   Setup.obs
56   CopyFile                                           isrt.obl(Files.obs)
57   CopyInstallSet                                     Setup.obs
58   CopyLists                                          Setup.obs
59   CopyOLDWebConfig                                   Setup.obs
60   CopyPMDocs                                         Setup.obs
61   CopyPortalDatabasebackupToRemoteServer             Setup.obs
62   CopyPortalFiles                                    Setup.obs
63   CopyRules                                          Setup.obs
64   CopySiriusImportexeconfig                          Setup.obs
65   CopySupportDlls                                    Setup.obs
66   CopyiPMUserMaintenanceExeConfig                    Setup.obs
67   CreateCopyofDatabaseSPPFile                        Setup.obs
68   CreateDashBoardDatabaseFromBackup                  Setup.obs
69   CreateDashBoardRegistry                            Setup.obs
70   CreateDir                                          isrt.obl(Files.obs)
71   CreateFile                                         isrt.obl(Files.obs)
72   CreateInstallationInfo                             isrt.obl(Registry.obs)
73   CreateLogFile                                      Setup.obs
74   CreateObject                                       isrt.obl(Misc.obs)
75   CreatePortalDatabaseFromBackup                     Setup.obs
76   CreatePortalRegistry                               Setup.obs
77   CreatePureUsersGroup                               Setup.obs
78   CreatePureWebServicesRegistry                      Setup.obs
79   CreateRegistrySet                                  isrt.obl(Feature.obs)
80   CreateSiriusDatabaseFromBackup                     Setup.obs
81   CreateSiriusLogin                                  Setup.obs
82   CtrlGetCurSel                                      isrt.obl(CustomDialog.obs)
83   CtrlGetDlgItem                                     isrt.obl(CustomDialog.obs)
84   CtrlGetState                                       isrt.obl(CustomDialog.obs)
85   CtrlGetSubCommand                                  isrt.obl(CustomDialog.obs)
86   CtrlGetText                                        isrt.obl(CustomDialog.obs)
87   CtrlSelectText                                     isrt.obl(CustomDialog.obs)
88   CtrlSetCurSel                                      isrt.obl(CustomDialog.obs)
89   CtrlSetFont                                        isrt.obl(CustomDialog.obs)
90   CtrlSetList                                        isrt.obl(CustomDialog.obs)
91   CtrlSetState                                       isrt.obl(CustomDialog.obs)
92   CtrlSetText                                        isrt.obl(CustomDialog.obs)
93   DIFxDriverPackageUninstall                         isrt.obl(ISDIFx.obs)
94   DRMINSTALLERPRO.DRMInstallPRO                      isrt.obl(Activation.obs)
95   DRMINSTALLERPRO.DRMUnInstallPRO                    isrt.obl(Activation.obs)
96   DataModelRebuild                                   Setup.obs
97   DatabaseExecute                                    Setup.obs
98   DefineDialog                                       isrt.obl(CustomDialog.obs)
99   Delay                                              isrt.obl(Misc.obs)
100  DeletShortCutFolder                                Setup.obs
101  DeleteCurrentSiriusDatabase                        Setup.obs
102  DeleteDir                                          isrt.obl(Files.obs)
103  DeleteFile                                         isrt.obl(Files.obs)
104  DeleteProgramFolder                                isrt.obl(Shell.obs)
105  DeleteRegFile                                      Setup.obs
106  DeleteRegistryInformation                          Setup.obs
107  DeleteShortcutFolder                               isrt.obl(Shell.obs)
108  DeleteSingleFile                                   isrt.obl(Files.obs)
109  DeleteUninstallReg                                 Setup.obs
110  DialogSetDefaultFont                               isrt.obl(Dialogs.obs)
111  DialogSetFont                                      isrt.obl(Dialogs.obs)
112  DialogSetInfo                                      isrt.obl(Dialogs.obs)
113  Disable                                            isrt.obl(Enable.obs)
114  DllSizeOf                                          isrt.obl(Str.obs)
115  Do                                                 isrt.obl(Misc.obs)
116  DropSiriusLogin                                    Setup.obs
117  EmailConfiguration                                 Setup.obs
118  Enable                                             isrt.obl(Enable.obs)
119  EndCurrentDialog                                   isrt.obl(Dialogs.obs)
120  EndDialog                                          isrt.obl(CustomDialog.obs)
121  EnterDisk                                          isrt.obl(ISRTScriptDialogs.obs)
122  EnterDiskError                                     isrt.obl(ISRTScriptDialogs.obs)
123  EnterPassword                                      isrt.obl(ISRTScriptDialogs.obs)
124  EnumChildWindows                                   isrt.obl(CustomDialog.obs)
125  ExFn_ICCSNumberDialog                              Setup.obs
126  ExFn_NewDBDetailsDefineDialog                      Setup.obs
127  ExecuteFilesinFolders                              Setup.obs
128  ExistsDir                                          isrt.obl(Files.obs)
129  ExistsDisk                                         isrt.obl(Files.obs)
130  ExitInstall                                        isrt.obl(Driver.obs)
131  EzDefineDialog                                     isrt.obl(CustomDialog.obs)
132  FeatureAddFileToLog                                isrt.obl(Feature.obs)
133  FeatureConfigureFeaturesFromSuite                  isrt.obl(Feature.obs)
134  FeatureErrorInfo                                   isrt.obl(Feature.obs)
135  FeatureFilterLanguage                              isrt.obl(Feature.obs)
136  FeatureFilterOS                                    isrt.obl(Feature.obs)
137  FeatureIsItemSelected                              isrt.obl(Feature.obs)
138  FeatureListItems                                   isrt.obl(Feature.obs)
139  FeatureReinstall                                   isrt.obl(Feature.obs)
140  FeatureRemoveAllInLogOnly                          isrt.obl(Feature.obs)
141  FeatureRemoveAllInMedia                            isrt.obl(Feature.obs)
142  FeatureRemoveAllInMediaAndLog                      isrt.obl(Feature.obs)
143  FeatureSaveTarget                                  isrt.obl(Feature.obs)
144  FeatureSelectItem                                  isrt.obl(Feature.obs)
145  FeatureSelectNew                                   isrt.obl(Feature.obs)
146  FeatureTransferData                                isrt.obl(Feature.obs)
147  FeatureUpdate                                      isrt.obl(Feature.obs)
148  FeatureValidate                                    isrt.obl(Feature.obs)
149  FileGrep                                           isrt.obl(Files.obs)
150  FileInsertLine                                     isrt.obl(Files.obs)
151  FinalConstruct                                     ifx.obl(EventsPriv.obs)
152  FinalRelease                                       ifx.obl(EventsPriv.obs)
153  FindAllDirs                                        isrt.obl(Files.obs)
154  FindAllFiles                                       isrt.obl(Files.obs)
155  FindDllandAddToCopyList                            Setup.obs
156  FindFile                                           isrt.obl(Files.obs)
157  FormatDate                                         Setup.obs
158  FormatMessage                                      isrt.obl(Misc.obs)
159  GDI32.AddFontResource                              Setup.obs
160  GDI32.CreateRectRgn                                Setup.obs
161  GDI32.GetDeviceCaps                                Setup.obs
162  GDI32.RemoveFontResource                           Setup.obs
163  GetAddRemove                                       isrt.obl(SysVars.obs)
164  GetAllTobeCopiedSupportDllNames                    Setup.obs
165  GetBillboard                                       isrt.obl(SysVars.obs)
166  GetCmdLine                                         isrt.obl(SysVars.obs)
167  GetConnectionString                                Setup.obs
168  GetCurrentDateTime                                 Setup.obs
169  GetCurrentDialogName                               isrt.obl(Dialogs.obs)
170  GetCurrentDir                                      isrt.obl(Files.obs)
171  GetDashBoardRegistry                               Setup.obs
172  GetDialogTitle                                     isrt.obl(Dialogs.obs)
173  GetDir                                             isrt.obl(Str.obs)
174  GetDisk                                            isrt.obl(Str.obs)
175  GetDiskSpace                                       isrt.obl(GSI.obs)
176  GetDiskSpaceEx                                     isrt.obl(GSI.obs)
177  GetEnabledIServices                                isrt.obl(SysVars.obs)
178  GetEnvVar                                          isrt.obl(GSI.obs)
179  GetErrorMsg                                        isrt.obl(Dialogs.obs)
180  GetErrorTitle                                      isrt.obl(Dialogs.obs)
181  GetExtents                                         isrt.obl(GSI.obs)
182  GetFolderApplications                              isrt.obl(SysVars.obs)
183  GetFolderApplications64                            isrt.obl(SysVars.obs)
184  GetFolderDotNet10                                  isrt.obl(SysVars.obs)
185  GetFolderDotNet11                                  isrt.obl(SysVars.obs)
186  GetFolderDotNet20                                  isrt.obl(SysVars.obs)
187  GetFolderFonts                                     isrt.obl(SysVars.obs)
188  GetFolderPrograms                                  isrt.obl(SysVars.obs)
189  GetFont                                            isrt.obl(ui.obs)
190  GetFromRegistry                                    Setup.obs
191  GetIISRootFolder                                   isrt.obl(SysVars.obs)
192  GetISRes                                           isrt.obl(SysVars.obs)
193  GetISUser                                          isrt.obl(SysVars.obs)
194  GetInstallScriptMSI                                isrt.obl(SysVars.obs)
195  GetInstallScriptMSIEEUI                            isrt.obl(SysVars.obs)
196  GetInstanceGUID                                    isrt.obl(SysVars.obs)
197  GetKeyPathWinCurrVerAuto                           isrt.obl(SysVars.obs)
198  GetLastFolderNameFromFullPath                      Setup.obs
199  GetLine                                            isrt.obl(Files.obs)
200  GetLog                                             isrt.obl(SysVars.obs)
201  GetLogEx                                           isrt.obl(SysVars.obs)
202  GetLogicalNameFromBackup                           Setup.obs
203  GetMaintOption                                     isrt.obl(SysVars.obs)
204  GetMaintenance                                     isrt.obl(SysVars.obs)
205  GetMajorandServiceReleaseVersionandBuildNumberforInstalledProdu Setup.obs
206  GetMajorandServiceReleaseVersionandBuildNumberforTobeInstalledP Setup.obs
207  GetMultiInstanceCount                              isrt.obl(SysVars.obs)
208  GetOpenFileMode                                    isrt.obl(Files.obs)
209  GetPMDBRegistryInstalledValuesforUpgradeInstall    Setup.obs
210  GetPMLogicalDatabaseFolderVersions                 Setup.obs
211  GetPMRegistryInstalledValuesforUpgradeInstall      Setup.obs
212  GetPackageLocation                                 isrt.obl(SysVars.obs)
213  GetPatchVersionFromTextFile                        Setup.obs
214  GetPathforScriptsDirectoryinPatch                  Setup.obs
215  GetPortalConnectionString                          Setup.obs
216  GetPortalFileName                                  Setup.obs
217  GetPortalRegistry                                  Setup.obs
218  GetProductGUID                                     isrt.obl(SysVars.obs)
219  GetProfSectionKeyCount                             isrt.obl(Profile.obs)
220  GetProfString                                      isrt.obl(Profile.obs)
221  GetProfStringList                                  isrt.obl(Profile.obs)
222  GetProgramFiles                                    isrt.obl(SysVars.obs)
223  GetPureInstallLocation                             Setup.obs
224  GetPureWebServicesRegistry                         Setup.obs
225  GetReinstallMode                                   isrt.obl(SysVars.obs)
226  GetRemoveAllMode                                   isrt.obl(SysVars.obs)
227  GetRemoveOnly                                      isrt.obl(SysVars.obs)
228  GetShowPasswordDialog                              isrt.obl(SysVars.obs)
229  GetStandardSelectedLanguage                        isrt.obl(SysVars.obs)
230  GetSuiteHosted                                     isrt.obl(SysVars.obs)
231  GetSupportDir                                      isrt.obl(SysVars.obs)
232  GetSystemInfo                                      isrt.obl(GSI.obs)
233  GetTempFolder                                      isrt.obl(SysVars.obs)
234  GetTrueTypeFontFileInfo                            isrt.obl(Misc.obs)
235  GetUserSelectableAuto                              isrt.obl(SysVars.obs)
236  GetWinDir                                          isrt.obl(SysVars.obs)
237  GetWinDisk                                         isrt.obl(SysVars.obs)
238  GetWinSysDir                                       isrt.obl(SysVars.obs)
239  GetWinSysDir64                                     isrt.obl(SysVars.obs)
240  GetWindowHandle                                    isrt.obl(Misc.obs)
241  HIWORD                                             isrt.obl(Misc.obs)
242  HandleAbortInstallation                            Setup.obs
243  IISRT.ISIISAppPoolUninstall                        Setup.obs
244  IISRT.ISIISCheckForContinue                        Setup.obs
245  IISRT.ISIISComponentInstall                        Setup.obs
246  IISRT.ISIISInitialize                              Setup.obs
247  IISRT.ISIISUninitialize                            Setup.obs
248  IISRT.ISIISVRootUninstall                          Setup.obs
249  IISRT.ISIISWebServiceExtensionUninstall            Setup.obs
250  IISRT.ISIISWebSiteUninstall                        Setup.obs
251  IISRTAppPoolUninstall                              iisrt.obl(IISRT.obs)
252  IISRTCheckForContinue                              iisrt.obl(IISRT.obs)
253  IISRTComponentInstall                              iisrt.obl(IISRT.obs)
254  IISRTInitialize                                    iisrt.obl(IISRT.obs)
255  IISRTUninitialize                                  iisrt.obl(IISRT.obs)
256  IISRTVRootUninstall                                iisrt.obl(IISRT.obs)
257  IISRTWebServiceExtensionUninstall                  iisrt.obl(IISRT.obs)
258  IISRTWebSiteUninstall                              iisrt.obl(IISRT.obs)
259  ISDeterminePlatform                                isrt.obl(OsInfo.obs)
260  ISMIF32.InstallStatusMIF                           isrt.obl(MIF.obs)
261  ISRT.ComponentViewSetInfoEx                        isrt.obl(Dialogs.obs)
262  ISRT.DeleteFolder                                  isrt.obl(Shell.obs)
263  ISRT.EnableHourGlass                               isrt.obl(Enable.obs)
264  ISRT.GetCPUType                                    isrt.obl(GSI.obs)
265  ISRT.GetFontSub                                    isrt.obl(Dialogs.obs)
266  ISRT.GetHandle                                     Setup.obs
267  ISRT.GetPorts                                      isrt.obl(GSI.obs)
268  ISRT.IsEmpty                                       Setup.obs
269  ISRT.IsNTAdmin                                     isrt.obl(Is.obs)
270  ISRT.IsObject                                      Setup.obs
271  ISRT.IsPowerUser                                   isrt.obl(Is.obs)
272  ISRT.LangLoadString                                isrt.obl(SDINT.obs)
273  ISRT.MessageBeepP                                  Setup.obs
274  ISRT.PathGetDir                                    isrt.obl(Str.obs)
275  ISRT.PathGetDrive                                  isrt.obl(Str.obs)
276  ISRT.PathGetFile                                   isrt.obl(Files.obs)
277  ISRT.PathGetFileExt                                isrt.obl(Str.obs)
278  ISRT.PathGetFileName                               isrt.obl(Str.obs)
279  ISRT.PathGetLongFromShort                          isrt.obl(Str.obs)
280  ISRT.PathGetPath                                   isrt.obl(Str.obs)
281  ISRT.PathIsValidSyntax                             isrt.obl(Is.obs)
282  ISRT.VerGetFileVersion                             Setup.obs
283  ISRT._AppSearch                                    Setup.obs
284  ISRT._BrowseForFolder                              isrt.obl(ISRTScriptDialogsPriv.obs)
285  ISRT._CCPSearch                                    Setup.obs
286  ISRT._CleanupInet                                  isrt.obl(MIO.obs)
287  ISRT._CloseFile                                    isrt.obl(Files.obs)
288  ISRT._CmdGetHwndDlg                                isrt.obl(CustomDialog.obs)
289  ISRT._CoGetObject                                  isrt.obl(Misc.obs)
290  ISRT._CompareDWORD                                 isrt.obl(Extend.obs)
291  ISRT._ComponentErrorInfo                           isrt.obl(Feature.obs)
292  ISRT._ComponentFilterLanguage                      isrt.obl(Feature.obs)
293  ISRT._ComponentFilterOS                            isrt.obl(Feature.obs)
294  ISRT._ComponentIsItemSelected                      isrt.obl(Feature.obs)
295  ISRT._ComponentListItems                           isrt.obl(Feature.obs)
296  ISRT._ComponentReinstall                           isrt.obl(Feature.obs)
297  ISRT._ComponentRemoveAll                           isrt.obl(Feature.obs)
298  ISRT._ComponentRemoveAllInLogOnly                  isrt.obl(Feature.obs)
299  ISRT._ComponentSaveTarget                          isrt.obl(Feature.obs)
300  ISRT._ComponentSelectItem                          isrt.obl(Feature.obs)
301  ISRT._ComponentSelectNew                           isrt.obl(Feature.obs)
302  ISRT._ComponentTransferData                        isrt.obl(Feature.obs)
303  ISRT._ComponentUpdate                              isrt.obl(Feature.obs)
304  ISRT._ComponentValidate                            isrt.obl(Feature.obs)
305  ISRT._CreateDir                                    isrt.obl(Files.obs)
306  ISRT._CreateObject                                 isrt.obl(Misc.obs)
307  ISRT._CreateRegistrySet                            isrt.obl(Feature.obs)
308  ISRT._CtrlGetSubCommand                            isrt.obl(CustomDialog.obs)
309  ISRT._CtrlSetHtmlContent                           isrt.obl(CustomDialog.obs)
310  ISRT._DIFxDriverPackageUninstall                   isrt.obl(ISDIFx.obs)
311  ISRT._DefineDialog                                 isrt.obl(CustomDialog.obs)
312  ISRT._DialogSetFont                                isrt.obl(Dialogs.obs)
313  ISRT._DisableStatus                                isrt.obl(Enable.obs)
314  ISRT._DoSprintf                                    isrt.obl(ISRTScriptDialogsPriv.obs)
315  ISRT._EnableDialogCache                            isrt.obl(Enable.obs)
316  ISRT._EnablePrevDialog                             Setup.obs
317  ISRT._EnableSkins                                  isrt.obl(Enable.obs)
318  ISRT._EnableStatus                                 isrt.obl(Enable.obs)
319  ISRT._EnableWow64FsRedirection                     isrt.obl(Enable.obs)
320  ISRT._EndDialog                                    isrt.obl(CustomDialog.obs)
321  ISRT._ExistsDir                                    isrt.obl(Files.obs)
322  ISRT._ExistsDisk                                   isrt.obl(Files.obs)
323  ISRT._ExistsFile                                   iisrt.obl(IISRT.obs)
324  ISRT._ExitInstall                                  Setup.obs
325  ISRT._FileCopy                                     isrt.obl(Files.obs)
326  ISRT._GetCurrentDialogName                         isrt.obl(Dialogs.obs)
327  ISRT._GetDiskSpaceEx                               isrt.obl(GSI.obs)
328  ISRT._GetFont                                      isrt.obl(ui.obs)
329  ISRT._GetGlobalFlags                               ifx.obl(EventsPriv.obs)
330  ISRT._GetGlobalMemorySize                          isrt.obl(GSI.obs)
331  ISRT._GetLine                                      isrt.obl(Files.obs)
332  ISRT._GetLineSize                                  isrt.obl(Files.obs)
333  ISRT._GetProcessorInfo                             isrt.obl(OsInfo.obs)
334  ISRT._GetRunningChildProcessEx2                    isrt.obl(Extend.obs)
335  ISRT._GetStandardLangId                            isrt.obl(Misc.obs)
336  ISRT._GetSupportDir                                isrt.obl(SysVars.obs)
337  ISRT._GetSystemDpi                                 isrt.obl(GSI.obs)
338  ISRT._GetTrueTypeFontFileInfo                      isrt.obl(Misc.obs)
339  ISRT._GetVirtualMachineType                        isrt.obl(GSI.obs)
340  ISRT._InetEndofTransfer                            isrt.obl(iftw.obs)
341  ISRT._InetGetNextDisk                              isrt.obl(iftw.obs)
342  ISRT._InitInstall                                  Setup.obs
343  ISRT._IsFontTypefaceNameAvailable                  isrt.obl(Is.obs)
344  ISRT._IsInAdminGroup                               isrt.obl(Is.obs)
345  ISRT._IsLangSupported                              isrt.obl(Is.obs)
346  ISRT._IsSkinLoaded                                 isrt.obl(Is.obs)
347  ISRT._IsVirtualMachine                             isrt.obl(OsInfo.obs)
348  ISRT._IsWindowsME                                  isrt.obl(GSI.obs)
349  ISRT._IsWow64                                      isrt.obl(OsInfo.obs)
350  ISRT._ListAddItem                                  isrt.obl(scrlist.obs)
351  ISRT._ListAddString                                isrt.obl(scrlist.obs)
352  ISRT._ListCount                                    isrt.obl(scrlist.obs)
353  ISRT._ListCreate                                   isrt.obl(scrlist.obs)
354  ISRT._ListCurrentString                            isrt.obl(scrlist.obs)
355  ISRT._ListDeleteItem                               isrt.obl(scrlist.obs)
356  ISRT._ListDeleteString                             isrt.obl(scrlist.obs)
357  ISRT._ListDestroy                                  isrt.obl(scrlist.obs)
358  ISRT._ListFindString                               isrt.obl(scrlist.obs)
359  ISRT._ListGetFirstItem                             isrt.obl(scrlist.obs)
360  ISRT._ListGetFirstString                           isrt.obl(scrlist.obs)
361  ISRT._ListGetNextItem                              isrt.obl(scrlist.obs)
362  ISRT._ListGetNextString                            isrt.obl(scrlist.obs)
363  ISRT._ListGetType                                  isrt.obl(scrlist.obs)
364  ISRT._ListReadFromFile                             isrt.obl(scrlist.obs)
365  ISRT._ListSetIndex                                 isrt.obl(scrlist.obs)
366  ISRT._ListWriteToFile                              isrt.obl(scrlist.obs)
367  ISRT._MediaGetFilteringInfo                        isrt.obl(Feature.obs)
368  ISRT._MediaGetInfo                                 isrt.obl(Feature.obs)
369  ISRT._OnUninstPriv                                 Setup.obs
370  ISRT._OpenFile                                     isrt.obl(Files.obs)
371  ISRT._Preprogram                                   Setup.obs
372  ISRT._Rebooted                                     Setup.obs
373  ISRT._RegCreateKey                                 isrt.obl(Registry.obs)
374  ISRT._RegDeleteKey                                 isrt.obl(Registry.obs)
375  ISRT._RegDeleteValue                               isrt.obl(Registry.obs)
376  ISRT._RegEnableTextSubs                            isrt.obl(Enable.obs)
377  ISRT._RegEnum                                      isrt.obl(Registry.obs)
378  ISRT._RegExistsKey                                 isrt.obl(Registry.obs)
379  ISRT._RegGetOptions                                isrt.obl(SysVars.obs)
380  ISRT._RegIsRemoteRegConnected                      isrt.obl(Is.obs)
381  ISRT._RegQueryKeyBinaryValue                       isrt.obl(Registry.obs)
382  ISRT._RegQueryKeyValue                             isrt.obl(Registry.obs)
383  ISRT._RegSetKeyBinaryValue                         isrt.obl(Registry.obs)
384  ISRT._RegSetKeyValue                               isrt.obl(Registry.obs)
385  ISRT._RegSetOptions                                isrt.obl(SysVars.obs)
386  ISRT._ReleaseDialog                                isrt.obl(CustomDialog.obs)
387  ISRT._SdShowMsg                                    isrt.obl(ISRTScriptDialogsPriv.obs)
388  ISRT._SetAltMainImage                              isrt.obl(Dialogs.obs)
389  ISRT._SetAltMainImageEx                            isrt.obl(Dialogs.obs)
390  ISRT._SetDisplayEffect                             isrt.obl(ui.obs)
391  ISRT._SetDllDirectory                              isrt.obl(Enable.obs)
392  ISRT._SetGlobalFlags                               ifx.obl(EventsPriv.obs)
393  ISRT._SetObjectPermissions                         isrt.obl(Misc.obs)
394  ISRT._SetPaletteFile                               isrt.obl(MIO.obs)
395  ISRT._SetSilentSdShowMsg                           isrt.obl(Enable.obs)
396  ISRT._SetTitle                                     isrt.obl(ui.obs)
397  ISRT._SetupInet                                    isrt.obl(MIO.obs)
398  ISRT._SetupTraceWrite                              isrt.obl(Misc.obs)
399  ISRT._ShowObjWizardPages                           isrt.obl(Objects.obs)
400  ISRT._ShowWizardPages                              Setup.obs
401  ISRT._StatusUpdate                                 isrt.obl(ui.obs)
402  ISRT._WaitOnDialog                                 isrt.obl(CustomDialog.obs)
403  ISRT._WriteLine                                    isrt.obl(Files.obs)
404  ISRT.__CreateObjectContext                         isrt.obl(ISRTInit.obs)
405  ISRT.__GetCmdLineOptions                           isrt.obl(ISRTInit.obs)
406  ISRT.__GetContextGUID                              isrt.obl(ISRTInit.obs)
407  ISRT.__GetEnabledIServices                         isrt.obl(SysVars.obs)
408  ISRT.__GetFileRegistrar                            isrt.obl(ISRTInit.obs)
409  ISRT.__GetInfo                                     isrt.obl(ISRTInit.obs)
410  ISRT.__GetInstallGuid                              isrt.obl(SysVars.obs)
411  ISRT.__GetLog                                      isrt.obl(SysVars.obs)
412  ISRT.__GetLogDB                                    isrt.obl(ISRTInit.obs)
413  ISRT.__GetLogEx                                    isrt.obl(SysVars.obs)
414  ISRT.__GetMainWindow                               Setup.obs
415  ISRT.__GetMaintOption                              isrt.obl(SysVars.obs)
416  ISRT.__GetMaintenanceMode                          isrt.obl(SysVars.obs)
417  ISRT.__GetObjects                                  isrt.obl(ISRTInit.obs)
418  ISRT.__GetProductGuid                              isrt.obl(SysVars.obs)
419  ISRT.__GetProgress                                 Setup.obs
420  ISRT.__GetReboot                                   isrt.obl(ISRTInit.obs)
421  ISRT.__GetReinstallMode                            isrt.obl(SysVars.obs)
422  ISRT.__GetRemoveAllMode                            isrt.obl(SysVars.obs)
423  ISRT.__GetTextSub                                  isrt.obl(ISRTInit.obs)
424  ISRT.__GetUpdateMode                               isrt.obl(SysVars.obs)
425  ISRT.__GetUser                                     isrt.obl(MIO.obs)
426  ISRT.__ISRTGetPropertyBag                          ifx.obl(PersistPropertyBag.obs)
427  ISRT.__ISRTReleasePropertyBag                      ifx.obl(PersistPropertyBag.obs)
428  ISRT.__LoadString                                  isrt.obl(LoadStr.obs)
429  ISRT.__PutEnabledIServices                         isrt.obl(Enable.obs)
430  ISRT.__ReleaseObjectContext                        isrt.obl(ISRTInit.obs)
431  ISRT.__RestoreMainLog                              isrt.obl(ISRTInit.obs)
432  ISRT.__RestoreMainLogEx                            isrt.obl(ISRTInit.obs)
433  ISRT.__SetComponentLog                             isrt.obl(ISRTInit.obs)
434  ISRT.__SetUpdateMode                               isrt.obl(SysVars.obs)
435  ISRTHandleScriptException                          isrt.obl(Misc.obs)
436  ISRTOnUninstPriv                                   isrt.obl(Driver.obs)
437  ISRTPreprogram                                     isrt.obl(Driver.obs)
438  IfxFilterComponents                                ifx.obl(EventsSetupPriv.obs)
439  IfxFinalConstruct                                  ifx.obl(EventsSetupPriv.obs)
440  IfxFinalRelease                                    ifx.obl(EventsSetupPriv.obs)
441  IfxInitProperties                                  ifx.obl(PersistPropertyBag.obs)
442  IfxOnAbortInstall                                  ifx.obl(EventsPriv.obs)
443  IfxOnAppSearch                                     ifx.obl(EventsPriv.obs)
444  IfxOnCCPSearch                                     ifx.obl(EventsPriv.obs)
445  IfxOnCanceling                                     ifx.obl(EventsPriv.obs)
446  IfxOnDisk1Installed                                ifx.obl(EventsSetupPriv.obs)
447  IfxOnDisk1Installing                               ifx.obl(EventsSetupPriv.obs)
448  IfxOnExitInstall                                   ifx.obl(EventsSetupPriv.obs)
449  IfxOnFileError                                     ifx.obl(EventsSetupPriv.obs)
450  IfxOnFileLocked                                    ifx.obl(EventsSetupPriv.obs)
451  IfxOnFileReadOnly                                  ifx.obl(EventsSetupPriv.obs)
452  IfxOnGeneralScriptOp                               ifx.obl(EventsPriv.obs)
453  IfxOnHelp                                          ifx.obl(EventsPriv.obs)
454  IfxOnInitInstall                                   ifx.obl(EventsSetupPriv.obs)
455  IfxOnInternetError                                 ifx.obl(EventsSetupPriv.obs)
456  IfxOnMD5Error                                      ifx.obl(EventsSetupPriv.obs)
457  IfxOnNextDisk                                      ifx.obl(EventsSetupPriv.obs)
458  IfxOnRebooted                                      ifx.obl(EventsPriv.obs)
459  IfxOnRemovingSharedFile                            ifx.obl(EventsSetupPriv.obs)
460  IfxOnShowWizardPages                               ifx.obl(EventsSetupPriv.obs)
461  IfxOnTransferred                                   ifx.obl(EventsPriv.obs)
462  IfxOnTransferring                                  ifx.obl(EventsSetupPriv.obs)
463  IfxOnUnhandledException                            ifx.obl(EventsPriv.obs)
464  IfxOnUninst                                        ifx.obl(EventsSetupPriv.obs)
465  IfxOnUninstPriv                                    ifx.obl(EventsSetupPriv.obs)
466  IfxPostprogram                                     ifx.obl(EventsSetupPriv.obs)
467  IfxPreprogram                                      ifx.obl(EventsSetupPriv.obs)
468  IfxReadProperties                                  ifx.obl(PersistPropertyBag.obs)
469  IfxRunAfterReboot                                  ifx.obl(EventsSetupPriv.obs)
470  IfxWriteProperties                                 ifx.obl(PersistPropertyBag.obs)
471  ImportFreshInstallRegistryFile                     Setup.obs
472  InetEndofTransfer                                  isrt.obl(iftw.obs)
473  InetNextDisk                                       isrt.obl(iftw.obs)
474  InitInstall                                        isrt.obl(Driver.obs)
475  InitProperties                                     ifx.obl(PersistPropertyBag.obs)
476  InstallODBCDSNs                                    Setup.obs
477  InstallRatingEngine                                Setup.obs
478  Is                                                 isrt.obl(Is.obs)
479  IsASPNETRoleInstalled                              Setup.obs
480  IsInetInstall                                      isrt.obl(iftw.obs)
481  IsMSXML4Installed                                  Setup.obs
482  IsOSSupported                                      Setup.obs
483  IsShareNameExists                                  Setup.obs
484  IsUserMemberOfGroup                                Setup.obs
485  IsWSE3Installed                                    Setup.obs
486  KERNEL.GetModuleHandle                             Setup.obs
487  KERNEL32.CloseHandle                               Setup.obs
488  KERNEL32.CreateFileW                               Setup.obs
489  KERNEL32.CreateProcess                             Setup.obs
490  KERNEL32.DeleteFileW                               Setup.obs
491  KERNEL32.FileTimeToLocalFileTime                   Setup.obs
492  KERNEL32.FileTimeToSystemTime                      Setup.obs
493  KERNEL32.FindClose                                 Setup.obs
494  KERNEL32.FindFirstFileW                            Setup.obs
495  KERNEL32.FindNextFileW                             Setup.obs
496  KERNEL32.FormatMessageW                            Setup.obs
497  KERNEL32.FreeLibrary                               Setup.obs
498  KERNEL32.GetComputerNameA                          Setup.obs
499  KERNEL32.GetCurrentDirectoryW                      Setup.obs
500  KERNEL32.GetDriveType                              Setup.obs
501  KERNEL32.GetEnvironmentVariable                    Setup.obs
502  KERNEL32.GetExitCodeProcess                        Setup.obs
503  KERNEL32.GetFileAttributesW                        Setup.obs
504  KERNEL32.GetFileTime                               Setup.obs
505  KERNEL32.GetLocalTime                              Setup.obs
506  KERNEL32.GetLocaleInfo                             Setup.obs
507  KERNEL32.GetPrivateProfileSectionW                 Setup.obs
508  KERNEL32.GetPrivateProfileString                   Setup.obs
509  KERNEL32.GetPrivateProfileStringW                  Setup.obs
510  KERNEL32.GetProcAddress                            Setup.obs
511  KERNEL32.GetProcessId                              Setup.obs
512  KERNEL32.GetProfileStringW                         Setup.obs
513  KERNEL32.GetSystemDefaultLCID                      Setup.obs
514  KERNEL32.GetSystemDefaultLangID                    Setup.obs
515  KERNEL32.GetSystemDefaultUILanguage                Setup.obs
516  KERNEL32.GetTickCount                              Setup.obs
517  KERNEL32.GetUserDefaultLangID                      Setup.obs
518  KERNEL32.GetVersion                                Setup.obs
519  KERNEL32.GetVersionEx                              Setup.obs
520  KERNEL32.GetVolumeInformation                      Setup.obs
521  KERNEL32.GetWindowsDirectory                       Setup.obs
522  KERNEL32.GlobalAlloc                               Setup.obs
523  KERNEL32.GlobalFree                                Setup.obs
524  KERNEL32.GlobalLock                                Setup.obs
525  KERNEL32.GlobalReAlloc                             Setup.obs
526  KERNEL32.GlobalUnlock                              Setup.obs
527  KERNEL32.LoadLibraryW                              Setup.obs
528  KERNEL32.LocalFileTimeToFileTime                   Setup.obs
529  KERNEL32.MultiByteToWideChar                       Setup.obs
530  KERNEL32.RemoveDirectoryW                          Setup.obs
531  KERNEL32.RtlMoveMemory                             Setup.obs
532  KERNEL32.SetCurrentDirectoryW                      Setup.obs
533  KERNEL32.SetFileAttributesW                        Setup.obs
534  KERNEL32.SetFileTime                               Setup.obs
535  KERNEL32.Sleep                                     Setup.obs
536  KERNEL32.SystemTimeToFileTime                      Setup.obs
537  KERNEL32.WritePrivateProfileString                 Setup.obs
538  KERNEL32.WritePrivateProfileStringW                Setup.obs
539  KERNEL32.WriteProfileStringW                       Setup.obs
540  KERNEL32.lstrcpyA                                  Setup.obs
541  KERNEL32.lstrcpynA                                 Setup.obs
542  KERNEL32.lstrlenW                                  Setup.obs
543  Kernel32.RtlMoveMemory                             Setup.obs
544  Kernel32.lstrlenA                                  Setup.obs
545  LOWORD                                             isrt.obl(Misc.obs)
546  LaunchAppAndWait                                   isrt.obl(Extend.obs)
547  LaunchAppAndWaitInitStartupInfo                    isrt.obl(Extend.obs)
548  LaunchApplication                                  isrt.obl(Extend.obs)
549  LaunchApplicationInit                              isrt.obl(Extend.obs)
550  ListAddItem                                        isrt.obl(scrlist.obs)
551  ListAddString                                      isrt.obl(scrlist.obs)
552  ListCount                                          isrt.obl(scrlist.obs)
553  ListCreate                                         isrt.obl(scrlist.obs)
554  ListCurrentString                                  isrt.obl(scrlist.obs)
555  ListDeleteItem                                     isrt.obl(scrlist.obs)
556  ListDeleteString                                   isrt.obl(scrlist.obs)
557  ListDestroy                                        isrt.obl(scrlist.obs)
558  ListFindString                                     isrt.obl(scrlist.obs)
559  ListGetFirstItem                                   isrt.obl(scrlist.obs)
560  ListGetFirstString                                 isrt.obl(scrlist.obs)
561  ListGetNextItem                                    isrt.obl(scrlist.obs)
562  ListGetNextString                                  isrt.obl(scrlist.obs)
563  ListGetType                                        isrt.obl(scrlist.obs)
564  ListReadFromFile                                   isrt.obl(scrlist.obs)
565  ListSetIndex                                       isrt.obl(scrlist.obs)
566  ListValid                                          isrt.obl(scrlist.obs)
567  ListValidType                                      isrt.obl(scrlist.obs)
568  ListWriteToFile                                    isrt.obl(scrlist.obs)
569  ListWriteToFileEx                                  isrt.obl(scrlist.obs)
570  LoadAppPoolUserProfile                             Setup.obs
571  LoadStringFromStringTable                          isrt.obl(Str.obs)
572  LogReadCustomString                                isrt.obl(Misc.obs)
573  LogReadCustomVariant                               isrt.obl(Misc.obs)
574  LogWriteCustomString                               isrt.obl(Misc.obs)
575  LogWriteCustomVariant                              isrt.obl(Misc.obs)
576  LongPathFromShortPath                              isrt.obl(Str.obs)
577  LongPathToQuote                                    isrt.obl(Str.obs)
578  MAKELONG                                           isrt.obl(Misc.obs)
579  MIFCreateMIFFile                                   isrt.obl(MIF.obs)
580  MIFDeleteMIFFile                                   isrt.obl(MIF.obs)
581  MIFInitialize                                      isrt.obl(MIF.obs)
582  MIFSetInformation                                  isrt.obl(MIF.obs)
583  MIFUnInitialize                                    isrt.obl(MIF.obs)
584  MIFWasSetInformationCalled                         isrt.obl(MIF.obs)
585  MIOShutdown                                        isrt.obl(MIO.obs)
586  MIOStartup                                         isrt.obl(MIO.obs)
587  MPR.WNetCloseEnum                                  Setup.obs
588  MPR.WNetEnumResourceA                              Setup.obs
589  MPR.WNetGetLastErrorA                              Setup.obs
590  MPR.WNetGetProviderNameA                           Setup.obs
591  MPR.WNetOpenEnumA                                  Setup.obs
592  MaintenanceStart                                   isrt.obl(Registry.obs)
593  MakeBuildNumberForDBStructure                      Setup.obs
594  MakeMajorVersionforDBStructure                     Setup.obs
595  MediaGetData                                       isrt.obl(Feature.obs)
596  MediaGetDataEx                                     isrt.obl(Feature.obs)
597  MessageBeep                                        isrt.obl(Misc.obs)
598  MessageBox                                         isrt.obl(ISRTScriptDialogsPriv.obs)
599  MessageBoxEx                                       isrt.obl(ISRTScriptDialogsPriv.obs)
600  ModifyPortalApplicationSetting                     Setup.obs
601  NETAPI32.NetShareAdd                               Setup.obs
602  NETAPI32.NetShareDel                               Setup.obs
603  NewRunSetupDB                                      Setup.obs
604  OnAbort                                            Setup.obs
605  OnAppSearch                                        ifx.obl(EventsSetup.obs)
606  OnBegin                                            Setup.obs
607  OnCCPSearch                                        ifx.obl(EventsSetup.obs)
608  OnCanceling                                        Setup.obs
609  OnCheckMediaPassword                               ifx.obl(EventsSetup.obs)
610  OnComponentError                                   Setup.obs
611  OnCustomizeUninstInfo                              ifx.obl(EventsSetup.obs)
612  OnDIFxLogCallback                                  ifx.obl(EventsSetup.obs)
613  OnDIFxLogCallbackImpl                              isrt.obl(ISDIFx.obs)
614  OnEnd                                              ifx.obl(EventsSetup.obs)
615  OnFileError                                        ifx.obl(EventsSetup.obs)
616  OnFileLocked                                       ifx.obl(EventsSetup.obs)
617  OnFileReadOnly                                     ifx.obl(EventsSetup.obs)
618  OnFilterComponents                                 ifx.obl(EventsSetup.obs)
619  OnFirstUIAfter                                     Setup.obs
620  OnFirstUIBefore                                    Setup.obs
621  OnHelp                                             ifx.obl(EventsSetup.obs)
622  OnIISAppPoolUninstalling                           iisrt.obl(IISRT.obs)
623  OnIISCheckRequirements                             iisrt.obl(IISRT.obs)
624  OnIISComponentInstalled                            iisrt.obl(IISRT.obs)
625  OnIISInitialize                                    iisrt.obl(IISRT.obs)
626  OnIISUninitialize                                  ifx.obl(EventsPriv.obs)
627  OnIISVRootUninstalling                             iisrt.obl(IISRT.obs)
628  OnIISWebServiceExtensionUninstalling               iisrt.obl(IISRT.obs)
629  OnIISWebSiteUninstalling                           iisrt.obl(IISRT.obs)
630  OnInstallDRMService                                isrt.obl(Activation.obs)
631  OnInstalledFile                                    ifx.obl(EventsSetup.obs)
632  OnInstalledFontFile                                ifx.obl(EventsSetup.obs)
633  OnInstallingFile                                   ifx.obl(EventsSetup.obs)
634  OnInternetError                                    ifx.obl(EventsSetup.obs)
635  OnLaunchAppAndWaitCallback                         ifx.obl(EventsSetup.obs)
636  OnMD5Error                                         ifx.obl(EventsSetup.obs)
637  OnMaintUIAfter                                     Setup.obs
638  OnMaintUIBefore                                    Setup.obs
639  OnMoveData                                         ifx.obl(EventsSetup.obs)
640  OnMoved                                            ifx.obl(EventsSetup.obs)
641  OnMoving                                           ifx.obl(EventsSetup.obs)
642  OnNetApiCreateUserAccount                          ifx.obl(EventsSetup.obs)
643  OnNetApiCreateUserAccountInternal                  isrt.obl(NetApiRT.obs)
644  OnNextDisk                                         ifx.obl(EventsSetup.obs)
645  OnRebooted                                         ifx.obl(EventsSetup.obs)
646  OnRemovingSharedFile                               ifx.obl(EventsSetup.obs)
647  OnSQLBatchScripts                                  ifx.obl(EventsPriv.obs)
648  OnSQLComponentInstalled                            ifx.obl(EventsPriv.obs)
649  OnSQLComponentUninstalled                          ifx.obl(EventsPriv.obs)
650  OnSQLServerInitialize                              Setup.obs
651  OnSQLServerInitializeMaint                         ifx.obl(EventsPriv.obs)
652  OnSelfRegistrationError                            ifx.obl(EventsSetup.obs)
653  OnSetTARGETDIR                                     ifx.obl(EventsSetup.obs)
654  OnSetUpdateMode                                    Setup.obs
655  OnShowUI                                           ifx.obl(EventsSetup.obs)
656  OnSuiteInstallAfter                                ifx.obl(EventsSetup.obs)
657  OnSuiteInstallBefore                               ifx.obl(EventsSetup.obs)
658  OnSuiteMaintAfter                                  ifx.obl(EventsSetup.obs)
659  OnSuiteMaintBefore                                 ifx.obl(EventsSetup.obs)
660  OnSuiteShowUI                                      ifx.obl(EventsSetup.obs)
661  OnSuiteUpdateAfter                                 ifx.obl(EventsSetup.obs)
662  OnSuiteUpdateBefore                                ifx.obl(EventsSetup.obs)
663  OnUnInstallDRMService                              isrt.obl(Activation.obs)
664  OnUnhandledException                               ifx.obl(EventsPriv.obs)
665  OnUninstall                                        Setup.obs
666  OnUninstalledFile                                  ifx.obl(EventsSetup.obs)
667  OnUninstallingDIFxDriverFile                       ifx.obl(EventsSetup.obs)
668  OnUninstallingFile                                 ifx.obl(EventsSetup.obs)
669  OnUninstallingFontFile                             ifx.obl(EventsSetup.obs)
670  OnUpdateUIAfter                                    Setup.obs
671  OnUpdateUIBefore                                   Setup.obs
672  OnXMLComponentInstalled                            ifx.obl(EventsPriv.obs)
673  OnXMLComponentUninstalling                         ifx.obl(EventsPriv.obs)
674  OnXMLInitialize                                    ifx.obl(EventsPriv.obs)
675  OnXMLUninitialize                                  ifx.obl(EventsPriv.obs)
676  OpenFile                                           isrt.obl(Files.obs)
677  OpenFileMode                                       isrt.obl(Files.obs)
678  ParseDatabaseSPP                                   Setup.obs
679  ParsePath                                          isrt.obl(Str.obs)
680  ParsePathString                                    Setup.obs
681  ParseSPPFile                                       Setup.obs
682  ParseSQLFile                                       Setup.obs
683  ParseUpgradeFolders                                Setup.obs
684  PlacePMInstallPathforFreshRegistry                 Setup.obs
685  Postprogram                                        ifx.obl(EventsSetupPriv.obs)
686  Preprogram                                         ifx.obl(EventsSetupPriv.obs)
687  ProgGetGroupType                                   isrt.obl(Shell.obs)
688  PthFixPath                                         isrt.obl(Pth.obs)
689  PthIsAbsPath                                       isrt.obl(Pth.obs)
690  PthIsRoot                                          isrt.obl(Pth.obs)
691  PurePortalDatabaseDetails                          Setup.obs
692  PureSTSConfiguration                               Setup.obs
693  ReadDecryptFile                                    Setup.obs
694  ReadEncryptedFile                                  Setup.obs
695  ReadFromINI                                        Setup.obs
696  ReadODBCFromINI                                    Setup.obs
697  ReadProperties                                     ifx.obl(PersistPropertyBag.obs)
698  ReadPureConfigFiles                                Setup.obs
699  ReadWCFSecurityTokenFile                           Setup.obs
700  Rebooted                                           isrt.obl(Driver.obs)
701  RegDBCreateKeyEx                                   isrt.obl(Registry.obs)
702  RegDBDeleteItem                                    isrt.obl(Registry.obs)
703  RegDBDeleteKey                                     isrt.obl(Registry.obs)
704  RegDBDeleteValue                                   isrt.obl(Registry.obs)
705  RegDBDeleteValueEx                                 isrt.obl(Registry.obs)
706  RegDBDeleteValueEx32                               isrt.obl(Registry.obs)
707  RegDBGetDefaultRoot                                isrt.obl(SysVars.obs)
708  RegDBGetItem                                       isrt.obl(Registry.obs)
709  RegDBGetKeyValueEx                                 isrt.obl(Registry.obs)
710  RegDBKeyExist                                      isrt.obl(Registry.obs)
711  RegDBQueryKey                                      isrt.obl(Registry.obs)
712  RegDBQueryKeyCount                                 isrt.obl(Registry.obs)
713  RegDBQueryStringMultiStringCount                   isrt.obl(Registry.obs)
714  RegDBQueryValue                                    isrt.obl(Registry.obs)
715  RegDBQueryValue32                                  isrt.obl(Registry.obs)
716  RegDBSetDefaultRoot                                isrt.obl(SysVars.obs)
717  RegDBSetItem                                       isrt.obl(Registry.obs)
718  RegDBSetKeyValueEx                                 isrt.obl(Registry.obs)
719  RegDBSetValue                                      isrt.obl(Registry.obs)
720  RegDBSetValue32                                    isrt.obl(Registry.obs)
721  RegDBSetVersion                                    isrt.obl(Registry.obs)
722  RegisterEventLogSupport                            Setup.obs
723  RegisterFontResource                               isrt.obl(Misc.obs)
724  RegisterLicenseKey                                 Setup.obs
725  RegisterMSScriptControlDll                         Setup.obs
726  RegisterPMFieldManager                             Setup.obs
727  Registerdsoframer                                  Setup.obs
728  ReleaseDialog                                      isrt.obl(CustomDialog.obs)
729  RemoveFilesDuringInstall                           Setup.obs
730  RemoveFolderShare                                  Setup.obs
731  RemoveODBCDSNs                                     Setup.obs
732  RemovePMShares                                     Setup.obs
733  RemovePureWebServicesDuringInstall                 Setup.obs
734  RemoveReadOnly                                     Setup.obs
735  ReplaceICCSNumber                                  Setup.obs
736  ReplaceMatchPatterninFile                          Setup.obs
737  RestoreFiles                                       Setup.obs
738  RunCompleteWCFServicesInstallCmdFile               Setup.obs
739  RunCompleteWebServicesInstallCmdFile               Setup.obs
740  RunCrystalReportInstaller                          Setup.obs
741  RunDashBoardScripts                                Setup.obs
742  RunGISListCreator                                  Setup.obs
743  RunGenerateWCFTokenID                              Setup.obs
744  RunMSXMLInstaller                                  Setup.obs
745  RunPasswordRehasher                                Setup.obs
746  RunPasswordRehasherWithSQLLoginDetails             Setup.obs
747  SQLBrowse2                                         SQLRT.obl(SQLBrowse.obs)
748  SQLDatabaseBrowse                                  SQLRT.obl(SQLBrowse.obs)
749  SQLRT.ISSQLServerConnect                           Setup.obs
750  SQLRT.ISSQLServerGetBatchMode                      Setup.obs
751  SQLRT.ISSQLServerGetComponentScriptError2          Setup.obs
752  SQLRT.ISSQLServerGetConnectionAuthentication       Setup.obs
753  SQLRT.ISSQLServerGetConnectionInfo                 Setup.obs
754  SQLRT.ISSQLServerGetConnections                    Setup.obs
755  SQLRT.ISSQLServerGetDatabases                      Setup.obs
756  SQLRT.ISSQLServerGetLastError2                     Setup.obs
757  SQLRT.ISSQLServerGetServers                        Setup.obs
758  SQLRT.ISSQLServerInitialize                        Setup.obs
759  SQLRT.ISSQLServerPutConnectionAuthentication       Setup.obs
760  SQLRT.ISSQLServerPutConnectionInfo2                Setup.obs
761  SQLRTConnect                                       SQLRT.obl(SQLRT.obs)
762  SQLRTGetComponentScriptError2                      SQLRT.obl(SQLRT.obs)
763  SQLRTGetConnectionAuthentication                   SQLRT.obl(SQLRT.obs)
764  SQLRTGetConnectionInfo                             SQLRT.obl(SQLRT.obs)
765  SQLRTGetConnections                                SQLRT.obl(SQLRT.obs)
766  SQLRTGetDatabases                                  SQLRT.obl(SQLRT.obs)
767  SQLRTGetErrorMessage                               SQLRT.obl(SQLRT.obs)
768  SQLRTGetLastError2                                 SQLRT.obl(SQLRT.obs)
769  SQLRTGetServers                                    SQLRT.obl(SQLRT.obs)
770  SQLRTGetServers2                                   SQLRT.obl(SQLRT.obs)
771  SQLRTInitialize                                    SQLRT.obl(SQLRT.obs)
772  SQLRTInitialize2                                   SQLRT.obl(SQLRT.obs)
773  SQLRTPutConnectionAuthentication                   SQLRT.obl(SQLRT.obs)
774  SQLRTPutConnectionInfo2                            SQLRT.obl(SQLRT.obs)
775  SQLServerSelectLogin2                              SQLRT.obl(SQLServerSelectLoginDlg.obs)
776  SVRAPI.NetShareAdd                                 Setup.obs
777  SVRAPI.NetShareDel                                 Setup.obs
778  SdAskDestPath                                      isrt.obl(ISRTScriptDialogs.obs)
779  SdBrowseFile                                       Setup.obs
780  SdCloseDlg                                         isrt.obl(SDINT.obs)
781  SdDashBoardnewdbdetails                            Setup.obs
782  SdDlgToTop                                         isrt.obl(SDINT.obs)
783  SdDoStdButton                                      isrt.obl(SDINT.obs)
784  SdEnablement                                       isrt.obl(SDINT.obs)
785  SdError                                            isrt.obl(SDINT.obs)
786  SdExceptionsInit                                   isrt.obl(ISRTScriptDialogsPriv.obs)
787  SdFilesInUse                                       isrt.obl(ISRTScriptDialogs.obs)
788  SdFinish                                           isrt.obl(ISRTScriptDialogs.obs)
789  SdFinishReboot                                     isrt.obl(ISRTScriptDialogs.obs)
790  SdFolderBrowseDialog                               Setup.obs
791  SdGeneralInit                                      isrt.obl(SDINT.obs)
792  SdInit                                             isrt.obl(SDINT.obs)
793  SdIsStdButton                                      isrt.obl(SDINT.obs)
794  SdLicenceFileDialog                                Setup.obs
795  SdLoadString                                       isrt.obl(SDINT.obs)
796  SdMakeName                                         isrt.obl(SDINT.obs)
797  SdPMLicenseFileFile                                Setup.obs
798  SdPlugInProductName                                isrt.obl(SDINT.obs)
799  SdPortalConfigPath                                 Setup.obs
800  SdPortalnewdbdetails                               Setup.obs
801  SdPurePortal                                       Setup.obs
802  SdSQLConnectionDashBoard                           Setup.obs
803  SdSQLServerSelectLogin3                            Setup.obs
804  SdSetDlgTitle                                      isrt.obl(SDINT.obs)
805  SdSetStatic                                        isrt.obl(SDINT.obs)
806  SdShowDlgEdit2                                     isrt.obl(ISRTScriptDialogs.obs)
807  SdShowDlgEdit3                                     isrt.obl(ISRTScriptDialogs.obs)
808  SdShowMsg                                          isrt.obl(ISRTScriptDialogsPriv.obs)
809  SdStartCopy2                                       isrt.obl(ISRTScriptDialogs.obs)
810  SdSubstituteProductInfo                            isrt.obl(SDINT.obs)
811  SdUnInit                                           isrt.obl(SDINT.obs)
812  SdWelcome                                          isrt.obl(ISRTScriptDialogs.obs)
813  SelectDir                                          isrt.obl(ISRTScriptDialogsPriv.obs)
814  SelectDirNoLog                                     isrt.obl(ISRTScriptDialogsPriv.obs)
815  SelectFile                                         Setup.obs
816  SelectPMLicenseFile                                Setup.obs
817  SelectWebConfigFile                                Setup.obs
818  SendMessage                                        isrt.obl(Misc.obs)
819  ServiceGetServiceState                             isrt.obl(Service.obs)
820  ServiceInitParams                                  isrt.obl(Service.obs)
821  ServiceStopService                                 isrt.obl(Service.obs)
822  SetCmdLine                                         isrt.obl(SysVars.obs)
823  SetDialogTitle                                     isrt.obl(Dialogs.obs)
824  SetDisplayEffect                                   isrt.obl(ui.obs)
825  SetExtendedErrInfo                                 isrt.obl(IsUtil.obs)
826  SetFileInfo                                        isrt.obl(Files.obs)
827  SetFolderVersionsToPMLogicalDatabase               Setup.obs
828  SetFreshDBCompatibilityLevel                       Setup.obs
829  SetObjectPermissions                               isrt.obl(Misc.obs)
830  SetPMDBRegistryInstalledValues                     Setup.obs
831  SetPMLogicalDatabaseFolderVersionsToInstallerVariables Setup.obs
832  SetPMRegistryInstalledValues                       Setup.obs
833  SetPermission                                      Setup.obs
834  SetPortalCompatibilityLevel                        Setup.obs
835  SetStatus                                          ifx.obl(EventsSetupPriv.obs)
836  SetStatusEx                                        ifx.obl(EventsSetupPriv.obs)
837  SetStatusExStaticText                              isrt.obl(ui.obs)
838  SetStatusWindow                                    isrt.obl(ui.obs)
839  SetTitle                                           isrt.obl(ui.obs)
840  SetUpPermissions                                   Setup.obs
841  SetUpShares                                        Setup.obs
842  SetUpgradedFolderVersionsToPMLogicalDatabase       Setup.obs
843  SetupRegistryPermissions                           Setup.obs
844  SetupRegistryPermissionsBackoffice                 Setup.obs
845  SetupTraceWrite                                    isrt.obl(Misc.obs)
846  SetupWord                                          Setup.obs
847  Shell32.ShellExecuteExW                            Setup.obs
848  ShowObjWizardPages                                 isrt.obl(Objects.obs)
849  ShowWizardPages                                    isrt.obl(Driver.obs)
850  SilentCreateFile                                   isrt.obl(Silent.obs)
851  SilentDoGeneralInfo                                isrt.obl(Silent.obs)
852  SilentFailed                                       isrt.obl(Silent.obs)
853  SilentFinish                                       isrt.obl(Silent.obs)
854  SilentInit                                         isrt.obl(Silent.obs)
855  SilentLogWriteData                                 isrt.obl(Silent.obs)
856  SilentReadData                                     isrt.obl(Silent.obs)
857  SilentSetInfo                                      isrt.obl(Silent.obs)
858  SilentSetMode                                      isrt.obl(Silent.obs)
859  SilentWriteData                                    isrt.obl(Silent.obs)
860  SiriusBackOffice_Installed                         Setup.obs
861  SiriusBackOffice_UnInstalled                       Setup.obs
862  SplitStringintoList                                Setup.obs
863  Sprintf                                            isrt.obl(Str.obs)
864  SprintfBox                                         isrt.obl(ISRTScriptDialogsPriv.obs)
865  StartUpgradeDBScriptsExecution                     Setup.obs
866  StatusUpdate                                       isrt.obl(ui.obs)
867  StopPureService                                    Setup.obs
868  StrAddLastSlash                                    isrt.obl(Str.obs)
869  StrFindEx                                          isrt.obl(Str.obs)
870  StrGetTokens                                       isrt.obl(Str.obs)
871  StrLength                                          isrt.obl(Str.obs)
872  StrParseMSIMessage                                 isrt.obl(Str.obs)
873  StrRemoveLastSlash                                 isrt.obl(Str.obs)
874  StrReplace                                         isrt.obl(Str.obs)
875  StrToLower                                         isrt.obl(Str.obs)
876  StrToNumHex                                        isrt.obl(Str.obs)
877  StrToUpper                                         isrt.obl(Str.obs)
878  StrTrim                                            isrt.obl(Str.obs)
879  SuiteLogInfo                                       isrt.obl(SuiteWrappers.obs)
880  SuiteReportError                                   isrt.obl(SuiteWrappers.obs)
881  SysVarsInit                                        isrt.obl(SysVars.obs)
882  SysVarsTrace                                       isrt.obl(SysVars.obs)
883  SysVarsUnInit                                      isrt.obl(SysVars.obs)
884  System                                             isrt.obl(Misc.obs)
885  SystemRestoreCancelRestorePointIS                  isrt.obl(PCRestore.obs)
886  SystemRestoreCloseRestorePointIS                   isrt.obl(PCRestore.obs)
887  SystemRestoreDisableIS                             isrt.obl(PCRestore.obs)
888  SystemRestoreIsEnabledIS                           isrt.obl(PCRestore.obs)
889  SystemRestoreOpenRestorePointIS                    isrt.obl(PCRestore.obs)
890  TextSubGetValue                                    isrt.obl(TextSub.obs)
891  TextSubParseTextSub                                isrt.obl(TextSub.obs)
892  TextSubSetValue                                    isrt.obl(TextSub.obs)
893  TextSubSubstitute                                  isrt.obl(TextSub.obs)
894  TrimEnd                                            Setup.obs
895  TrimStart                                          Setup.obs
896  USER.EnableWindow                                  Setup.obs
897  USER.GetClassName                                  Setup.obs
898  USER.GetDC                                         Setup.obs
899  USER.GetDlgItem                                    Setup.obs
900  USER.GetFocus                                      Setup.obs
901  USER.GetWindowLong                                 Setup.obs
902  USER.GetWindowRect                                 Setup.obs
903  USER.IsIconic                                      Setup.obs
904  USER.IsWindow                                      Setup.obs
905  USER.PostMessage                                   Setup.obs
906  USER.ReleaseDC                                     Setup.obs
907  USER.SendMessageW                                  Setup.obs
908  USER.SetFocus                                      Setup.obs
909  USER.SetWindowPos                                  Setup.obs
910  USER.SetWindowText                                 Setup.obs
911  USER.ShowWindow                                    Setup.obs
912  USER32.CharLowerBuffW                              Setup.obs
913  USER32.CharUpperBuffW                              Setup.obs
914  USER32.DispatchMessage                             Setup.obs
915  USER32.GetDesktopWindow                            Setup.obs
916  USER32.GetSystemMetrics                            Setup.obs
917  USER32.GetWindow                                   Setup.obs
918  USER32.GetWindowText                               Setup.obs
919  USER32.GetWindowTextLength                         Setup.obs
920  USER32.InvalidateRect                              Setup.obs
921  USER32.IsWindowVisible                             Setup.obs
922  USER32.MessageBoxW                                 Setup.obs
923  USER32.MsgWaitForMultipleObjects                   Setup.obs
924  USER32.PeekMessageW                                Setup.obs
925  USER32.SendMessageW                                Setup.obs
926  USER32.SetForegroundWindow                         Setup.obs
927  USER32.SetWindowLong                               Setup.obs
928  USER32.SetWindowRgn                                Setup.obs
929  USER32.TranslateMessage                            Setup.obs
930  USER32.WaitForInputIdle                            Setup.obs
931  UninstallInstallscriptMSIInstaller                 Setup.obs
932  UpdateDBRegistryEntriesAfterInstallation           Setup.obs
933  UpdateDBUpgradeInstallationHistory                 Setup.obs
934  UpdateLicenseInformation                           Setup.obs
935  UpdateODBCDSNs                                     Setup.obs
936  UpdatePMProduct                                    Setup.obs
937  UpdatePMUserMaintenanceConfigFile                  Setup.obs
938  UpdatePatchInstallationHistory                     Setup.obs
939  UpdatePortalWebConfig                              Setup.obs
940  UpdateProductClientInstall                         Setup.obs
941  UpdatePureConfigFiles                              Setup.obs
942  UpdatePureWebServicesWebConfig                     Setup.obs
943  UpdateRegistryEntriesAfterInstallation             Setup.obs
944  UpdateServiceEnableUpdateService                   isrt.obl(ISUpdateService.obs)
945  UpdateSsceINIFile                                  Setup.obs
946  UpdateUpgradeInstallationHistory                   Setup.obs
947  Update_Connection_SiriusDB1                        Setup.obs
948  Update_Refresh_Sirius_BatFile                      Setup.obs
949  Update_spu_dashAllUserDefinedRisks                 Setup.obs
950  ValidateLoggedinUser                               Setup.obs
951  ValidateOldProductInstalledVersion                 Setup.obs
952  ValidateUserCredentials                            Setup.obs
953  VarInit                                            isrt.obl(SysVars.obs)
954  VarRestore                                         isrt.obl(SysVars.obs)
955  VarRestoreISRT                                     isrt.obl(SysVars.obs)
956  VarSave                                            isrt.obl(SysVars.obs)
957  VarSaveISRT                                        isrt.obl(SysVars.obs)
958  VerCompare                                         isrt.obl(version.obs)
959  VerProductCompareVersions                          isrt.obl(version.obs)
960  VerProductGetInstalledVersion                      isrt.obl(version.obs)
961  VerProductIsVersionSupported                       isrt.obl(version.obs)
962  VerProductNumToStr                                 isrt.obl(version.obs)
963  VerProductStrToNum                                 isrt.obl(version.obs)
964  VerProductVerFromVerParts                          isrt.obl(version.obs)
965  VerProductVerPartsFromVer                          isrt.obl(version.obs)
966  WaitForApplication                                 isrt.obl(Extend.obs)
967  WaitOnDialog                                       isrt.obl(CustomDialog.obs)
968  WebPortal_Installed                                Setup.obs
969  WizardDirection                                    ifx.obl(EventsSetupPriv.obs)
970  WriteLine                                          isrt.obl(Files.obs)
971  WriteProfInt                                       isrt.obl(Profile.obs)
972  WriteProfString                                    isrt.obl(Profile.obs)
973  WriteProperties                                    ifx.obl(PersistPropertyBag.obs)
974  WriteToLogFile                                     Setup.obs
975  WriteToRegistry                                    Setup.obs
976  XCopyFile                                          isrt.obl(Files.obs)
977  __ISRTDoExit                                       isrt.obl(Misc.obs)
978  __ISRTInit                                         isrt.obl(ISRTInit.obs)
979  __ISRTRestoreMainLog                               isrt.obl(ISRTInit.obs)
980  __ISRTRestoreMainLogEx                             isrt.obl(ISRTInit.obs)
981  __ISRTSetComponentLog                              isrt.obl(ISRTInit.obs)
982  __ISRTUnInit                                       isrt.obl(ISRTInit.obs)
983  __LoadIScriptString                                isrt.obl(LoadStr.obs)
984  comdlg32.CommDlgExtendedError                      Setup.obs
985  comdlg32.GetOpenFileNameA                          Setup.obs
986  onUpgradeUIBefore                                  Setup.obs
987  program                                            ifx.obl(EventsSetupPriv.obs)
988  sfc.SRSetRestorePointW                             Setup.obs


***** External Variables *****
1    ADDREMOVE                                          isrt.obl(DebugSymbols.obs)
2    ADDREMOVE_COMBINEDBUTTON                           Setup.obs
3    ADDREMOVE_HIDECHANGEOPTION                         Setup.obs
4    ADDREMOVE_HIDEREMOVEOPTION                         Setup.obs
5    ADDREMOVE_HIDEREPAIROPTION                         Setup.obs
6    ADDREMOVE_STRING_REMOVEONLY                        Setup.obs
7    ADDREMOVE_SYSTEMCOMPONENT                          Setup.obs
8    ADMINUSER                                          Setup.obs
9    ALLUSERS                                           Setup.obs
10   BASICMSI                                           isrt.obl(DebugSymbols.obs)
11   BATCH_INSTALL                                      Setup.obs
12   CMDLINE                                            isrt.obl(DebugSymbols.obs)
13   COMMONFILES                                        isrt.obl(DebugSymbols.obs)
14   COMMONFILES64                                      isrt.obl(DebugSymbols.obs)
15   DISABLE_ALLUSERBTN                                 Setup.obs
16   DISABLE_PERUSERBTN                                 Setup.obs
17   DISK1SETUPEXENAME                                  isrt.obl(DebugSymbols.obs)
18   DISK1TARGET                                        Setup.obs
19   ENABLED_ISERVICES                                  isrt.obl(DebugSymbols.obs)
20   ENGINECOMMONDIR                                    isrt.obl(DebugSymbols.obs)
21   ENGINEDIR                                          isrt.obl(DebugSymbols.obs)
22   ERRORFILENAME                                      Setup.obs
23   Err                                                Setup.obs
24   FILETIME                                           Setup.obs
25   FIND_DATAW                                         Setup.obs
26   FOLDER_APPDATA                                     isrt.obl(DebugSymbols.obs)
27   FOLDER_COMMON_APPDATA                              isrt.obl(DebugSymbols.obs)
28   FOLDER_DESKTOP                                     isrt.obl(DebugSymbols.obs)
29   FOLDER_DOTNET_10                                   isrt.obl(DebugSymbols.obs)
30   FOLDER_DOTNET_11                                   isrt.obl(DebugSymbols.obs)
31   FOLDER_DOTNET_20                                   isrt.obl(DebugSymbols.obs)
32   FOLDER_DOTNET_30                                   isrt.obl(DebugSymbols.obs)
33   FOLDER_DOTNET_35                                   isrt.obl(DebugSymbols.obs)
34   FOLDER_DOTNET_40                                   isrt.obl(DebugSymbols.obs)
35   FOLDER_FONTS                                       isrt.obl(DebugSymbols.obs)
36   FOLDER_LOCAL_APPDATA                               isrt.obl(DebugSymbols.obs)
37   FOLDER_PERSONAL                                    isrt.obl(DebugSymbols.obs)
38   FOLDER_PROGRAMS                                    isrt.obl(DebugSymbols.obs)
39   FOLDER_STARTMENU                                   isrt.obl(DebugSymbols.obs)
40   FOLDER_STARTUP                                     isrt.obl(DebugSymbols.obs)
41   FOLDER_TEMP                                        isrt.obl(DebugSymbols.obs)
42   FileRegistrar                                      Setup.obs
43   HIDE_DISABLED_BTNS                                 Setup.obs
44   HKEYCURRENTROOTKEY                                 Setup.obs
45   IFX_COMPANY_NAME                                   Setup.obs
46   IFX_DISK1INSTALLED                                 Setup.obs
47   IFX_INITIALIZED                                    Setup.obs
48   IFX_INSTALLED_DISPLAY_VERSION                      Setup.obs
49   IFX_INSTALLED_VERSION                              Setup.obs
50   IFX_KEYPATH_PRODUCT_INFO                           Setup.obs
51   IFX_MULTI_INSTANCE_SUFFIX                          Setup.obs
52   IFX_OPEN_RESTORE_POINT                             isrt.obl(PCRestore.obs)
53   IFX_PRODUCT_COMMENTS                               Setup.obs
54   IFX_PRODUCT_DISPLAY_NAME                           Setup.obs
55   IFX_PRODUCT_DISPLAY_VERSION                        Setup.obs
56   IFX_PRODUCT_ICON                                   Setup.obs
57   IFX_PRODUCT_KEY                                    Setup.obs
58   IFX_PRODUCT_NAME                                   Setup.obs
59   IFX_PRODUCT_README                                 Setup.obs
60   IFX_PRODUCT_REGISTEREDCOMPANY                      Setup.obs
61   IFX_PRODUCT_REGISTEREDOWNER                        Setup.obs
62   IFX_PRODUCT_REGISTEREDSERIALNUM                    Setup.obs
63   IFX_PRODUCT_SUPPORT_CONTACT                        Setup.obs
64   IFX_PRODUCT_SUPPORT_PHONE                          Setup.obs
65   IFX_PRODUCT_SUPPORT_URL                            Setup.obs
66   IFX_PRODUCT_UPDATE_URL                             Setup.obs
67   IFX_PRODUCT_URL                                    Setup.obs
68   IFX_PRODUCT_VERSION                                Setup.obs
69   IFX_RESTORE_DISABLED                               isrt.obl(PCRestore.obs)
70   IFX_SETUP_TITLE                                    Setup.obs
71   IFX_SUPPORTED_VERSIONS                             Setup.obs
72   IISROOTFOLDER                                      isrt.obl(DebugSymbols.obs)
73   INSTALLSCRIPTMSI                                   isrt.obl(DebugSymbols.obs)
74   INSTALLSCRIPTMSIEEUI                               isrt.obl(DebugSymbols.obs)
75   INSTANCE_GUID                                      isrt.obl(DebugSymbols.obs)
76   ISDIFXAPPID                                        Setup.obs
77   ISRES                                              isrt.obl(DebugSymbols.obs)
78   ISUSER                                             isrt.obl(DebugSymbols.obs)
79   ISUTIL_FUNCTION_ACTUAL_ERROR                       Setup.obs
80   ISUTIL_LINE_NUMBER                                 Setup.obs
81   ISUTIL_SCRIPT_FILE                                 Setup.obs
82   ISVERSION                                          isrt.obl(DebugSymbols.obs)
83   IS_NULLSTR_PTR                                     Setup.obs
84   InetSRCDIR                                         Setup.obs
85   LAAW_PARAMETERS                                    Setup.obs
86   LAAW_PROCESS_INFORMATION                           Setup.obs
87   LAAW_SHELLEXECUTEINFO                              Setup.obs
88   LAAW_SHELLEXECUTEVERB                              Setup.obs
89   LAAW_STARTUPINFO                                   Setup.obs
90   LAST_RESULT                                        Setup.obs
91   LogDB                                              Setup.obs
92   MAINTENANCE                                        isrt.obl(DebugSymbols.obs)
93   MAINT_OPTION                                       isrt.obl(DebugSymbols.obs)
94   MEDIA                                              Setup.obs
95   MEDIA_INFO                                         isrt.obl(Feature.obs)
96   MODE                                               Setup.obs
97   MSG                                                Setup.obs
98   MULTI_INSTANCE_COUNT                               isrt.obl(DebugSymbols.obs)
99   MainWindow                                         Setup.obs
100  NOTHING                                            Setup.obs
101  OPENFILENAME                                       Setup.obs
102  OSINFO_PLATFORM_INFO                               Setup.obs
103  OSINFO_PROCESSOR_INFO                              Setup.obs
104  OSVERSIONINFOEXW                                   Setup.obs
105  OSVERSIONINFOW                                     Setup.obs
106  Objects                                            Setup.obs
107  PACKAGE_LOCATION                                   isrt.obl(DebugSymbols.obs)
108  POINT                                              Setup.obs
109  PRIVILEGED                                         Setup.obs
110  PROCESS_INFORMATION                                Setup.obs
111  PRODUCT_GUID                                       isrt.obl(DebugSymbols.obs)
112  PROGRAMFILES                                       isrt.obl(DebugSymbols.obs)
113  PROGRAMFILES64                                     isrt.obl(DebugSymbols.obs)
114  RECT                                               Setup.obs
115  REGDB_OPTIONS                                      Setup.obs
116  REINSTALLMODE                                      isrt.obl(DebugSymbols.obs)
117  REMOVEALLMODE                                      isrt.obl(DebugSymbols.obs)
118  REMOVEONLY                                         isrt.obl(DebugSymbols.obs)
119  RUN_ONCE_PROGRAM                                   isrt.obl(DebugSymbols.obs)
120  Reboot                                             Setup.obs
121  SELECTED_LANGUAGE                                  isrt.obl(DebugSymbols.obs)
122  SERVICE_IS_PARAMS                                  Setup.obs
123  SERVICE_IS_STATUS                                  Setup.obs
124  SETUPTYPE_STR_COMPACT                              Setup.obs
125  SETUPTYPE_STR_COMPLETE                             Setup.obs
126  SETUPTYPE_STR_CUSTOM                               Setup.obs
127  SETUPTYPE_STR_TYPICAL                              Setup.obs
128  SHAREDSUPPORTDIR                                   isrt.obl(DebugSymbols.obs)
129  SHELLEXECUTEINFOW                                  Setup.obs
130  SHELL_OBJECT_FOLDER                                Setup.obs
131  SHOW_PASSWORD_DIALOG                               isrt.obl(DebugSymbols.obs)
132  SRCDIR                                             Setup.obs
133  SRCDISK                                            isrt.obl(DebugSymbols.obs)
134  STANDARD_SELECTED_LANGUAGE                         isrt.obl(DebugSymbols.obs)
135  STARTUPINFOW                                       Setup.obs
136  STR260                                             Setup.obs
137  SUITE_HOSTED                                       isrt.obl(DebugSymbols.obs)
138  SUPPORTDIR                                         isrt.obl(DebugSymbols.obs)
139  SYSINFO                                            Setup.obs
140  SYSPROCESSORINFO                                   Setup.obs
141  SYSTEMTIME                                         Setup.obs
142  SetupInfo                                          Setup.obs
143  StatusDlg                                          Setup.obs
144  SuiteHost                                          Setup.obs
145  TARGETDIR                                          Setup.obs
146  TARGETDISK                                         isrt.obl(DebugSymbols.obs)
147  TextSub                                            Setup.obs
148  UNINST                                             Setup.obs
149  UNINSTALLKEY                                       Setup.obs
150  UNINSTALL_DISPLAYNAME                              Setup.obs
151  UNINSTALL_STRING                                   Setup.obs
152  UPDATEMODE                                         Setup.obs
153  WINDIR                                             isrt.obl(DebugSymbols.obs)
154  WINDISK                                            isrt.obl(DebugSymbols.obs)
155  WINSYSDIR                                          isrt.obl(DebugSymbols.obs)
156  WINSYSDIR64                                        isrt.obl(DebugSymbols.obs)
157  WINSYSDISK                                         isrt.obl(DebugSymbols.obs)
158  _FONTFILEINFO                                      Setup.obs
159  _INT64                                             Setup.obs
160  _ISDIFXINSTALLERINFO                               isrt.obl(ISDIFx.obs)
161  _LAAW_PARAMETERS                                   Setup.obs
162  _LAAW_TEMP_DATA                                    isrt.obl(Extend.obs)
163  _NETRESOURCE                                       Setup.obs
164  _RESTOREPOINTINFO                                  Setup.obs
165  _SERVICE_IS_PARAMS                                 Setup.obs
166  _SERVICE_IS_STATUS                                 Setup.obs
167  _SHARE_INFO_2                                      Setup.obs
168  _STATEMGRSTATUS                                    Setup.obs
169  _WIN9X                                             Setup.obs
170  _WINNT                                             Setup.obs
171  __hContext                                         iisrt.obl(IISRT.obs)
172  __objGlobalTextSub                                 Setup.obs
173  __szGUID                                           Setup.obs
174  bBackButton                                        Setup.obs
175  bCancelButton                                      Setup.obs
176  bEnterDiskBeep                                     Setup.obs
177  bFinishButton                                      Setup.obs
178  bIFXLFNoToAll                                      Setup.obs
179  bIFXLFOnRebootToAll                                Setup.obs
180  bIFXLFYesToAll                                     Setup.obs
181  bIFXMD5IgnoreToAll                                 Setup.obs
182  bIFXRONoToAll                                      Setup.obs
183  bIFXROYesToAll                                     Setup.obs
184  bIFXSFNoToAll                                      Setup.obs
185  bIFXSFYesToAll                                     Setup.obs
186  bInstall16                                         Setup.obs
187  bNextButton                                        Setup.obs
188  bSdInit                                            Setup.obs
189  bViewCmptKunits                                    Setup.obs
190  bViewCmptUseDecimal                                Setup.obs
191  g_bIISRTInitialized                                Setup.obs
192  g_bIgnoringIis                                     Setup.obs
193  g_bSQLRTInitialized                                Setup.obs
194  g_bSuppressMissingStringWarning                    isrt.obl(Enable.obs)
195  g_nDlgAskPath                                      iisrt.obl(IISRT.obs)
196  nDlgAskOptions                                     iisrt.obl(IISRT.obs)
197  nDlgAskYesNo                                       iisrt.obl(IISRT.obs)
198  nDlgEnterPassword                                  iisrt.obl(IISRT.obs)
199  nDlgMessageBox                                     iisrt.obl(IISRT.obs)
200  nDlgSQLSELECTLOGIN                                 iisrt.obl(IISRT.obs)
201  nDlgSelectDir                                      iisrt.obl(IISRT.obs)
202  nDlgSprintfBox                                     iisrt.obl(IISRT.obs)
203  nSdAskDestPath                                     Setup.obs
204  nSdFinish                                          Setup.obs
205  nSdFinishReboot                                    Setup.obs
206  nSdShowDlgEdit2                                    Setup.obs
207  nSdShowDlgEdit3                                    Setup.obs
208  nSdStartCopy2                                      Setup.obs
209  nSdWelcome                                         Setup.obs
210  szAppKey                                           Setup.obs
211  szSdProduct                                        Setup.obs
212  szSdStr_NotEnoughSpace                             Setup.obs
