***** External Functions *****
1    ADODBConnectAndExecuteStaging                      Setup.obs
2    ADODBConnectExecuteAndReturnStaging                Setup.obs
3    AddCommandTextToList                               Setup.obs
4    AddFontRegistrationToLog                           isrt.obl(Misc.obs)
5    AppSearch                                          isrt.obl(Driver.obs)
6    AskOptions                                         isrt.obl(ISRTScriptDialogs.obs)
7    AskYesNo                                           isrt.obl(ISRTScriptDialogsPriv.obs)
8    CCPSearch                                          isrt.obl(Driver.obs)
9    ChangeDirectory                                    isrt.obl(Files.obs)
10   CheckTypeofInstallation                            Setup.obs
11   ClearReadOnly                                      Setup.obs
12   CloseFile                                          isrt.obl(Files.obs)
13   CmdGetHwndDlg                                      isrt.obl(CustomDialog.obs)
14   CoCreateObject                                     isrt.obl(Misc.obs)
15   CompareVersion                                     Setup.obs
16   ComponentAddFileToLog                              isrt.obl(component.obs)
17   ComponentIsItemSelected                            isrt.obl(component.obs)
18   ComponentListItems                                 isrt.obl(component.obs)
19   ComponentSelectItem                                isrt.obl(component.obs)
20   ComponentTreeInit                                  isrt.obl(Dialogs.obs)
21   CopyDTUFiles                                       Setup.obs
22   CopyStagingDatabasebackupToRemoteServer            Setup.obs
23   CreateDTURegistry                                  Setup.obs
24   CreateDir                                          isrt.obl(Files.obs)
25   CreateFile                                         isrt.obl(Files.obs)
26   CreateInstallationInfo                             isrt.obl(Registry.obs)
27   CreateLogFile                                      Setup.obs
28   CreateObject                                       isrt.obl(Misc.obs)
29   CreateRegistrySet                                  isrt.obl(Feature.obs)
30   CreateStagingDatabaseFromBackup                    Setup.obs
31   CtrlGetCurSel                                      isrt.obl(CustomDialog.obs)
32   CtrlGetDlgItem                                     isrt.obl(CustomDialog.obs)
33   CtrlGetState                                       isrt.obl(CustomDialog.obs)
34   CtrlGetSubCommand                                  isrt.obl(CustomDialog.obs)
35   CtrlGetText                                        isrt.obl(CustomDialog.obs)
36   CtrlSelectText                                     isrt.obl(CustomDialog.obs)
37   CtrlSetCurSel                                      isrt.obl(CustomDialog.obs)
38   CtrlSetList                                        isrt.obl(CustomDialog.obs)
39   CtrlSetState                                       isrt.obl(CustomDialog.obs)
40   CtrlSetText                                        isrt.obl(CustomDialog.obs)
41   DIFxDriverPackageUninstall                         isrt.obl(ISDIFx.obs)
42   DRMINSTALLERPRO.DRMInstallPRO                      isrt.obl(Activation.obs)
43   DRMINSTALLERPRO.DRMUnInstallPRO                    isrt.obl(Activation.obs)
44   DTU_Installed                                      Setup.obs
45   DTU_UnInstalled                                    Setup.obs
46   DatabaseExecutePure                                Setup.obs
47   DatabaseExecuteStaging                             Setup.obs
48   DefineDialog                                       isrt.obl(CustomDialog.obs)
49   Delay                                              isrt.obl(Misc.obs)
50   DeleteDTU2Files                                    Setup.obs
51   DeleteDir                                          isrt.obl(Files.obs)
52   DeleteFile                                         isrt.obl(Files.obs)
53   DeleteSingleFile                                   isrt.obl(Files.obs)
54   DialogSetDefaultFont                               isrt.obl(Dialogs.obs)
55   DialogSetFont                                      isrt.obl(Dialogs.obs)
56   DialogSetInfo                                      isrt.obl(Dialogs.obs)
57   Disable                                            isrt.obl(Enable.obs)
58   DllSizeOf                                          isrt.obl(Str.obs)
59   Do                                                 isrt.obl(Misc.obs)
60   Enable                                             isrt.obl(Enable.obs)
61   EndCurrentDialog                                   isrt.obl(Dialogs.obs)
62   EndDialog                                          isrt.obl(CustomDialog.obs)
63   EnterDisk                                          isrt.obl(ISRTScriptDialogs.obs)
64   EnterDiskError                                     isrt.obl(ISRTScriptDialogs.obs)
65   EnterPassword                                      isrt.obl(ISRTScriptDialogs.obs)
66   ExistsDir                                          isrt.obl(Files.obs)
67   ExistsDisk                                         isrt.obl(Files.obs)
68   ExitInstall                                        isrt.obl(Driver.obs)
69   EzDefineDialog                                     isrt.obl(CustomDialog.obs)
70   FeatureAddFileToLog                                isrt.obl(Feature.obs)
71   FeatureErrorInfo                                   isrt.obl(Feature.obs)
72   FeatureFilterLanguage                              isrt.obl(Feature.obs)
73   FeatureFilterOS                                    isrt.obl(Feature.obs)
74   FeatureIsItemSelected                              isrt.obl(Feature.obs)
75   FeatureListItems                                   isrt.obl(Feature.obs)
76   FeatureReinstall                                   isrt.obl(Feature.obs)
77   FeatureRemoveAllInLogOnly                          isrt.obl(Feature.obs)
78   FeatureRemoveAllInMedia                            isrt.obl(Feature.obs)
79   FeatureRemoveAllInMediaAndLog                      isrt.obl(Feature.obs)
80   FeatureSaveTarget                                  isrt.obl(Feature.obs)
81   FeatureSelectItem                                  isrt.obl(Feature.obs)
82   FeatureTransferData                                isrt.obl(Feature.obs)
83   FeatureValidate                                    isrt.obl(Feature.obs)
84   FinalConstruct                                     ifx.obl(EventsPriv.obs)
85   FinalRelease                                       ifx.obl(EventsPriv.obs)
86   FindAllDirs                                        isrt.obl(Files.obs)
87   FindAllFiles                                       isrt.obl(Files.obs)
88   FindFile                                           isrt.obl(Files.obs)
89   FormatMessage                                      isrt.obl(Misc.obs)
90   GDI32.AddFontResource                              Setup.obs
91   GDI32.CreateRectRgn                                Setup.obs
92   GDI32.GetDeviceCaps                                Setup.obs
93   GDI32.RemoveFontResource                           Setup.obs
94   GetAddRemove                                       isrt.obl(SysVars.obs)
95   GetBillboard                                       isrt.obl(SysVars.obs)
96   GetConnectionString                                Setup.obs
97   GetConnectionStringStaging                         Setup.obs
98   GetCurrentDialogName                               isrt.obl(Dialogs.obs)
99   GetCurrentDir                                      isrt.obl(Files.obs)
100  GetDTURegistry                                     Setup.obs
101  GetDialogTitle                                     isrt.obl(Dialogs.obs)
102  GetDir                                             isrt.obl(Str.obs)
103  GetDisk                                            isrt.obl(Str.obs)
104  GetDiskSpace                                       isrt.obl(GSI.obs)
105  GetDiskSpaceEx                                     isrt.obl(GSI.obs)
106  GetEnabledIServices                                isrt.obl(SysVars.obs)
107  GetEnvVar                                          isrt.obl(GSI.obs)
108  GetErrorMsg                                        isrt.obl(Dialogs.obs)
109  GetErrorTitle                                      isrt.obl(Dialogs.obs)
110  GetExtents                                         isrt.obl(GSI.obs)
111  GetFolderApplications                              isrt.obl(SysVars.obs)
112  GetFolderApplications64                            isrt.obl(SysVars.obs)
113  GetFolderDotNet10                                  isrt.obl(SysVars.obs)
114  GetFolderDotNet11                                  isrt.obl(SysVars.obs)
115  GetFolderDotNet20                                  isrt.obl(SysVars.obs)
116  GetFolderFonts                                     isrt.obl(SysVars.obs)
117  GetFont                                            isrt.obl(ui.obs)
118  GetFromRegistry                                    Setup.obs
119  GetISRes                                           isrt.obl(SysVars.obs)
120  GetInstallScriptMSI                                isrt.obl(SysVars.obs)
121  GetInstallScriptMSIEEUI                            isrt.obl(SysVars.obs)
122  GetInstanceGUID                                    isrt.obl(SysVars.obs)
123  GetKeyPathWinCurrVerAuto                           isrt.obl(SysVars.obs)
124  GetLine                                            isrt.obl(Files.obs)
125  GetLog                                             isrt.obl(SysVars.obs)
126  GetLogEx                                           isrt.obl(SysVars.obs)
127  GetMaintOption                                     isrt.obl(SysVars.obs)
128  GetMaintenance                                     isrt.obl(SysVars.obs)
129  GetMultiInstanceCount                              isrt.obl(SysVars.obs)
130  GetOpenFileMode                                    isrt.obl(Files.obs)
131  GetPackageLocation                                 isrt.obl(SysVars.obs)
132  GetProductGUID                                     isrt.obl(SysVars.obs)
133  GetProfSectionKeyCount                             isrt.obl(Profile.obs)
134  GetProfString                                      isrt.obl(Profile.obs)
135  GetProfStringList                                  isrt.obl(Profile.obs)
136  GetProgramFiles                                    isrt.obl(SysVars.obs)
137  GetPureDBDetailFromRegistry                        Setup.obs
138  GetPureInstallPath                                 Setup.obs
139  GetReinstallMode                                   isrt.obl(SysVars.obs)
140  GetRemoveAllMode                                   isrt.obl(SysVars.obs)
141  GetRemoveOnly                                      isrt.obl(SysVars.obs)
142  GetShowPasswordDialog                              isrt.obl(SysVars.obs)
143  GetStandardSelectedLanguage                        isrt.obl(SysVars.obs)
144  GetSupportDir                                      isrt.obl(SysVars.obs)
145  GetSystemInfo                                      isrt.obl(GSI.obs)
146  GetTempFolder                                      isrt.obl(SysVars.obs)
147  GetTrueTypeFontFileInfo                            isrt.obl(Misc.obs)
148  GetUserSelectableAuto                              isrt.obl(SysVars.obs)
149  GetWinDir                                          isrt.obl(SysVars.obs)
150  GetWinDisk                                         isrt.obl(SysVars.obs)
151  GetWinSysDir                                       isrt.obl(SysVars.obs)
152  GetWindowHandle                                    isrt.obl(Misc.obs)
153  HIWORD                                             isrt.obl(Misc.obs)
154  ISDeterminePlatform                                isrt.obl(OsInfo.obs)
155  ISMIF32.InstallStatusMIF                           isrt.obl(MIF.obs)
156  ISRT.ComponentViewSetInfoEx                        isrt.obl(Dialogs.obs)
157  ISRT.EnableHourGlass                               isrt.obl(Enable.obs)
158  ISRT.GetCPUType                                    isrt.obl(GSI.obs)
159  ISRT.GetFontSub                                    isrt.obl(Dialogs.obs)
160  ISRT.GetHandle                                     Setup.obs
161  ISRT.GetPorts                                      isrt.obl(GSI.obs)
162  ISRT.IsEmpty                                       Setup.obs
163  ISRT.IsNTAdmin                                     isrt.obl(Is.obs)
164  ISRT.IsObject                                      Setup.obs
165  ISRT.IsPowerUser                                   isrt.obl(Is.obs)
166  ISRT.LangLoadString                                isrt.obl(SDINT.obs)
167  ISRT.MessageBeepP                                  Setup.obs
168  ISRT.PathCompactPathPixel                          isrt.obl(CustomDialog.obs)
169  ISRT.PathGetDir                                    isrt.obl(Str.obs)
170  ISRT.PathGetDrive                                  isrt.obl(Str.obs)
171  ISRT.PathGetFile                                   isrt.obl(Files.obs)
172  ISRT.PathGetFileExt                                isrt.obl(Str.obs)
173  ISRT.PathGetFileName                               isrt.obl(Str.obs)
174  ISRT.PathGetLongFromShort                          isrt.obl(Str.obs)
175  ISRT.PathGetPath                                   isrt.obl(Str.obs)
176  ISRT.PathIsValidSyntax                             isrt.obl(Is.obs)
177  ISRT.VerGetFileVersion                             Setup.obs
178  ISRT._AppSearch                                    Setup.obs
179  ISRT._BrowseForFolder                              isrt.obl(ISRTScriptDialogsPriv.obs)
180  ISRT._CCPSearch                                    Setup.obs
181  ISRT._CleanupInet                                  isrt.obl(MIO.obs)
182  ISRT._CloseFile                                    isrt.obl(Files.obs)
183  ISRT._CmdGetHwndDlg                                isrt.obl(CustomDialog.obs)
184  ISRT._CompareDWORD                                 isrt.obl(Extend.obs)
185  ISRT._ComponentErrorInfo                           isrt.obl(Feature.obs)
186  ISRT._ComponentFilterLanguage                      isrt.obl(Feature.obs)
187  ISRT._ComponentFilterOS                            isrt.obl(Feature.obs)
188  ISRT._ComponentIsItemSelected                      isrt.obl(Feature.obs)
189  ISRT._ComponentListItems                           isrt.obl(Feature.obs)
190  ISRT._ComponentReinstall                           isrt.obl(Feature.obs)
191  ISRT._ComponentRemoveAll                           isrt.obl(Feature.obs)
192  ISRT._ComponentRemoveAllInLogOnly                  isrt.obl(Feature.obs)
193  ISRT._ComponentSaveTarget                          isrt.obl(Feature.obs)
194  ISRT._ComponentSelectItem                          isrt.obl(Feature.obs)
195  ISRT._ComponentTransferData                        isrt.obl(Feature.obs)
196  ISRT._ComponentValidate                            isrt.obl(Feature.obs)
197  ISRT._CreateDir                                    isrt.obl(Files.obs)
198  ISRT._CreateObject                                 isrt.obl(Misc.obs)
199  ISRT._CreateRegistrySet                            isrt.obl(Feature.obs)
200  ISRT._CtrlGetSubCommand                            isrt.obl(CustomDialog.obs)
201  ISRT._CtrlSetHtmlContent                           isrt.obl(CustomDialog.obs)
202  ISRT._DIFxDriverPackageUninstall                   isrt.obl(ISDIFx.obs)
203  ISRT._DefineDialog                                 isrt.obl(CustomDialog.obs)
204  ISRT._DialogSetFont                                isrt.obl(Dialogs.obs)
205  ISRT._DisableStatus                                isrt.obl(Enable.obs)
206  ISRT._DoSprintf                                    isrt.obl(ISRTScriptDialogsPriv.obs)
207  ISRT._EnableDialogCache                            isrt.obl(Enable.obs)
208  ISRT._EnablePrevDialog                             Setup.obs
209  ISRT._EnableSkins                                  isrt.obl(Enable.obs)
210  ISRT._EnableStatus                                 isrt.obl(Enable.obs)
211  ISRT._EnableWow64FsRedirection                     isrt.obl(Enable.obs)
212  ISRT._EndDialog                                    isrt.obl(CustomDialog.obs)
213  ISRT._ExistsDir                                    isrt.obl(Files.obs)
214  ISRT._ExistsDisk                                   isrt.obl(Files.obs)
215  ISRT._ExistsFile                                   isrt.obl(Files.obs)
216  ISRT._ExitInstall                                  Setup.obs
217  ISRT._FileCopy                                     isrt.obl(Files.obs)
218  ISRT._GetCurrentDialogName                         isrt.obl(Dialogs.obs)
219  ISRT._GetDiskSpaceEx                               isrt.obl(GSI.obs)
220  ISRT._GetFont                                      isrt.obl(ui.obs)
221  ISRT._GetGlobalFlags                               ifx.obl(EventsPriv.obs)
222  ISRT._GetGlobalMemorySize                          isrt.obl(GSI.obs)
223  ISRT._GetLine                                      isrt.obl(Files.obs)
224  ISRT._GetLineSize                                  isrt.obl(Files.obs)
225  ISRT._GetProcessorInfo                             isrt.obl(OsInfo.obs)
226  ISRT._GetRunningChildProcessEx2                    isrt.obl(Extend.obs)
227  ISRT._GetStandardLangId                            isrt.obl(Misc.obs)
228  ISRT._GetSupportDir                                isrt.obl(SysVars.obs)
229  ISRT._GetTrueTypeFontFileInfo                      isrt.obl(Misc.obs)
230  ISRT._GetVirtualMachineType                        isrt.obl(GSI.obs)
231  ISRT._InetEndofTransfer                            isrt.obl(iftw.obs)
232  ISRT._InetGetNextDisk                              isrt.obl(iftw.obs)
233  ISRT._InitInstall                                  Setup.obs
234  ISRT._IsFontTypefaceNameAvailable                  isrt.obl(Is.obs)
235  ISRT._IsInAdminGroup                               isrt.obl(Is.obs)
236  ISRT._IsLangSupported                              isrt.obl(Is.obs)
237  ISRT._IsSkinLoaded                                 isrt.obl(Is.obs)
238  ISRT._IsVirtualMachine                             isrt.obl(OsInfo.obs)
239  ISRT._IsWindowsME                                  isrt.obl(GSI.obs)
240  ISRT._IsWow64                                      isrt.obl(OsInfo.obs)
241  ISRT._ListAddItem                                  isrt.obl(scrlist.obs)
242  ISRT._ListAddString                                isrt.obl(scrlist.obs)
243  ISRT._ListCount                                    isrt.obl(scrlist.obs)
244  ISRT._ListCreate                                   isrt.obl(scrlist.obs)
245  ISRT._ListCurrentString                            isrt.obl(scrlist.obs)
246  ISRT._ListDeleteItem                               isrt.obl(scrlist.obs)
247  ISRT._ListDeleteString                             isrt.obl(scrlist.obs)
248  ISRT._ListDestroy                                  isrt.obl(scrlist.obs)
249  ISRT._ListFindString                               isrt.obl(scrlist.obs)
250  ISRT._ListGetFirstItem                             isrt.obl(scrlist.obs)
251  ISRT._ListGetFirstString                           isrt.obl(scrlist.obs)
252  ISRT._ListGetNextItem                              isrt.obl(scrlist.obs)
253  ISRT._ListGetNextString                            isrt.obl(scrlist.obs)
254  ISRT._ListGetType                                  isrt.obl(scrlist.obs)
255  ISRT._ListReadFromFile                             isrt.obl(scrlist.obs)
256  ISRT._ListSetIndex                                 isrt.obl(scrlist.obs)
257  ISRT._MediaGetFilteringInfo                        isrt.obl(Feature.obs)
258  ISRT._MediaGetInfo                                 isrt.obl(Feature.obs)
259  ISRT._OnUninstPriv                                 Setup.obs
260  ISRT._OpenFile                                     isrt.obl(Files.obs)
261  ISRT._Preprogram                                   Setup.obs
262  ISRT._Rebooted                                     Setup.obs
263  ISRT._RegCreateKey                                 isrt.obl(Registry.obs)
264  ISRT._RegDeleteValue                               isrt.obl(Registry.obs)
265  ISRT._RegEnableTextSubs                            isrt.obl(Enable.obs)
266  ISRT._RegEnum                                      isrt.obl(Registry.obs)
267  ISRT._RegExistsKey                                 isrt.obl(Registry.obs)
268  ISRT._RegGetOptions                                isrt.obl(SysVars.obs)
269  ISRT._RegIsRemoteRegConnected                      isrt.obl(Is.obs)
270  ISRT._RegQueryKeyBinaryValue                       isrt.obl(Registry.obs)
271  ISRT._RegQueryKeyValue                             isrt.obl(Registry.obs)
272  ISRT._RegSetKeyBinaryValue                         isrt.obl(Registry.obs)
273  ISRT._RegSetKeyValue                               isrt.obl(Registry.obs)
274  ISRT._RegSetOptions                                isrt.obl(SysVars.obs)
275  ISRT._ReleaseDialog                                isrt.obl(CustomDialog.obs)
276  ISRT._SdShowMsg                                    isrt.obl(ISRTScriptDialogsPriv.obs)
277  ISRT._SetAltMainImage                              isrt.obl(Dialogs.obs)
278  ISRT._SetDisplayEffect                             isrt.obl(ui.obs)
279  ISRT._SetGlobalFlags                               ifx.obl(EventsPriv.obs)
280  ISRT._SetPaletteFile                               isrt.obl(MIO.obs)
281  ISRT._SetSilentSdShowMsg                           isrt.obl(Enable.obs)
282  ISRT._SetTitle                                     isrt.obl(ui.obs)
283  ISRT._SetupInet                                    isrt.obl(MIO.obs)
284  ISRT._SetupTraceWrite                              isrt.obl(Misc.obs)
285  ISRT._ShowObjWizardPages                           isrt.obl(Objects.obs)
286  ISRT._ShowWizardPages                              Setup.obs
287  ISRT._StatusUpdate                                 isrt.obl(ui.obs)
288  ISRT._WaitOnDialog                                 isrt.obl(CustomDialog.obs)
289  ISRT._WriteLine                                    isrt.obl(Files.obs)
290  ISRT.__CreateObjectContext                         isrt.obl(ISRTInit.obs)
291  ISRT.__GetCmdLineOptions                           isrt.obl(ISRTInit.obs)
292  ISRT.__GetContextGUID                              isrt.obl(ISRTInit.obs)
293  ISRT.__GetEnabledIServices                         isrt.obl(SysVars.obs)
294  ISRT.__GetFileRegistrar                            isrt.obl(ISRTInit.obs)
295  ISRT.__GetInfo                                     isrt.obl(ISRTInit.obs)
296  ISRT.__GetInstallGuid                              isrt.obl(SysVars.obs)
297  ISRT.__GetLog                                      isrt.obl(SysVars.obs)
298  ISRT.__GetLogDB                                    isrt.obl(ISRTInit.obs)
299  ISRT.__GetLogEx                                    isrt.obl(SysVars.obs)
300  ISRT.__GetMainWindow                               Setup.obs
301  ISRT.__GetMaintOption                              isrt.obl(SysVars.obs)
302  ISRT.__GetMaintenanceMode                          isrt.obl(SysVars.obs)
303  ISRT.__GetObjects                                  isrt.obl(ISRTInit.obs)
304  ISRT.__GetProductGuid                              isrt.obl(SysVars.obs)
305  ISRT.__GetProgress                                 Setup.obs
306  ISRT.__GetReboot                                   isrt.obl(ISRTInit.obs)
307  ISRT.__GetReinstallMode                            isrt.obl(SysVars.obs)
308  ISRT.__GetRemoveAllMode                            isrt.obl(SysVars.obs)
309  ISRT.__GetTextSub                                  isrt.obl(ISRTInit.obs)
310  ISRT.__GetUpdateMode                               isrt.obl(SysVars.obs)
311  ISRT.__GetUser                                     isrt.obl(MIO.obs)
312  ISRT.__ISRTGetPropertyBag                          ifx.obl(PersistPropertyBag.obs)
313  ISRT.__ISRTReleasePropertyBag                      ifx.obl(PersistPropertyBag.obs)
314  ISRT.__LoadString                                  isrt.obl(LoadStr.obs)
315  ISRT.__PutEnabledIServices                         isrt.obl(Enable.obs)
316  ISRT.__ReleaseObjectContext                        isrt.obl(ISRTInit.obs)
317  ISRT.__RestoreMainLog                              isrt.obl(ISRTInit.obs)
318  ISRT.__RestoreMainLogEx                            isrt.obl(ISRTInit.obs)
319  ISRT.__SetComponentLog                             isrt.obl(ISRTInit.obs)
320  ISRT.__SetUpdateMode                               isrt.obl(SysVars.obs)
321  ISRTHandleScriptException                          isrt.obl(Misc.obs)
322  ISRTOnUninstPriv                                   isrt.obl(Driver.obs)
323  ISRTPreprogram                                     isrt.obl(Driver.obs)
324  IfxFilterComponents                                ifx.obl(EventsSetupPriv.obs)
325  IfxFinalConstruct                                  ifx.obl(EventsSetupPriv.obs)
326  IfxFinalRelease                                    ifx.obl(EventsSetupPriv.obs)
327  IfxInitProperties                                  ifx.obl(PersistPropertyBag.obs)
328  IfxOnAbortInstall                                  ifx.obl(EventsPriv.obs)
329  IfxOnAppSearch                                     ifx.obl(EventsPriv.obs)
330  IfxOnCCPSearch                                     ifx.obl(EventsPriv.obs)
331  IfxOnCanceling                                     ifx.obl(EventsPriv.obs)
332  IfxOnDisk1Installed                                ifx.obl(EventsSetupPriv.obs)
333  IfxOnDisk1Installing                               ifx.obl(EventsSetupPriv.obs)
334  IfxOnExitInstall                                   ifx.obl(EventsSetupPriv.obs)
335  IfxOnFileError                                     ifx.obl(EventsSetupPriv.obs)
336  IfxOnFileLocked                                    ifx.obl(EventsSetupPriv.obs)
337  IfxOnFileReadOnly                                  ifx.obl(EventsSetupPriv.obs)
338  IfxOnGeneralScriptOp                               ifx.obl(EventsPriv.obs)
339  IfxOnHelp                                          ifx.obl(EventsPriv.obs)
340  IfxOnInitInstall                                   ifx.obl(EventsSetupPriv.obs)
341  IfxOnInternetError                                 ifx.obl(EventsSetupPriv.obs)
342  IfxOnMD5Error                                      ifx.obl(EventsSetupPriv.obs)
343  IfxOnNextDisk                                      ifx.obl(EventsSetupPriv.obs)
344  IfxOnRebooted                                      ifx.obl(EventsPriv.obs)
345  IfxOnRemovingSharedFile                            ifx.obl(EventsSetupPriv.obs)
346  IfxOnShowWizardPages                               ifx.obl(EventsSetupPriv.obs)
347  IfxOnTransferred                                   ifx.obl(EventsPriv.obs)
348  IfxOnTransferring                                  ifx.obl(EventsSetupPriv.obs)
349  IfxOnUnhandledException                            ifx.obl(EventsPriv.obs)
350  IfxOnUninst                                        ifx.obl(EventsSetupPriv.obs)
351  IfxOnUninstPriv                                    ifx.obl(EventsSetupPriv.obs)
352  IfxPostprogram                                     ifx.obl(EventsSetupPriv.obs)
353  IfxPreprogram                                      ifx.obl(EventsSetupPriv.obs)
354  IfxReadProperties                                  ifx.obl(PersistPropertyBag.obs)
355  IfxRunAfterReboot                                  ifx.obl(EventsSetupPriv.obs)
356  IfxWriteProperties                                 ifx.obl(PersistPropertyBag.obs)
357  InetEndofTransfer                                  isrt.obl(iftw.obs)
358  InetNextDisk                                       isrt.obl(iftw.obs)
359  InitInstall                                        isrt.obl(Driver.obs)
360  InitProperties                                     ifx.obl(PersistPropertyBag.obs)
361  Is                                                 isrt.obl(Is.obs)
362  IsInetInstall                                      isrt.obl(iftw.obs)
363  KERNEL.GetModuleHandle                             Setup.obs
364  KERNEL32.CloseHandle                               Setup.obs
365  KERNEL32.CreateFileW                               Setup.obs
366  KERNEL32.CreateProcess                             Setup.obs
367  KERNEL32.DeleteFileW                               Setup.obs
368  KERNEL32.FileTimeToLocalFileTime                   Setup.obs
369  KERNEL32.FileTimeToSystemTime                      Setup.obs
370  KERNEL32.FindClose                                 Setup.obs
371  KERNEL32.FindFirstFileW                            Setup.obs
372  KERNEL32.FindNextFileW                             Setup.obs
373  KERNEL32.FormatMessageW                            Setup.obs
374  KERNEL32.FreeLibrary                               Setup.obs
375  KERNEL32.GetCurrentDirectoryW                      Setup.obs
376  KERNEL32.GetDriveType                              Setup.obs
377  KERNEL32.GetEnvironmentVariable                    Setup.obs
378  KERNEL32.GetExitCodeProcess                        Setup.obs
379  KERNEL32.GetFileAttributesW                        Setup.obs
380  KERNEL32.GetFileTime                               Setup.obs
381  KERNEL32.GetLocalTime                              Setup.obs
382  KERNEL32.GetLocaleInfo                             Setup.obs
383  KERNEL32.GetPrivateProfileSectionW                 Setup.obs
384  KERNEL32.GetPrivateProfileString                   Setup.obs
385  KERNEL32.GetPrivateProfileStringW                  Setup.obs
386  KERNEL32.GetProcAddress                            Setup.obs
387  KERNEL32.GetProcessId                              Setup.obs
388  KERNEL32.GetProfileStringW                         Setup.obs
389  KERNEL32.GetSystemDefaultLCID                      Setup.obs
390  KERNEL32.GetSystemDefaultLangID                    Setup.obs
391  KERNEL32.GetSystemDefaultUILanguage                Setup.obs
392  KERNEL32.GetTickCount                              Setup.obs
393  KERNEL32.GetUserDefaultLangID                      Setup.obs
394  KERNEL32.GetVersion                                Setup.obs
395  KERNEL32.GetVersionEx                              Setup.obs
396  KERNEL32.GetVolumeInformation                      Setup.obs
397  KERNEL32.GetWindowsDirectory                       Setup.obs
398  KERNEL32.LoadLibraryW                              Setup.obs
399  KERNEL32.LocalFileTimeToFileTime                   Setup.obs
400  KERNEL32.RemoveDirectoryW                          Setup.obs
401  KERNEL32.SetCurrentDirectoryW                      Setup.obs
402  KERNEL32.SetFileAttributesW                        Setup.obs
403  KERNEL32.SetFileTime                               Setup.obs
404  KERNEL32.Sleep                                     Setup.obs
405  KERNEL32.SystemTimeToFileTime                      Setup.obs
406  KERNEL32.WritePrivateProfileString                 Setup.obs
407  KERNEL32.WritePrivateProfileStringW                Setup.obs
408  KERNEL32.WriteProfileStringW                       Setup.obs
409  KERNEL32.lstrlenW                                  Setup.obs
410  LOWORD                                             isrt.obl(Misc.obs)
411  LaunchAppAndWait                                   isrt.obl(Extend.obs)
412  LaunchAppAndWaitInitStartupInfo                    isrt.obl(Extend.obs)
413  LaunchApplication                                  isrt.obl(Extend.obs)
414  LaunchApplicationInit                              isrt.obl(Extend.obs)
415  ListAddItem                                        isrt.obl(scrlist.obs)
416  ListAddString                                      isrt.obl(scrlist.obs)
417  ListCount                                          isrt.obl(scrlist.obs)
418  ListCreate                                         isrt.obl(scrlist.obs)
419  ListCurrentString                                  isrt.obl(scrlist.obs)
420  ListDeleteItem                                     isrt.obl(scrlist.obs)
421  ListDeleteString                                   isrt.obl(scrlist.obs)
422  ListDestroy                                        isrt.obl(scrlist.obs)
423  ListFindString                                     isrt.obl(scrlist.obs)
424  ListGetFirstItem                                   isrt.obl(scrlist.obs)
425  ListGetFirstString                                 isrt.obl(scrlist.obs)
426  ListGetNextItem                                    isrt.obl(scrlist.obs)
427  ListGetNextString                                  isrt.obl(scrlist.obs)
428  ListGetType                                        isrt.obl(scrlist.obs)
429  ListReadFromFile                                   isrt.obl(scrlist.obs)
430  ListSetIndex                                       isrt.obl(scrlist.obs)
431  ListValid                                          isrt.obl(scrlist.obs)
432  ListValidType                                      isrt.obl(scrlist.obs)
433  LoadStringFromStringTable                          isrt.obl(Str.obs)
434  LogReadCustomString                                isrt.obl(Misc.obs)
435  LogReadCustomVariant                               isrt.obl(Misc.obs)
436  LogWriteCustomString                               isrt.obl(Misc.obs)
437  LogWriteCustomVariant                              isrt.obl(Misc.obs)
438  LongPathFromShortPath                              isrt.obl(Str.obs)
439  LongPathToQuote                                    isrt.obl(Str.obs)
440  MAKELONG                                           isrt.obl(Misc.obs)
441  MIFCreateMIFFile                                   isrt.obl(MIF.obs)
442  MIFDeleteMIFFile                                   isrt.obl(MIF.obs)
443  MIFInitialize                                      isrt.obl(MIF.obs)
444  MIFSetInformation                                  isrt.obl(MIF.obs)
445  MIFUnInitialize                                    isrt.obl(MIF.obs)
446  MIFWasSetInformationCalled                         isrt.obl(MIF.obs)
447  MIOShutdown                                        isrt.obl(MIO.obs)
448  MIOStartup                                         isrt.obl(MIO.obs)
449  MaintenanceStart                                   isrt.obl(Registry.obs)
450  MediaGetData                                       isrt.obl(Feature.obs)
451  MediaGetDataEx                                     isrt.obl(Feature.obs)
452  MessageBeep                                        isrt.obl(Misc.obs)
453  MessageBox                                         isrt.obl(ISRTScriptDialogsPriv.obs)
454  MessageBoxEx                                       isrt.obl(ISRTScriptDialogsPriv.obs)
455  OnAbort                                            ifx.obl(EventsSetup.obs)
456  OnAppSearch                                        ifx.obl(EventsSetup.obs)
457  OnBegin                                            Setup.obs
458  OnCCPSearch                                        ifx.obl(EventsSetup.obs)
459  OnCanceling                                        ifx.obl(EventsSetup.obs)
460  OnCheckMediaPassword                               ifx.obl(EventsSetup.obs)
461  OnComponentError                                   ifx.obl(EventsSetup.obs)
462  OnCustomizeUninstInfo                              ifx.obl(EventsSetup.obs)
463  OnDIFxLogCallback                                  ifx.obl(EventsSetup.obs)
464  OnDIFxLogCallbackImpl                              isrt.obl(ISDIFx.obs)
465  OnEnd                                              ifx.obl(EventsSetup.obs)
466  OnFileError                                        ifx.obl(EventsSetup.obs)
467  OnFileLocked                                       ifx.obl(EventsSetup.obs)
468  OnFileReadOnly                                     ifx.obl(EventsSetup.obs)
469  OnFilterComponents                                 ifx.obl(EventsSetup.obs)
470  OnFirstUIAfter                                     Setup.obs
471  OnFirstUIBefore                                    Setup.obs
472  OnHelp                                             ifx.obl(EventsSetup.obs)
473  OnIISAppPoolUninstalling                           ifx.obl(EventsPriv.obs)
474  OnIISCheckRequirements                             ifx.obl(EventsPriv.obs)
475  OnIISComponentInstalled                            ifx.obl(EventsPriv.obs)
476  OnIISInitialize                                    ifx.obl(EventsPriv.obs)
477  OnIISUninitialize                                  ifx.obl(EventsPriv.obs)
478  OnIISVRootUninstalling                             ifx.obl(EventsPriv.obs)
479  OnIISWebServiceExtensionUninstalling               ifx.obl(EventsPriv.obs)
480  OnIISWebSiteUninstalling                           ifx.obl(EventsPriv.obs)
481  OnInstallDRMService                                isrt.obl(Activation.obs)
482  OnInstalledFile                                    ifx.obl(EventsSetup.obs)
483  OnInstalledFontFile                                ifx.obl(EventsSetup.obs)
484  OnInstallingFile                                   ifx.obl(EventsSetup.obs)
485  OnInternetError                                    ifx.obl(EventsSetup.obs)
486  OnLaunchAppAndWaitCallback                         ifx.obl(EventsSetup.obs)
487  OnMD5Error                                         ifx.obl(EventsSetup.obs)
488  OnMaintUIAfter                                     Setup.obs
489  OnMaintUIBefore                                    Setup.obs
490  OnMoveData                                         ifx.obl(EventsSetup.obs)
491  OnMoved                                            ifx.obl(EventsSetup.obs)
492  OnMoving                                           ifx.obl(EventsSetup.obs)
493  OnNetApiCreateUserAccount                          ifx.obl(EventsSetup.obs)
494  OnNetApiCreateUserAccountInternal                  isrt.obl(NetApiRT.obs)
495  OnNextDisk                                         ifx.obl(EventsSetup.obs)
496  OnRebooted                                         ifx.obl(EventsSetup.obs)
497  OnRemovingSharedFile                               ifx.obl(EventsSetup.obs)
498  OnSQLBatchScripts                                  ifx.obl(EventsPriv.obs)
499  OnSQLComponentInstalled                            ifx.obl(EventsPriv.obs)
500  OnSQLComponentUninstalled                          ifx.obl(EventsPriv.obs)
501  OnSQLServerInitialize                              ifx.obl(EventsPriv.obs)
502  OnSQLServerInitializeMaint                         ifx.obl(EventsPriv.obs)
503  OnSelfRegistrationError                            ifx.obl(EventsSetup.obs)
504  OnSetTARGETDIR                                     ifx.obl(EventsSetup.obs)
505  OnSetUpdateMode                                    Setup.obs
506  OnShowUI                                           ifx.obl(EventsSetup.obs)
507  OnUnInstallDRMService                              isrt.obl(Activation.obs)
508  OnUnhandledException                               ifx.obl(EventsPriv.obs)
509  OnUninstall                                        ifx.obl(EventsSetup.obs)
510  OnUninstalledFile                                  ifx.obl(EventsSetup.obs)
511  OnUninstallingDIFxDriverFile                       ifx.obl(EventsSetup.obs)
512  OnUninstallingFile                                 ifx.obl(EventsSetup.obs)
513  OnUninstallingFontFile                             ifx.obl(EventsSetup.obs)
514  OnUpdateUIAfter                                    Setup.obs
515  OnUpdateUIBefore                                   Setup.obs
516  OnXMLComponentInstalled                            ifx.obl(EventsPriv.obs)
517  OnXMLComponentUninstalling                         ifx.obl(EventsPriv.obs)
518  OnXMLInitialize                                    ifx.obl(EventsPriv.obs)
519  OnXMLUninitialize                                  ifx.obl(EventsPriv.obs)
520  OpenFile                                           isrt.obl(Files.obs)
521  OpenFileMode                                       isrt.obl(Files.obs)
522  ParsePath                                          isrt.obl(Str.obs)
523  ParseSQLFilePure                                   Setup.obs
524  ParseSQLFileStaging                                Setup.obs
525  Postprogram                                        ifx.obl(EventsSetupPriv.obs)
526  Preprogram                                         ifx.obl(EventsSetupPriv.obs)
527  PthFixPath                                         isrt.obl(Pth.obs)
528  PthIsAbsPath                                       isrt.obl(Pth.obs)
529  PthIsRoot                                          isrt.obl(Pth.obs)
530  PureDatabaseDetails                                Setup.obs
531  ReadProperties                                     ifx.obl(PersistPropertyBag.obs)
532  ReadWCFSecurityTokenFile                           Setup.obs
533  Rebooted                                           isrt.obl(Driver.obs)
534  RegDBCreateKeyEx                                   isrt.obl(Registry.obs)
535  RegDBDeleteItem                                    isrt.obl(Registry.obs)
536  RegDBDeleteValue                                   isrt.obl(Registry.obs)
537  RegDBDeleteValueEx                                 isrt.obl(Registry.obs)
538  RegDBDeleteValueEx32                               isrt.obl(Registry.obs)
539  RegDBGetDefaultRoot                                isrt.obl(SysVars.obs)
540  RegDBGetItem                                       isrt.obl(Registry.obs)
541  RegDBGetKeyValueEx                                 isrt.obl(Registry.obs)
542  RegDBKeyExist                                      isrt.obl(Registry.obs)
543  RegDBQueryKey                                      isrt.obl(Registry.obs)
544  RegDBQueryKeyCount                                 isrt.obl(Registry.obs)
545  RegDBQueryStringMultiStringCount                   isrt.obl(Registry.obs)
546  RegDBQueryValue                                    isrt.obl(Registry.obs)
547  RegDBQueryValue32                                  isrt.obl(Registry.obs)
548  RegDBSetDefaultRoot                                isrt.obl(SysVars.obs)
549  RegDBSetItem                                       isrt.obl(Registry.obs)
550  RegDBSetKeyValueEx                                 isrt.obl(Registry.obs)
551  RegDBSetValue                                      isrt.obl(Registry.obs)
552  RegDBSetValue32                                    isrt.obl(Registry.obs)
553  RegDBSetVersion                                    isrt.obl(Registry.obs)
554  RegisterFontResource                               isrt.obl(Misc.obs)
555  ReleaseDialog                                      isrt.obl(CustomDialog.obs)
556  RunPureScripts                                     Setup.obs
557  RunStagingScript                                   Setup.obs
558  RunStagingStructureScript                          Setup.obs
559  SQLBrowse2                                         SQLRT.obl(SQLBrowse.obs)
560  SQLDatabaseBrowse                                  SQLRT.obl(SQLBrowse.obs)
561  SQLRT.ISSQLServerConnect                           Setup.obs
562  SQLRT.ISSQLServerGetBatchMode                      Setup.obs
563  SQLRT.ISSQLServerGetComponentScriptError2          Setup.obs
564  SQLRT.ISSQLServerGetConnectionAuthentication       Setup.obs
565  SQLRT.ISSQLServerGetConnectionInfo                 Setup.obs
566  SQLRT.ISSQLServerGetConnections                    Setup.obs
567  SQLRT.ISSQLServerGetDatabases                      Setup.obs
568  SQLRT.ISSQLServerGetLastError2                     Setup.obs
569  SQLRT.ISSQLServerGetServers                        Setup.obs
570  SQLRT.ISSQLServerInitialize                        Setup.obs
571  SQLRT.ISSQLServerPutConnectionAuthentication       Setup.obs
572  SQLRT.ISSQLServerPutConnectionInfo2                Setup.obs
573  SQLRTConnect                                       SQLRT.obl(SQLRT.obs)
574  SQLRTGetComponentScriptError2                      SQLRT.obl(SQLRT.obs)
575  SQLRTGetConnectionAuthentication                   SQLRT.obl(SQLRT.obs)
576  SQLRTGetConnectionInfo                             SQLRT.obl(SQLRT.obs)
577  SQLRTGetConnections                                SQLRT.obl(SQLRT.obs)
578  SQLRTGetDatabases                                  SQLRT.obl(SQLRT.obs)
579  SQLRTGetErrorMessage                               SQLRT.obl(SQLRT.obs)
580  SQLRTGetLastError2                                 SQLRT.obl(SQLRT.obs)
581  SQLRTGetServers                                    SQLRT.obl(SQLRT.obs)
582  SQLRTGetServers2                                   SQLRT.obl(SQLRT.obs)
583  SQLRTInitialize                                    SQLRT.obl(SQLRT.obs)
584  SQLRTInitialize2                                   SQLRT.obl(SQLRT.obs)
585  SQLRTPutConnectionAuthentication                   SQLRT.obl(SQLRT.obs)
586  SQLRTPutConnectionInfo2                            SQLRT.obl(SQLRT.obs)
587  SQLServerSelectLogin2                              SQLRT.obl(SQLServerSelectLoginDlg.obs)
588  SdAskDestPath                                      isrt.obl(ISRTScriptDialogs.obs)
589  SdCloseDlg                                         isrt.obl(SDINT.obs)
590  SdDlgToTop                                         isrt.obl(SDINT.obs)
591  SdDoStdButton                                      isrt.obl(SDINT.obs)
592  SdEnablement                                       isrt.obl(SDINT.obs)
593  SdError                                            isrt.obl(SDINT.obs)
594  SdExceptionsInit                                   isrt.obl(ISRTScriptDialogsPriv.obs)
595  SdFinish                                           isrt.obl(ISRTScriptDialogs.obs)
596  SdFinishReboot                                     isrt.obl(ISRTScriptDialogs.obs)
597  SdGeneralInit                                      isrt.obl(SDINT.obs)
598  SdInit                                             isrt.obl(SDINT.obs)
599  SdIsStdButton                                      isrt.obl(SDINT.obs)
600  SdLoadString                                       isrt.obl(SDINT.obs)
601  SdMakeName                                         isrt.obl(SDINT.obs)
602  SdPlugInProductName                                isrt.obl(SDINT.obs)
603  SdSQLServerSelectLogin3                            Setup.obs
604  SdSetDlgTitle                                      isrt.obl(SDINT.obs)
605  SdSetStatic                                        isrt.obl(SDINT.obs)
606  SdShowMsg                                          isrt.obl(ISRTScriptDialogsPriv.obs)
607  SdStagingnewdbdetails                              Setup.obs
608  SdSubstituteProductInfo                            isrt.obl(SDINT.obs)
609  SdUnInit                                           isrt.obl(SDINT.obs)
610  SdWelcome                                          isrt.obl(ISRTScriptDialogs.obs)
611  SelectDir                                          isrt.obl(ISRTScriptDialogsPriv.obs)
612  SelectDirNoLog                                     isrt.obl(ISRTScriptDialogsPriv.obs)
613  SendMessage                                        isrt.obl(Misc.obs)
614  ServiceInitParams                                  isrt.obl(Service.obs)
615  SetCmdLine                                         isrt.obl(SysVars.obs)
616  SetDialogTitle                                     isrt.obl(Dialogs.obs)
617  SetDisplayEffect                                   isrt.obl(ui.obs)
618  SetExtendedErrInfo                                 isrt.obl(IsUtil.obs)
619  SetFileInfo                                        isrt.obl(Files.obs)
620  SetStatus                                          ifx.obl(EventsSetupPriv.obs)
621  SetStatusEx                                        ifx.obl(EventsSetupPriv.obs)
622  SetStatusExStaticText                              isrt.obl(ui.obs)
623  SetStatusWindow                                    isrt.obl(ui.obs)
624  SetTitle                                           isrt.obl(ui.obs)
625  SetupTraceWrite                                    isrt.obl(Misc.obs)
626  Shell32.ShellExecuteExW                            Setup.obs
627  ShowObjWizardPages                                 isrt.obl(Objects.obs)
628  ShowWizardPages                                    isrt.obl(Driver.obs)
629  SilentCreateFile                                   isrt.obl(Silent.obs)
630  SilentDoGeneralInfo                                isrt.obl(Silent.obs)
631  SilentFailed                                       isrt.obl(Silent.obs)
632  SilentFinish                                       isrt.obl(Silent.obs)
633  SilentInit                                         isrt.obl(Silent.obs)
634  SilentLogWriteData                                 isrt.obl(Silent.obs)
635  SilentReadData                                     isrt.obl(Silent.obs)
636  SilentSetInfo                                      isrt.obl(Silent.obs)
637  SilentSetMode                                      isrt.obl(Silent.obs)
638  SilentWriteData                                    isrt.obl(Silent.obs)
639  Sprintf                                            isrt.obl(Str.obs)
640  SprintfBox                                         isrt.obl(ISRTScriptDialogsPriv.obs)
641  StagingDatabaseDetails                             Setup.obs
642  StatusUpdate                                       isrt.obl(ui.obs)
643  StrAddLastSlash                                    isrt.obl(Str.obs)
644  StrFindEx                                          isrt.obl(Str.obs)
645  StrGetTokens                                       isrt.obl(Str.obs)
646  StrLength                                          isrt.obl(Str.obs)
647  StrRemoveLastSlash                                 isrt.obl(Str.obs)
648  StrReplace                                         isrt.obl(Str.obs)
649  StrToNumHex                                        isrt.obl(Str.obs)
650  StrToUpper                                         isrt.obl(Str.obs)
651  StrTrim                                            isrt.obl(Str.obs)
652  SysVarsInit                                        isrt.obl(SysVars.obs)
653  SysVarsTrace                                       isrt.obl(SysVars.obs)
654  SysVarsUnInit                                      isrt.obl(SysVars.obs)
655  System                                             isrt.obl(Misc.obs)
656  SystemRestoreCancelRestorePointIS                  isrt.obl(PCRestore.obs)
657  SystemRestoreCloseRestorePointIS                   isrt.obl(PCRestore.obs)
658  SystemRestoreDisableIS                             isrt.obl(PCRestore.obs)
659  SystemRestoreIsEnabledIS                           isrt.obl(PCRestore.obs)
660  SystemRestoreOpenRestorePointIS                    isrt.obl(PCRestore.obs)
661  TextSubGetValue                                    isrt.obl(TextSub.obs)
662  TextSubParseTextSub                                isrt.obl(TextSub.obs)
663  TextSubSetValue                                    isrt.obl(TextSub.obs)
664  TextSubSubstitute                                  isrt.obl(TextSub.obs)
665  TrimEnd                                            Setup.obs
666  TrimStart                                          Setup.obs
667  USER.EnableWindow                                  Setup.obs
668  USER.GetClassName                                  Setup.obs
669  USER.GetDC                                         Setup.obs
670  USER.GetDlgItem                                    Setup.obs
671  USER.GetFocus                                      Setup.obs
672  USER.GetWindowLong                                 Setup.obs
673  USER.GetWindowRect                                 Setup.obs
674  USER.IsIconic                                      Setup.obs
675  USER.IsWindow                                      Setup.obs
676  USER.PostMessage                                   Setup.obs
677  USER.ReleaseDC                                     Setup.obs
678  USER.SendMessageW                                  Setup.obs
679  USER.SetFocus                                      Setup.obs
680  USER.SetWindowPos                                  Setup.obs
681  USER.SetWindowText                                 Setup.obs
682  USER.ShowWindow                                    Setup.obs
683  USER32.CharUpperBuffW                              Setup.obs
684  USER32.DispatchMessage                             Setup.obs
685  USER32.GetDesktopWindow                            Setup.obs
686  USER32.GetSystemMetrics                            Setup.obs
687  USER32.GetWindowText                               Setup.obs
688  USER32.GetWindowTextLength                         Setup.obs
689  USER32.InvalidateRect                              Setup.obs
690  USER32.IsWindowVisible                             Setup.obs
691  USER32.MessageBoxW                                 Setup.obs
692  USER32.MsgWaitForMultipleObjects                   Setup.obs
693  USER32.PeekMessageW                                Setup.obs
694  USER32.SendMessageW                                Setup.obs
695  USER32.SetForegroundWindow                         Setup.obs
696  USER32.SetWindowLong                               Setup.obs
697  USER32.SetWindowRgn                                Setup.obs
698  USER32.TranslateMessage                            Setup.obs
699  USER32.WaitForInputIdle                            Setup.obs
700  UpdateDTUWebConfig                                 Setup.obs
701  UpdateServiceEnableUpdateService                   isrt.obl(ISUpdateService.obs)
702  VarInit                                            isrt.obl(SysVars.obs)
703  VarRestore                                         isrt.obl(SysVars.obs)
704  VarRestoreISRT                                     isrt.obl(SysVars.obs)
705  VarSave                                            isrt.obl(SysVars.obs)
706  VarSaveISRT                                        isrt.obl(SysVars.obs)
707  VerCompare                                         isrt.obl(version.obs)
708  VerProductCompareVersions                          isrt.obl(version.obs)
709  VerProductGetInstalledVersion                      isrt.obl(version.obs)
710  VerProductIsVersionSupported                       isrt.obl(version.obs)
711  VerProductNumToStr                                 isrt.obl(version.obs)
712  VerProductStrToNum                                 isrt.obl(version.obs)
713  VerProductVerFromVerParts                          isrt.obl(version.obs)
714  VerProductVerPartsFromVer                          isrt.obl(version.obs)
715  WaitForApplication                                 isrt.obl(Extend.obs)
716  WaitOnDialog                                       isrt.obl(CustomDialog.obs)
717  WizardDirection                                    ifx.obl(EventsSetupPriv.obs)
718  WriteLine                                          isrt.obl(Files.obs)
719  WriteProfInt                                       isrt.obl(Profile.obs)
720  WriteProfString                                    isrt.obl(Profile.obs)
721  WriteProperties                                    ifx.obl(PersistPropertyBag.obs)
722  WriteToLogFile                                     Setup.obs
723  XCopyFile                                          isrt.obl(Files.obs)
724  __ISRTDoExit                                       isrt.obl(Misc.obs)
725  __ISRTInit                                         isrt.obl(ISRTInit.obs)
726  __ISRTRestoreMainLog                               isrt.obl(ISRTInit.obs)
727  __ISRTRestoreMainLogEx                             isrt.obl(ISRTInit.obs)
728  __ISRTSetComponentLog                              isrt.obl(ISRTInit.obs)
729  __ISRTUnInit                                       isrt.obl(ISRTInit.obs)
730  __LoadIScriptString                                isrt.obl(LoadStr.obs)
731  onUpgradeUIBefore                                  Setup.obs
732  program                                            ifx.obl(EventsSetupPriv.obs)
733  sfc.SRSetRestorePointW                             Setup.obs


***** External Variables *****
1    ADDREMOVE                                          isrt.obl(DebugSymbols.obs)
2    ADDREMOVE_COMBINEDBUTTON                           Setup.obs
3    ADDREMOVE_HIDECHANGEOPTION                         Setup.obs
4    ADDREMOVE_HIDEREMOVEOPTION                         Setup.obs
5    ADDREMOVE_HIDEREPAIROPTION                         Setup.obs
6    ADDREMOVE_STRING_REMOVEONLY                        Setup.obs
7    ADDREMOVE_SYSTEMCOMPONENT                          Setup.obs
8    ADMINUSER                                          Setup.obs
9    ALLUSERS                                           Setup.obs
10   BASICMSI                                           isrt.obl(DebugSymbols.obs)
11   BATCH_INSTALL                                      Setup.obs
12   CMDLINE                                            isrt.obl(DebugSymbols.obs)
13   COMMONFILES                                        isrt.obl(DebugSymbols.obs)
14   COMMONFILES64                                      isrt.obl(DebugSymbols.obs)
15   DISABLE_ALLUSERBTN                                 Setup.obs
16   DISABLE_PERUSERBTN                                 Setup.obs
17   DISK1SETUPEXENAME                                  isrt.obl(DebugSymbols.obs)
18   DISK1TARGET                                        Setup.obs
19   ENABLED_ISERVICES                                  isrt.obl(DebugSymbols.obs)
20   ENGINECOMMONDIR                                    isrt.obl(DebugSymbols.obs)
21   ENGINEDIR                                          isrt.obl(DebugSymbols.obs)
22   ERRORFILENAME                                      Setup.obs
23   Err                                                Setup.obs
24   FILETIME                                           Setup.obs
25   FIND_DATAW                                         Setup.obs
26   FOLDER_APPDATA                                     isrt.obl(DebugSymbols.obs)
27   FOLDER_COMMON_APPDATA                              isrt.obl(DebugSymbols.obs)
28   FOLDER_DESKTOP                                     isrt.obl(DebugSymbols.obs)
29   FOLDER_DOTNET_10                                   isrt.obl(DebugSymbols.obs)
30   FOLDER_DOTNET_11                                   isrt.obl(DebugSymbols.obs)
31   FOLDER_DOTNET_20                                   isrt.obl(DebugSymbols.obs)
32   FOLDER_DOTNET_30                                   isrt.obl(DebugSymbols.obs)
33   FOLDER_DOTNET_35                                   isrt.obl(DebugSymbols.obs)
34   FOLDER_DOTNET_40                                   isrt.obl(DebugSymbols.obs)
35   FOLDER_FONTS                                       isrt.obl(DebugSymbols.obs)
36   FOLDER_LOCAL_APPDATA                               isrt.obl(DebugSymbols.obs)
37   FOLDER_PERSONAL                                    isrt.obl(DebugSymbols.obs)
38   FOLDER_PROGRAMS                                    isrt.obl(DebugSymbols.obs)
39   FOLDER_STARTMENU                                   isrt.obl(DebugSymbols.obs)
40   FOLDER_STARTUP                                     isrt.obl(DebugSymbols.obs)
41   FOLDER_TEMP                                        isrt.obl(DebugSymbols.obs)
42   FileRegistrar                                      Setup.obs
43   HIDE_DISABLED_BTNS                                 Setup.obs
44   HKEYCURRENTROOTKEY                                 Setup.obs
45   IFX_COMPANY_NAME                                   Setup.obs
46   IFX_DISK1INSTALLED                                 Setup.obs
47   IFX_INITIALIZED                                    Setup.obs
48   IFX_INSTALLED_DISPLAY_VERSION                      Setup.obs
49   IFX_INSTALLED_VERSION                              Setup.obs
50   IFX_KEYPATH_PRODUCT_INFO                           Setup.obs
51   IFX_MULTI_INSTANCE_SUFFIX                          Setup.obs
52   IFX_OPEN_RESTORE_POINT                             isrt.obl(PCRestore.obs)
53   IFX_PRODUCT_COMMENTS                               Setup.obs
54   IFX_PRODUCT_DISPLAY_NAME                           Setup.obs
55   IFX_PRODUCT_DISPLAY_VERSION                        Setup.obs
56   IFX_PRODUCT_ICON                                   Setup.obs
57   IFX_PRODUCT_KEY                                    Setup.obs
58   IFX_PRODUCT_NAME                                   Setup.obs
59   IFX_PRODUCT_README                                 Setup.obs
60   IFX_PRODUCT_REGISTEREDCOMPANY                      Setup.obs
61   IFX_PRODUCT_REGISTEREDOWNER                        Setup.obs
62   IFX_PRODUCT_REGISTEREDSERIALNUM                    Setup.obs
63   IFX_PRODUCT_SUPPORT_CONTACT                        Setup.obs
64   IFX_PRODUCT_SUPPORT_PHONE                          Setup.obs
65   IFX_PRODUCT_SUPPORT_URL                            Setup.obs
66   IFX_PRODUCT_UPDATE_URL                             Setup.obs
67   IFX_PRODUCT_URL                                    Setup.obs
68   IFX_PRODUCT_VERSION                                Setup.obs
69   IFX_RESTORE_DISABLED                               isrt.obl(PCRestore.obs)
70   IFX_SETUP_TITLE                                    Setup.obs
71   IFX_SUPPORTED_VERSIONS                             Setup.obs
72   IISROOTFOLDER                                      isrt.obl(DebugSymbols.obs)
73   INSTALLSCRIPTMSI                                   isrt.obl(DebugSymbols.obs)
74   INSTALLSCRIPTMSIEEUI                               isrt.obl(DebugSymbols.obs)
75   INSTANCE_GUID                                      isrt.obl(DebugSymbols.obs)
76   ISDIFXAPPID                                        Setup.obs
77   ISRES                                              isrt.obl(DebugSymbols.obs)
78   ISUSER                                             isrt.obl(DebugSymbols.obs)
79   ISUTIL_FUNCTION_ACTUAL_ERROR                       Setup.obs
80   ISUTIL_LINE_NUMBER                                 Setup.obs
81   ISUTIL_SCRIPT_FILE                                 Setup.obs
82   ISVERSION                                          isrt.obl(DebugSymbols.obs)
83   IS_NULLSTR_PTR                                     Setup.obs
84   InetSRCDIR                                         Setup.obs
85   LAAW_PARAMETERS                                    Setup.obs
86   LAAW_PROCESS_INFORMATION                           Setup.obs
87   LAAW_SHELLEXECUTEINFO                              Setup.obs
88   LAAW_SHELLEXECUTEVERB                              Setup.obs
89   LAAW_STARTUPINFO                                   Setup.obs
90   LAST_RESULT                                        Setup.obs
91   LogDB                                              Setup.obs
92   MAINTENANCE                                        isrt.obl(DebugSymbols.obs)
93   MAINT_OPTION                                       isrt.obl(DebugSymbols.obs)
94   MEDIA                                              Setup.obs
95   MEDIA_INFO                                         isrt.obl(Feature.obs)
96   MODE                                               Setup.obs
97   MSG                                                Setup.obs
98   MULTI_INSTANCE_COUNT                               isrt.obl(DebugSymbols.obs)
99   MainWindow                                         Setup.obs
100  NOTHING                                            Setup.obs
101  OSINFO_PLATFORM_INFO                               Setup.obs
102  OSINFO_PROCESSOR_INFO                              Setup.obs
103  OSVERSIONINFOEXW                                   Setup.obs
104  OSVERSIONINFOW                                     Setup.obs
105  Objects                                            Setup.obs
106  PACKAGE_LOCATION                                   isrt.obl(DebugSymbols.obs)
107  POINT                                              Setup.obs
108  PRIVILEGED                                         Setup.obs
109  PROCESS_INFORMATION                                Setup.obs
110  PRODUCT_GUID                                       isrt.obl(DebugSymbols.obs)
111  PROGRAMFILES                                       isrt.obl(DebugSymbols.obs)
112  PROGRAMFILES64                                     isrt.obl(DebugSymbols.obs)
113  RECT                                               Setup.obs
114  REGDB_OPTIONS                                      Setup.obs
115  REINSTALLMODE                                      isrt.obl(DebugSymbols.obs)
116  REMOVEALLMODE                                      isrt.obl(DebugSymbols.obs)
117  REMOVEONLY                                         isrt.obl(DebugSymbols.obs)
118  RUN_ONCE_PROGRAM                                   isrt.obl(DebugSymbols.obs)
119  Reboot                                             Setup.obs
120  SELECTED_LANGUAGE                                  isrt.obl(DebugSymbols.obs)
121  SERVICE_IS_PARAMS                                  Setup.obs
122  SETUPTYPE_STR_COMPACT                              Setup.obs
123  SETUPTYPE_STR_COMPLETE                             Setup.obs
124  SETUPTYPE_STR_CUSTOM                               Setup.obs
125  SETUPTYPE_STR_TYPICAL                              Setup.obs
126  SHAREDSUPPORTDIR                                   isrt.obl(DebugSymbols.obs)
127  SHELLEXECUTEINFOW                                  Setup.obs
128  SHELL_OBJECT_FOLDER                                Setup.obs
129  SHOW_PASSWORD_DIALOG                               isrt.obl(DebugSymbols.obs)
130  SRCDIR                                             Setup.obs
131  SRCDISK                                            isrt.obl(DebugSymbols.obs)
132  STANDARD_SELECTED_LANGUAGE                         isrt.obl(DebugSymbols.obs)
133  STARTUPINFOW                                       Setup.obs
134  SUPPORTDIR                                         isrt.obl(DebugSymbols.obs)
135  SYSINFO                                            Setup.obs
136  SYSPROCESSORINFO                                   Setup.obs
137  SYSTEMTIME                                         Setup.obs
138  SetupInfo                                          Setup.obs
139  StatusDlg                                          Setup.obs
140  TARGETDIR                                          Setup.obs
141  TARGETDISK                                         isrt.obl(DebugSymbols.obs)
142  TextSub                                            Setup.obs
143  UNINST                                             Setup.obs
144  UNINSTALLKEY                                       Setup.obs
145  UNINSTALL_DISPLAYNAME                              Setup.obs
146  UNINSTALL_STRING                                   Setup.obs
147  UPDATEMODE                                         Setup.obs
148  WINDIR                                             isrt.obl(DebugSymbols.obs)
149  WINDISK                                            isrt.obl(DebugSymbols.obs)
150  WINSYSDIR                                          isrt.obl(DebugSymbols.obs)
151  WINSYSDIR64                                        isrt.obl(DebugSymbols.obs)
152  WINSYSDISK                                         isrt.obl(DebugSymbols.obs)
153  _FONTFILEINFO                                      Setup.obs
154  _INT64                                             Setup.obs
155  _ISDIFXINSTALLERINFO                               isrt.obl(ISDIFx.obs)
156  _LAAW_PARAMETERS                                   Setup.obs
157  _LAAW_TEMP_DATA                                    isrt.obl(Extend.obs)
158  _RESTOREPOINTINFO                                  Setup.obs
159  _SERVICE_IS_PARAMS                                 Setup.obs
160  _STATEMGRSTATUS                                    Setup.obs
161  _WIN9X                                             Setup.obs
162  _WINNT                                             Setup.obs
163  __hContext                                         ifx.obl(EventsPriv.obs)
164  __objGlobalTextSub                                 Setup.obs
165  __szGUID                                           Setup.obs
166  bBackButton                                        Setup.obs
167  bCancelButton                                      Setup.obs
168  bEnterDiskBeep                                     Setup.obs
169  bFinishButton                                      Setup.obs
170  bIFXLFNoToAll                                      Setup.obs
171  bIFXLFOnRebootToAll                                Setup.obs
172  bIFXLFYesToAll                                     Setup.obs
173  bIFXMD5IgnoreToAll                                 Setup.obs
174  bIFXRONoToAll                                      Setup.obs
175  bIFXROYesToAll                                     Setup.obs
176  bIFXSFNoToAll                                      Setup.obs
177  bIFXSFYesToAll                                     Setup.obs
178  bInstall16                                         Setup.obs
179  bNextButton                                        Setup.obs
180  bSdInit                                            Setup.obs
181  bViewCmptKunits                                    Setup.obs
182  bViewCmptUseDecimal                                Setup.obs
183  g_bSQLRTInitialized                                Setup.obs
184  g_bSuppressMissingStringWarning                    isrt.obl(Enable.obs)
185  nDlgAskOptions                                     isrt.obl(Activation.obs)
186  nDlgAskYesNo                                       isrt.obl(Activation.obs)
187  nDlgEnterPassword                                  isrt.obl(Activation.obs)
188  nDlgMessageBox                                     isrt.obl(Activation.obs)
189  nDlgSQLSELECTLOGIN                                 isrt.obl(Activation.obs)
190  nDlgSelectDir                                      isrt.obl(Activation.obs)
191  nDlgSprintfBox                                     isrt.obl(Activation.obs)
192  nSdAskDestPath                                     Setup.obs
193  nSdFinish                                          Setup.obs
194  nSdFinishReboot                                    Setup.obs
195  nSdWelcome                                         Setup.obs
196  szAppKey                                           Setup.obs
197  szSdProduct                                        Setup.obs
198  szSdStr_NotEnoughSpace                             Setup.obs
